CRITICAL - 2024-06-07 01:04:38 --> Attempt to read property "course_full_name" on null
#0 /home3/jeansuco/hubtechitsolutions.com/app/Views/course-detail.php(10): CodeIgniter\Debug\Exceptions->errorHandler(2, 'Attempt to read...', '/home3/jeansuco...', 10)
#1 /home3/jeansuco/hubtechitsolutions.com/system/View/View.php(210): include('/home3/jeansuco...')
#2 /home3/jeansuco/hubtechitsolutions.com/system/View/View.php(213): CodeIgniter\View\View->CodeIgniter\View\{closure}()
#3 /home3/jeansuco/hubtechitsolutions.com/system/Common.php(1089): CodeIgniter\View\View->render('course-detail', Array, true)
#4 /home3/jeansuco/hubtechitsolutions.com/app/Controllers/Home.php(40): view('course-detail', Array)
#5 /home3/jeansuco/hubtechitsolutions.com/system/CodeIgniter.php(825): App\Controllers\Home->course_details('event-grid.html')
#6 /home3/jeansuco/hubtechitsolutions.com/system/CodeIgniter.php(412): CodeIgniter\CodeIgniter->runController(Object(App\Controllers\Home))
#7 /home3/jeansuco/hubtechitsolutions.com/system/CodeIgniter.php(320): CodeIgniter\CodeIgniter->handleRequest(NULL, Object(Config\Cache), false)
#8 /home3/jeansuco/hubtechitsolutions.com/index.php(37): CodeIgniter\CodeIgniter->run()
#9 {main}
CRITICAL - 2024-06-07 01:21:35 --> Attempt to read property "course_full_name" on null
#0 /home3/jeansuco/hubtechitsolutions.com/app/Views/course-detail.php(10): CodeIgniter\Debug\Exceptions->errorHandler(2, 'Attempt to read...', '/home3/jeansuco...', 10)
#1 /home3/jeansuco/hubtechitsolutions.com/system/View/View.php(210): include('/home3/jeansuco...')
#2 /home3/jeansuco/hubtechitsolutions.com/system/View/View.php(213): CodeIgniter\View\View->CodeIgniter\View\{closure}()
#3 /home3/jeansuco/hubtechitsolutions.com/system/Common.php(1089): CodeIgniter\View\View->render('course-detail', Array, true)
#4 /home3/jeansuco/hubtechitsolutions.com/app/Controllers/Home.php(40): view('course-detail', Array)
#5 /home3/jeansuco/hubtechitsolutions.com/system/CodeIgniter.php(825): App\Controllers\Home->course_details('course-three.ht...')
#6 /home3/jeansuco/hubtechitsolutions.com/system/CodeIgniter.php(412): CodeIgniter\CodeIgniter->runController(Object(App\Controllers\Home))
#7 /home3/jeansuco/hubtechitsolutions.com/system/CodeIgniter.php(320): CodeIgniter\CodeIgniter->handleRequest(NULL, Object(Config\Cache), false)
#8 /home3/jeansuco/hubtechitsolutions.com/index.php(37): CodeIgniter\CodeIgniter->run()
#9 {main}
CRITICAL - 2024-06-07 02:21:16 --> Attempt to read property "course_full_name" on null
#0 /home3/jeansuco/hubtechitsolutions.com/app/Views/course-detail.php(10): CodeIgniter\Debug\Exceptions->errorHandler(2, 'Attempt to read...', '/home3/jeansuco...', 10)
#1 /home3/jeansuco/hubtechitsolutions.com/system/View/View.php(210): include('/home3/jeansuco...')
#2 /home3/jeansuco/hubtechitsolutions.com/system/View/View.php(213): CodeIgniter\View\View->CodeIgniter\View\{closure}()
#3 /home3/jeansuco/hubtechitsolutions.com/system/Common.php(1089): CodeIgniter\View\View->render('course-detail', Array, true)
#4 /home3/jeansuco/hubtechitsolutions.com/app/Controllers/Home.php(40): view('course-detail', Array)
#5 /home3/jeansuco/hubtechitsolutions.com/system/CodeIgniter.php(825): App\Controllers\Home->course_details('event-grid.html')
#6 /home3/jeansuco/hubtechitsolutions.com/system/CodeIgniter.php(412): CodeIgniter\CodeIgniter->runController(Object(App\Controllers\Home))
#7 /home3/jeansuco/hubtechitsolutions.com/system/CodeIgniter.php(320): CodeIgniter\CodeIgniter->handleRequest(NULL, Object(Config\Cache), false)
#8 /home3/jeansuco/hubtechitsolutions.com/index.php(37): CodeIgniter\CodeIgniter->run()
#9 {main}
CRITICAL - 2024-06-07 02:44:15 --> Attempt to read property "course_full_name" on null
#0 /home3/jeansuco/hubtechitsolutions.com/app/Views/course-detail.php(10): CodeIgniter\Debug\Exceptions->errorHandler(2, 'Attempt to read...', '/home3/jeansuco...', 10)
#1 /home3/jeansuco/hubtechitsolutions.com/system/View/View.php(210): include('/home3/jeansuco...')
#2 /home3/jeansuco/hubtechitsolutions.com/system/View/View.php(213): CodeIgniter\View\View->CodeIgniter\View\{closure}()
#3 /home3/jeansuco/hubtechitsolutions.com/system/Common.php(1089): CodeIgniter\View\View->render('course-detail', Array, true)
#4 /home3/jeansuco/hubtechitsolutions.com/app/Controllers/Home.php(40): view('course-detail', Array)
#5 /home3/jeansuco/hubtechitsolutions.com/system/CodeIgniter.php(825): App\Controllers\Home->course_details('event-grid.html')
#6 /home3/jeansuco/hubtechitsolutions.com/system/CodeIgniter.php(412): CodeIgniter\CodeIgniter->runController(Object(App\Controllers\Home))
#7 /home3/jeansuco/hubtechitsolutions.com/system/CodeIgniter.php(320): CodeIgniter\CodeIgniter->handleRequest(NULL, Object(Config\Cache), false)
#8 /home3/jeansuco/hubtechitsolutions.com/index.php(37): CodeIgniter\CodeIgniter->run()
#9 {main}
CRITICAL - 2024-06-07 05:00:32 --> Attempt to read property "course_full_name" on null
#0 /home3/jeansuco/hubtechitsolutions.com/app/Views/course-detail.php(10): CodeIgniter\Debug\Exceptions->errorHandler(2, 'Attempt to read...', '/home3/jeansuco...', 10)
#1 /home3/jeansuco/hubtechitsolutions.com/system/View/View.php(210): include('/home3/jeansuco...')
#2 /home3/jeansuco/hubtechitsolutions.com/system/View/View.php(213): CodeIgniter\View\View->CodeIgniter\View\{closure}()
#3 /home3/jeansuco/hubtechitsolutions.com/system/Common.php(1089): CodeIgniter\View\View->render('course-detail', Array, true)
#4 /home3/jeansuco/hubtechitsolutions.com/app/Controllers/Home.php(40): view('course-detail', Array)
#5 /home3/jeansuco/hubtechitsolutions.com/system/CodeIgniter.php(825): App\Controllers\Home->course_details('course-two.html')
#6 /home3/jeansuco/hubtechitsolutions.com/system/CodeIgniter.php(412): CodeIgniter\CodeIgniter->runController(Object(App\Controllers\Home))
#7 /home3/jeansuco/hubtechitsolutions.com/system/CodeIgniter.php(320): CodeIgniter\CodeIgniter->handleRequest(NULL, Object(Config\Cache), false)
#8 /home3/jeansuco/hubtechitsolutions.com/index.php(37): CodeIgniter\CodeIgniter->run()
#9 {main}
CRITICAL - 2024-06-07 11:19:08 --> Attempt to read property "course_full_name" on null
#0 /home3/jeansuco/hubtechitsolutions.com/app/Views/course-detail.php(10): CodeIgniter\Debug\Exceptions->errorHandler(2, 'Attempt to read...', '/home3/jeansuco...', 10)
#1 /home3/jeansuco/hubtechitsolutions.com/system/View/View.php(210): include('/home3/jeansuco...')
#2 /home3/jeansuco/hubtechitsolutions.com/system/View/View.php(213): CodeIgniter\View\View->CodeIgniter\View\{closure}()
#3 /home3/jeansuco/hubtechitsolutions.com/system/Common.php(1089): CodeIgniter\View\View->render('course-detail', Array, true)
#4 /home3/jeansuco/hubtechitsolutions.com/app/Controllers/Home.php(40): view('course-detail', Array)
#5 /home3/jeansuco/hubtechitsolutions.com/system/CodeIgniter.php(825): App\Controllers\Home->course_details('team-one.html')
#6 /home3/jeansuco/hubtechitsolutions.com/system/CodeIgniter.php(412): CodeIgniter\CodeIgniter->runController(Object(App\Controllers\Home))
#7 /home3/jeansuco/hubtechitsolutions.com/system/CodeIgniter.php(320): CodeIgniter\CodeIgniter->handleRequest(NULL, Object(Config\Cache), false)
#8 /home3/jeansuco/hubtechitsolutions.com/index.php(37): CodeIgniter\CodeIgniter->run()
#9 {main}
CRITICAL - 2024-06-07 11:48:37 --> Attempt to read property "course_full_name" on null
#0 /home3/jeansuco/hubtechitsolutions.com/app/Views/course-detail.php(10): CodeIgniter\Debug\Exceptions->errorHandler(2, 'Attempt to read...', '/home3/jeansuco...', 10)
#1 /home3/jeansuco/hubtechitsolutions.com/system/View/View.php(210): include('/home3/jeansuco...')
#2 /home3/jeansuco/hubtechitsolutions.com/system/View/View.php(213): CodeIgniter\View\View->CodeIgniter\View\{closure}()
#3 /home3/jeansuco/hubtechitsolutions.com/system/Common.php(1089): CodeIgniter\View\View->render('course-detail', Array, true)
#4 /home3/jeansuco/hubtechitsolutions.com/app/Controllers/Home.php(40): view('course-detail', Array)
#5 /home3/jeansuco/hubtechitsolutions.com/system/CodeIgniter.php(825): App\Controllers\Home->course_details('course-three.ht...')
#6 /home3/jeansuco/hubtechitsolutions.com/system/CodeIgniter.php(412): CodeIgniter\CodeIgniter->runController(Object(App\Controllers\Home))
#7 /home3/jeansuco/hubtechitsolutions.com/system/CodeIgniter.php(320): CodeIgniter\CodeIgniter->handleRequest(NULL, Object(Config\Cache), false)
#8 /home3/jeansuco/hubtechitsolutions.com/index.php(37): CodeIgniter\CodeIgniter->run()
#9 {main}
CRITICAL - 2024-06-07 14:03:03 --> Attempt to read property "course_full_name" on null
#0 /home3/jeansuco/hubtechitsolutions.com/app/Views/course-detail.php(10): CodeIgniter\Debug\Exceptions->errorHandler(2, 'Attempt to read...', '/home3/jeansuco...', 10)
#1 /home3/jeansuco/hubtechitsolutions.com/system/View/View.php(210): include('/home3/jeansuco...')
#2 /home3/jeansuco/hubtechitsolutions.com/system/View/View.php(213): CodeIgniter\View\View->CodeIgniter\View\{closure}()
#3 /home3/jeansuco/hubtechitsolutions.com/system/Common.php(1089): CodeIgniter\View\View->render('course-detail', Array, true)
#4 /home3/jeansuco/hubtechitsolutions.com/app/Controllers/Home.php(40): view('course-detail', Array)
#5 /home3/jeansuco/hubtechitsolutions.com/system/CodeIgniter.php(825): App\Controllers\Home->course_details('course-four.htm...')
#6 /home3/jeansuco/hubtechitsolutions.com/system/CodeIgniter.php(412): CodeIgniter\CodeIgniter->runController(Object(App\Controllers\Home))
#7 /home3/jeansuco/hubtechitsolutions.com/system/CodeIgniter.php(320): CodeIgniter\CodeIgniter->handleRequest(NULL, Object(Config\Cache), false)
#8 /home3/jeansuco/hubtechitsolutions.com/index.php(37): CodeIgniter\CodeIgniter->run()
#9 {main}
CRITICAL - 2024-06-07 14:41:51 --> Attempt to read property "course_full_name" on null
#0 /home3/jeansuco/hubtechitsolutions.com/app/Views/course-detail.php(10): CodeIgniter\Debug\Exceptions->errorHandler(2, 'Attempt to read...', '/home3/jeansuco...', 10)
#1 /home3/jeansuco/hubtechitsolutions.com/system/View/View.php(210): include('/home3/jeansuco...')
#2 /home3/jeansuco/hubtechitsolutions.com/system/View/View.php(213): CodeIgniter\View\View->CodeIgniter\View\{closure}()
#3 /home3/jeansuco/hubtechitsolutions.com/system/Common.php(1089): CodeIgniter\View\View->render('course-detail', Array, true)
#4 /home3/jeansuco/hubtechitsolutions.com/app/Controllers/Home.php(40): view('course-detail', Array)
#5 /home3/jeansuco/hubtechitsolutions.com/system/CodeIgniter.php(825): App\Controllers\Home->course_details('course-five.htm...')
#6 /home3/jeansuco/hubtechitsolutions.com/system/CodeIgniter.php(412): CodeIgniter\CodeIgniter->runController(Object(App\Controllers\Home))
#7 /home3/jeansuco/hubtechitsolutions.com/system/CodeIgniter.php(320): CodeIgniter\CodeIgniter->handleRequest(NULL, Object(Config\Cache), false)
#8 /home3/jeansuco/hubtechitsolutions.com/index.php(37): CodeIgniter\CodeIgniter->run()
#9 {main}
CRITICAL - 2024-06-07 17:00:32 --> Attempt to read property "course_full_name" on null
#0 /home3/jeansuco/hubtechitsolutions.com/app/Views/course-detail.php(10): CodeIgniter\Debug\Exceptions->errorHandler(2, 'Attempt to read...', '/home3/jeansuco...', 10)
#1 /home3/jeansuco/hubtechitsolutions.com/system/View/View.php(210): include('/home3/jeansuco...')
#2 /home3/jeansuco/hubtechitsolutions.com/system/View/View.php(213): CodeIgniter\View\View->CodeIgniter\View\{closure}()
#3 /home3/jeansuco/hubtechitsolutions.com/system/Common.php(1089): CodeIgniter\View\View->render('course-detail', Array, true)
#4 /home3/jeansuco/hubtechitsolutions.com/app/Controllers/Home.php(40): view('course-detail', Array)
#5 /home3/jeansuco/hubtechitsolutions.com/system/CodeIgniter.php(825): App\Controllers\Home->course_details('course-one.html')
#6 /home3/jeansuco/hubtechitsolutions.com/system/CodeIgniter.php(412): CodeIgniter\CodeIgniter->runController(Object(App\Controllers\Home))
#7 /home3/jeansuco/hubtechitsolutions.com/system/CodeIgniter.php(320): CodeIgniter\CodeIgniter->handleRequest(NULL, Object(Config\Cache), false)
#8 /home3/jeansuco/hubtechitsolutions.com/index.php(37): CodeIgniter\CodeIgniter->run()
#9 {main}
CRITICAL - 2024-06-07 18:55:59 --> Attempt to read property "course_full_name" on null
#0 /home3/jeansuco/hubtechitsolutions.com/app/Views/course-detail.php(10): CodeIgniter\Debug\Exceptions->errorHandler(2, 'Attempt to read...', '/home3/jeansuco...', 10)
#1 /home3/jeansuco/hubtechitsolutions.com/system/View/View.php(210): include('/home3/jeansuco...')
#2 /home3/jeansuco/hubtechitsolutions.com/system/View/View.php(213): CodeIgniter\View\View->CodeIgniter\View\{closure}()
#3 /home3/jeansuco/hubtechitsolutions.com/system/Common.php(1089): CodeIgniter\View\View->render('course-detail', Array, true)
#4 /home3/jeansuco/hubtechitsolutions.com/app/Controllers/Home.php(40): view('course-detail', Array)
#5 /home3/jeansuco/hubtechitsolutions.com/system/CodeIgniter.php(825): App\Controllers\Home->course_details('index.html')
#6 /home3/jeansuco/hubtechitsolutions.com/system/CodeIgniter.php(412): CodeIgniter\CodeIgniter->runController(Object(App\Controllers\Home))
#7 /home3/jeansuco/hubtechitsolutions.com/system/CodeIgniter.php(320): CodeIgniter\CodeIgniter->handleRequest(NULL, Object(Config\Cache), false)
#8 /home3/jeansuco/hubtechitsolutions.com/index.php(37): CodeIgniter\CodeIgniter->run()
#9 {main}
CRITICAL - 2024-06-07 22:25:26 --> Attempt to read property "course_full_name" on null
#0 /home3/jeansuco/hubtechitsolutions.com/app/Views/course-detail.php(10): CodeIgniter\Debug\Exceptions->errorHandler(2, 'Attempt to read...', '/home3/jeansuco...', 10)
#1 /home3/jeansuco/hubtechitsolutions.com/system/View/View.php(210): include('/home3/jeansuco...')
#2 /home3/jeansuco/hubtechitsolutions.com/system/View/View.php(213): CodeIgniter\View\View->CodeIgniter\View\{closure}()
#3 /home3/jeansuco/hubtechitsolutions.com/system/Common.php(1089): CodeIgniter\View\View->render('course-detail', Array, true)
#4 /home3/jeansuco/hubtechitsolutions.com/app/Controllers/Home.php(40): view('course-detail', Array)
#5 /home3/jeansuco/hubtechitsolutions.com/system/CodeIgniter.php(825): App\Controllers\Home->course_details('event-grid.html')
#6 /home3/jeansuco/hubtechitsolutions.com/system/CodeIgniter.php(412): CodeIgniter\CodeIgniter->runController(Object(App\Controllers\Home))
#7 /home3/jeansuco/hubtechitsolutions.com/system/CodeIgniter.php(320): CodeIgniter\CodeIgniter->handleRequest(NULL, Object(Config\Cache), false)
#8 /home3/jeansuco/hubtechitsolutions.com/index.php(37): CodeIgniter\CodeIgniter->run()
#9 {main}
