CRITICAL - 2023-03-02 22:41:28 --> Trying to get property 'image' of non-object
#0 C:\xampp\htdocs\ci4\hubtech\app\Views\auth\edit_profile.php(20): CodeIgniter\Debug\Exceptions->errorHandler(8, 'Trying to get p...', 'C:\\xampp\\htdocs...', 20, Array)
#1 C:\xampp\htdocs\ci4\hubtech\system\View\View.php(210): include('C:\\xampp\\htdocs...')
#2 C:\xampp\htdocs\ci4\hubtech\system\View\View.php(213): CodeIgniter\View\View->CodeIgniter\View\{closure}()
#3 C:\xampp\htdocs\ci4\hubtech\system\Common.php(1089): CodeIgniter\View\View->render('auth/edit_profi...', Array, true)
#4 C:\xampp\htdocs\ci4\hubtech\app\Controllers\Auth.php(108): view('auth/edit_profi...', Array)
#5 C:\xampp\htdocs\ci4\hubtech\system\CodeIgniter.php(825): App\Controllers\Auth->edit_profile()
#6 C:\xampp\htdocs\ci4\hubtech\system\CodeIgniter.php(412): CodeIgniter\CodeIgniter->runController(Object(App\Controllers\Auth))
#7 C:\xampp\htdocs\ci4\hubtech\system\CodeIgniter.php(320): CodeIgniter\CodeIgniter->handleRequest(NULL, Object(Config\Cache), false)
#8 C:\xampp\htdocs\ci4\hubtech\index.php(37): CodeIgniter\CodeIgniter->run()
#9 {main}
CRITICAL - 2023-03-02 22:41:40 --> Trying to get property 'image' of non-object
#0 C:\xampp\htdocs\ci4\hubtech\app\Views\auth\edit_profile.php(20): CodeIgniter\Debug\Exceptions->errorHandler(8, 'Trying to get p...', 'C:\\xampp\\htdocs...', 20, Array)
#1 C:\xampp\htdocs\ci4\hubtech\system\View\View.php(210): include('C:\\xampp\\htdocs...')
#2 C:\xampp\htdocs\ci4\hubtech\system\View\View.php(213): CodeIgniter\View\View->CodeIgniter\View\{closure}()
#3 C:\xampp\htdocs\ci4\hubtech\system\Common.php(1089): CodeIgniter\View\View->render('auth/edit_profi...', Array, true)
#4 C:\xampp\htdocs\ci4\hubtech\app\Controllers\Auth.php(108): view('auth/edit_profi...', Array)
#5 C:\xampp\htdocs\ci4\hubtech\system\CodeIgniter.php(825): App\Controllers\Auth->edit_profile()
#6 C:\xampp\htdocs\ci4\hubtech\system\CodeIgniter.php(412): CodeIgniter\CodeIgniter->runController(Object(App\Controllers\Auth))
#7 C:\xampp\htdocs\ci4\hubtech\system\CodeIgniter.php(320): CodeIgniter\CodeIgniter->handleRequest(NULL, Object(Config\Cache), false)
#8 C:\xampp\htdocs\ci4\hubtech\index.php(37): CodeIgniter\CodeIgniter->run()
#9 {main}
CRITICAL - 2023-03-02 22:41:48 --> Trying to get property 'image' of non-object
#0 C:\xampp\htdocs\ci4\hubtech\app\Views\auth\edit_profile.php(20): CodeIgniter\Debug\Exceptions->errorHandler(8, 'Trying to get p...', 'C:\\xampp\\htdocs...', 20, Array)
#1 C:\xampp\htdocs\ci4\hubtech\system\View\View.php(210): include('C:\\xampp\\htdocs...')
#2 C:\xampp\htdocs\ci4\hubtech\system\View\View.php(213): CodeIgniter\View\View->CodeIgniter\View\{closure}()
#3 C:\xampp\htdocs\ci4\hubtech\system\Common.php(1089): CodeIgniter\View\View->render('auth/edit_profi...', Array, true)
#4 C:\xampp\htdocs\ci4\hubtech\app\Controllers\Auth.php(108): view('auth/edit_profi...', Array)
#5 C:\xampp\htdocs\ci4\hubtech\system\CodeIgniter.php(825): App\Controllers\Auth->edit_profile()
#6 C:\xampp\htdocs\ci4\hubtech\system\CodeIgniter.php(412): CodeIgniter\CodeIgniter->runController(Object(App\Controllers\Auth))
#7 C:\xampp\htdocs\ci4\hubtech\system\CodeIgniter.php(320): CodeIgniter\CodeIgniter->handleRequest(NULL, Object(Config\Cache), false)
#8 C:\xampp\htdocs\ci4\hubtech\index.php(37): CodeIgniter\CodeIgniter->run()
#9 {main}
CRITICAL - 2023-03-02 22:42:43 --> Trying to get property 'image' of non-object
#0 C:\xampp\htdocs\ci4\hubtech\app\Views\auth\edit_profile.php(20): CodeIgniter\Debug\Exceptions->errorHandler(8, 'Trying to get p...', 'C:\\xampp\\htdocs...', 20, Array)
#1 C:\xampp\htdocs\ci4\hubtech\system\View\View.php(210): include('C:\\xampp\\htdocs...')
#2 C:\xampp\htdocs\ci4\hubtech\system\View\View.php(213): CodeIgniter\View\View->CodeIgniter\View\{closure}()
#3 C:\xampp\htdocs\ci4\hubtech\system\Common.php(1089): CodeIgniter\View\View->render('auth/edit_profi...', Array, true)
#4 C:\xampp\htdocs\ci4\hubtech\app\Controllers\Auth.php(108): view('auth/edit_profi...', Array)
#5 C:\xampp\htdocs\ci4\hubtech\system\CodeIgniter.php(825): App\Controllers\Auth->edit_profile()
#6 C:\xampp\htdocs\ci4\hubtech\system\CodeIgniter.php(412): CodeIgniter\CodeIgniter->runController(Object(App\Controllers\Auth))
#7 C:\xampp\htdocs\ci4\hubtech\system\CodeIgniter.php(320): CodeIgniter\CodeIgniter->handleRequest(NULL, Object(Config\Cache), false)
#8 C:\xampp\htdocs\ci4\hubtech\index.php(37): CodeIgniter\CodeIgniter->run()
#9 {main}
CRITICAL - 2023-03-02 22:53:49 --> Trying to get property 'image' of non-object
#0 C:\xampp\htdocs\ci4\hubtech\app\Views\auth\edit_profile.php(20): CodeIgniter\Debug\Exceptions->errorHandler(8, 'Trying to get p...', 'C:\\xampp\\htdocs...', 20, Array)
#1 C:\xampp\htdocs\ci4\hubtech\system\View\View.php(210): include('C:\\xampp\\htdocs...')
#2 C:\xampp\htdocs\ci4\hubtech\system\View\View.php(213): CodeIgniter\View\View->CodeIgniter\View\{closure}()
#3 C:\xampp\htdocs\ci4\hubtech\system\Common.php(1089): CodeIgniter\View\View->render('auth/edit_profi...', Array, true)
#4 C:\xampp\htdocs\ci4\hubtech\app\Controllers\Auth.php(111): view('auth/edit_profi...', Array)
#5 C:\xampp\htdocs\ci4\hubtech\system\CodeIgniter.php(825): App\Controllers\Auth->edit_profile()
#6 C:\xampp\htdocs\ci4\hubtech\system\CodeIgniter.php(412): CodeIgniter\CodeIgniter->runController(Object(App\Controllers\Auth))
#7 C:\xampp\htdocs\ci4\hubtech\system\CodeIgniter.php(320): CodeIgniter\CodeIgniter->handleRequest(NULL, Object(Config\Cache), false)
#8 C:\xampp\htdocs\ci4\hubtech\index.php(37): CodeIgniter\CodeIgniter->run()
#9 {main}
CRITICAL - 2023-03-02 22:54:49 --> Trying to get property 'image' of non-object
#0 C:\xampp\htdocs\ci4\hubtech\app\Views\auth\edit_profile.php(20): CodeIgniter\Debug\Exceptions->errorHandler(8, 'Trying to get p...', 'C:\\xampp\\htdocs...', 20, Array)
#1 C:\xampp\htdocs\ci4\hubtech\system\View\View.php(210): include('C:\\xampp\\htdocs...')
#2 C:\xampp\htdocs\ci4\hubtech\system\View\View.php(213): CodeIgniter\View\View->CodeIgniter\View\{closure}()
#3 C:\xampp\htdocs\ci4\hubtech\system\Common.php(1089): CodeIgniter\View\View->render('auth/edit_profi...', Array, true)
#4 C:\xampp\htdocs\ci4\hubtech\app\Controllers\Auth.php(111): view('auth/edit_profi...', Array)
#5 C:\xampp\htdocs\ci4\hubtech\system\CodeIgniter.php(825): App\Controllers\Auth->edit_profile()
#6 C:\xampp\htdocs\ci4\hubtech\system\CodeIgniter.php(412): CodeIgniter\CodeIgniter->runController(Object(App\Controllers\Auth))
#7 C:\xampp\htdocs\ci4\hubtech\system\CodeIgniter.php(320): CodeIgniter\CodeIgniter->handleRequest(NULL, Object(Config\Cache), false)
#8 C:\xampp\htdocs\ci4\hubtech\index.php(37): CodeIgniter\CodeIgniter->run()
#9 {main}
CRITICAL - 2023-03-02 22:56:14 --> Trying to get property 'image' of non-object
#0 C:\xampp\htdocs\ci4\hubtech\app\Views\auth\edit_profile.php(20): CodeIgniter\Debug\Exceptions->errorHandler(8, 'Trying to get p...', 'C:\\xampp\\htdocs...', 20, Array)
#1 C:\xampp\htdocs\ci4\hubtech\system\View\View.php(210): include('C:\\xampp\\htdocs...')
#2 C:\xampp\htdocs\ci4\hubtech\system\View\View.php(213): CodeIgniter\View\View->CodeIgniter\View\{closure}()
#3 C:\xampp\htdocs\ci4\hubtech\system\Common.php(1089): CodeIgniter\View\View->render('auth/edit_profi...', Array, true)
#4 C:\xampp\htdocs\ci4\hubtech\app\Controllers\Auth.php(111): view('auth/edit_profi...', Array)
#5 C:\xampp\htdocs\ci4\hubtech\system\CodeIgniter.php(825): App\Controllers\Auth->edit_profile()
#6 C:\xampp\htdocs\ci4\hubtech\system\CodeIgniter.php(412): CodeIgniter\CodeIgniter->runController(Object(App\Controllers\Auth))
#7 C:\xampp\htdocs\ci4\hubtech\system\CodeIgniter.php(320): CodeIgniter\CodeIgniter->handleRequest(NULL, Object(Config\Cache), false)
#8 C:\xampp\htdocs\ci4\hubtech\index.php(37): CodeIgniter\CodeIgniter->run()
#9 {main}
CRITICAL - 2023-03-02 22:56:19 --> Trying to get property 'image' of non-object
#0 C:\xampp\htdocs\ci4\hubtech\app\Views\auth\edit_profile.php(20): CodeIgniter\Debug\Exceptions->errorHandler(8, 'Trying to get p...', 'C:\\xampp\\htdocs...', 20, Array)
#1 C:\xampp\htdocs\ci4\hubtech\system\View\View.php(210): include('C:\\xampp\\htdocs...')
#2 C:\xampp\htdocs\ci4\hubtech\system\View\View.php(213): CodeIgniter\View\View->CodeIgniter\View\{closure}()
#3 C:\xampp\htdocs\ci4\hubtech\system\Common.php(1089): CodeIgniter\View\View->render('auth/edit_profi...', Array, true)
#4 C:\xampp\htdocs\ci4\hubtech\app\Controllers\Auth.php(111): view('auth/edit_profi...', Array)
#5 C:\xampp\htdocs\ci4\hubtech\system\CodeIgniter.php(825): App\Controllers\Auth->edit_profile()
#6 C:\xampp\htdocs\ci4\hubtech\system\CodeIgniter.php(412): CodeIgniter\CodeIgniter->runController(Object(App\Controllers\Auth))
#7 C:\xampp\htdocs\ci4\hubtech\system\CodeIgniter.php(320): CodeIgniter\CodeIgniter->handleRequest(NULL, Object(Config\Cache), false)
#8 C:\xampp\htdocs\ci4\hubtech\index.php(37): CodeIgniter\CodeIgniter->run()
#9 {main}
CRITICAL - 2023-03-02 22:56:24 --> Trying to get property 'image' of non-object
#0 C:\xampp\htdocs\ci4\hubtech\app\Views\auth\edit_profile.php(20): CodeIgniter\Debug\Exceptions->errorHandler(8, 'Trying to get p...', 'C:\\xampp\\htdocs...', 20, Array)
#1 C:\xampp\htdocs\ci4\hubtech\system\View\View.php(210): include('C:\\xampp\\htdocs...')
#2 C:\xampp\htdocs\ci4\hubtech\system\View\View.php(213): CodeIgniter\View\View->CodeIgniter\View\{closure}()
#3 C:\xampp\htdocs\ci4\hubtech\system\Common.php(1089): CodeIgniter\View\View->render('auth/edit_profi...', Array, true)
#4 C:\xampp\htdocs\ci4\hubtech\app\Controllers\Auth.php(111): view('auth/edit_profi...', Array)
#5 C:\xampp\htdocs\ci4\hubtech\system\CodeIgniter.php(825): App\Controllers\Auth->edit_profile()
#6 C:\xampp\htdocs\ci4\hubtech\system\CodeIgniter.php(412): CodeIgniter\CodeIgniter->runController(Object(App\Controllers\Auth))
#7 C:\xampp\htdocs\ci4\hubtech\system\CodeIgniter.php(320): CodeIgniter\CodeIgniter->handleRequest(NULL, Object(Config\Cache), false)
#8 C:\xampp\htdocs\ci4\hubtech\index.php(37): CodeIgniter\CodeIgniter->run()
#9 {main}
CRITICAL - 2023-03-02 22:58:02 --> Trying to get property 'image' of non-object
#0 C:\xampp\htdocs\ci4\hubtech\app\Views\auth\edit_profile.php(20): CodeIgniter\Debug\Exceptions->errorHandler(8, 'Trying to get p...', 'C:\\xampp\\htdocs...', 20, Array)
#1 C:\xampp\htdocs\ci4\hubtech\system\View\View.php(210): include('C:\\xampp\\htdocs...')
#2 C:\xampp\htdocs\ci4\hubtech\system\View\View.php(213): CodeIgniter\View\View->CodeIgniter\View\{closure}()
#3 C:\xampp\htdocs\ci4\hubtech\system\Common.php(1089): CodeIgniter\View\View->render('auth/edit_profi...', Array, true)
#4 C:\xampp\htdocs\ci4\hubtech\app\Controllers\Auth.php(112): view('auth/edit_profi...', Array)
#5 C:\xampp\htdocs\ci4\hubtech\system\CodeIgniter.php(825): App\Controllers\Auth->edit_profile()
#6 C:\xampp\htdocs\ci4\hubtech\system\CodeIgniter.php(412): CodeIgniter\CodeIgniter->runController(Object(App\Controllers\Auth))
#7 C:\xampp\htdocs\ci4\hubtech\system\CodeIgniter.php(320): CodeIgniter\CodeIgniter->handleRequest(NULL, Object(Config\Cache), false)
#8 C:\xampp\htdocs\ci4\hubtech\index.php(37): CodeIgniter\CodeIgniter->run()
#9 {main}
CRITICAL - 2023-03-02 22:58:26 --> Trying to get property 'image' of non-object
#0 C:\xampp\htdocs\ci4\hubtech\app\Views\auth\edit_profile.php(20): CodeIgniter\Debug\Exceptions->errorHandler(8, 'Trying to get p...', 'C:\\xampp\\htdocs...', 20, Array)
#1 C:\xampp\htdocs\ci4\hubtech\system\View\View.php(210): include('C:\\xampp\\htdocs...')
#2 C:\xampp\htdocs\ci4\hubtech\system\View\View.php(213): CodeIgniter\View\View->CodeIgniter\View\{closure}()
#3 C:\xampp\htdocs\ci4\hubtech\system\Common.php(1089): CodeIgniter\View\View->render('auth/edit_profi...', Array, true)
#4 C:\xampp\htdocs\ci4\hubtech\app\Controllers\Auth.php(112): view('auth/edit_profi...', Array)
#5 C:\xampp\htdocs\ci4\hubtech\system\CodeIgniter.php(825): App\Controllers\Auth->edit_profile()
#6 C:\xampp\htdocs\ci4\hubtech\system\CodeIgniter.php(412): CodeIgniter\CodeIgniter->runController(Object(App\Controllers\Auth))
#7 C:\xampp\htdocs\ci4\hubtech\system\CodeIgniter.php(320): CodeIgniter\CodeIgniter->handleRequest(NULL, Object(Config\Cache), false)
#8 C:\xampp\htdocs\ci4\hubtech\index.php(37): CodeIgniter\CodeIgniter->run()
#9 {main}
