ERROR - 2026-05-23 00:34:13 --> Error connecting to the database: Access denied for user '****'@'localhost' (using password: YES)
CRITICAL - 2026-05-23 00:34:13 --> Unable to connect to the database.
Main connection [MySQLi]: Access denied for user '****'@'localhost' (using password: YES)
#0 C:\xampp\htdocs\ci4\hubtechitsolutions\system\Database\BaseConnection.php(577): CodeIgniter\Database\BaseConnection->initialize()
#1 C:\xampp\htdocs\ci4\hubtechitsolutions\system\Database\BaseBuilder.php(1455): CodeIgniter\Database\BaseConnection->query('SELECT *\nFROM `...', Array, false)
#2 C:\xampp\htdocs\ci4\hubtechitsolutions\app\Models\Service_model.php(23): CodeIgniter\Database\BaseBuilder->get()
#3 C:\xampp\htdocs\ci4\hubtechitsolutions\app\Controllers\Home.php(21): App\Models\Service_model->get_popular_courses()
#4 C:\xampp\htdocs\ci4\hubtechitsolutions\system\CodeIgniter.php(825): App\Controllers\Home->index()
#5 C:\xampp\htdocs\ci4\hubtechitsolutions\system\CodeIgniter.php(412): CodeIgniter\CodeIgniter->runController(Object(App\Controllers\Home))
#6 C:\xampp\htdocs\ci4\hubtechitsolutions\system\CodeIgniter.php(320): CodeIgniter\CodeIgniter->handleRequest(NULL, Object(Config\Cache), false)
#7 C:\xampp\htdocs\ci4\hubtechitsolutions\index.php(37): CodeIgniter\CodeIgniter->run()
#8 {main}
ERROR - 2026-05-23 00:37:05 --> Error connecting to the database: Access denied for user '****'@'localhost' (using password: YES)
CRITICAL - 2026-05-23 00:37:05 --> Unable to connect to the database.
Main connection [MySQLi]: Access denied for user '****'@'localhost' (using password: YES)
#0 C:\xampp\htdocs\ci4\hubtechitsolutions\system\Database\BaseConnection.php(577): CodeIgniter\Database\BaseConnection->initialize()
#1 C:\xampp\htdocs\ci4\hubtechitsolutions\system\Database\BaseBuilder.php(1455): CodeIgniter\Database\BaseConnection->query('SELECT *\nFROM `...', Array, false)
#2 C:\xampp\htdocs\ci4\hubtechitsolutions\app\Models\Service_model.php(23): CodeIgniter\Database\BaseBuilder->get()
#3 C:\xampp\htdocs\ci4\hubtechitsolutions\app\Controllers\Home.php(21): App\Models\Service_model->get_popular_courses()
#4 C:\xampp\htdocs\ci4\hubtechitsolutions\system\CodeIgniter.php(825): App\Controllers\Home->index()
#5 C:\xampp\htdocs\ci4\hubtechitsolutions\system\CodeIgniter.php(412): CodeIgniter\CodeIgniter->runController(Object(App\Controllers\Home))
#6 C:\xampp\htdocs\ci4\hubtechitsolutions\system\CodeIgniter.php(320): CodeIgniter\CodeIgniter->handleRequest(NULL, Object(Config\Cache), false)
#7 C:\xampp\htdocs\ci4\hubtechitsolutions\index.php(37): CodeIgniter\CodeIgniter->run()
#8 {main}
ERROR - 2026-05-23 00:37:32 --> Error connecting to the database: Access denied for user '****'@'localhost' (using password: YES)
CRITICAL - 2026-05-23 00:37:32 --> Unable to connect to the database.
Main connection [MySQLi]: Access denied for user '****'@'localhost' (using password: YES)
#0 C:\xampp\htdocs\ci4\hubtechitsolutions\system\Database\BaseConnection.php(577): CodeIgniter\Database\BaseConnection->initialize()
#1 C:\xampp\htdocs\ci4\hubtechitsolutions\system\Database\BaseBuilder.php(1455): CodeIgniter\Database\BaseConnection->query('SELECT *\nFROM `...', Array, false)
#2 C:\xampp\htdocs\ci4\hubtechitsolutions\app\Models\Service_model.php(23): CodeIgniter\Database\BaseBuilder->get()
#3 C:\xampp\htdocs\ci4\hubtechitsolutions\app\Controllers\Home.php(21): App\Models\Service_model->get_popular_courses()
#4 C:\xampp\htdocs\ci4\hubtechitsolutions\system\CodeIgniter.php(825): App\Controllers\Home->index()
#5 C:\xampp\htdocs\ci4\hubtechitsolutions\system\CodeIgniter.php(412): CodeIgniter\CodeIgniter->runController(Object(App\Controllers\Home))
#6 C:\xampp\htdocs\ci4\hubtechitsolutions\system\CodeIgniter.php(320): CodeIgniter\CodeIgniter->handleRequest(NULL, Object(Config\Cache), false)
#7 C:\xampp\htdocs\ci4\hubtechitsolutions\index.php(37): CodeIgniter\CodeIgniter->run()
#8 {main}
ERROR - 2026-05-23 00:37:40 --> Error connecting to the database: Access denied for user '****'@'localhost' (using password: YES)
CRITICAL - 2026-05-23 00:37:40 --> Unable to connect to the database.
Main connection [MySQLi]: Access denied for user '****'@'localhost' (using password: YES)
#0 C:\xampp\htdocs\ci4\hubtechitsolutions\system\Database\BaseConnection.php(577): CodeIgniter\Database\BaseConnection->initialize()
#1 C:\xampp\htdocs\ci4\hubtechitsolutions\system\Database\BaseBuilder.php(1455): CodeIgniter\Database\BaseConnection->query('SELECT *\nFROM `...', Array, false)
#2 C:\xampp\htdocs\ci4\hubtechitsolutions\app\Models\Service_model.php(23): CodeIgniter\Database\BaseBuilder->get()
#3 C:\xampp\htdocs\ci4\hubtechitsolutions\app\Controllers\Home.php(21): App\Models\Service_model->get_popular_courses()
#4 C:\xampp\htdocs\ci4\hubtechitsolutions\system\CodeIgniter.php(825): App\Controllers\Home->index()
#5 C:\xampp\htdocs\ci4\hubtechitsolutions\system\CodeIgniter.php(412): CodeIgniter\CodeIgniter->runController(Object(App\Controllers\Home))
#6 C:\xampp\htdocs\ci4\hubtechitsolutions\system\CodeIgniter.php(320): CodeIgniter\CodeIgniter->handleRequest(NULL, Object(Config\Cache), false)
#7 C:\xampp\htdocs\ci4\hubtechitsolutions\index.php(37): CodeIgniter\CodeIgniter->run()
#8 {main}
CRITICAL - 2026-05-23 05:54:38 --> CodeIgniter\Security\Security::derandomize(): Argument #1 ($token) must be of type string, null given, called in C:\xampp\htdocs\ci4\hubtechitsolutions\system\Security\Security.php on line 284
#0 C:\xampp\htdocs\ci4\hubtechitsolutions\system\Security\Security.php(284): CodeIgniter\Security\Security->derandomize(NULL)
#1 C:\xampp\htdocs\ci4\hubtechitsolutions\system\Filters\CSRF.php(53): CodeIgniter\Security\Security->verify(Object(CodeIgniter\HTTP\IncomingRequest))
#2 C:\xampp\htdocs\ci4\hubtechitsolutions\system\Filters\Filters.php(173): CodeIgniter\Filters\CSRF->before(Object(CodeIgniter\HTTP\IncomingRequest), NULL)
#3 C:\xampp\htdocs\ci4\hubtechitsolutions\system\CodeIgniter.php(386): CodeIgniter\Filters\Filters->run('enroll-internsh...', 'before')
#4 C:\xampp\htdocs\ci4\hubtechitsolutions\system\CodeIgniter.php(320): CodeIgniter\CodeIgniter->handleRequest(NULL, Object(Config\Cache), false)
#5 C:\xampp\htdocs\ci4\hubtechitsolutions\index.php(37): CodeIgniter\CodeIgniter->run()
#6 {main}
CRITICAL - 2026-05-23 05:54:56 --> CodeIgniter\Security\Security::derandomize(): Argument #1 ($token) must be of type string, null given, called in C:\xampp\htdocs\ci4\hubtechitsolutions\system\Security\Security.php on line 284
#0 C:\xampp\htdocs\ci4\hubtechitsolutions\system\Security\Security.php(284): CodeIgniter\Security\Security->derandomize(NULL)
#1 C:\xampp\htdocs\ci4\hubtechitsolutions\system\Filters\CSRF.php(53): CodeIgniter\Security\Security->verify(Object(CodeIgniter\HTTP\IncomingRequest))
#2 C:\xampp\htdocs\ci4\hubtechitsolutions\system\Filters\Filters.php(173): CodeIgniter\Filters\CSRF->before(Object(CodeIgniter\HTTP\IncomingRequest), NULL)
#3 C:\xampp\htdocs\ci4\hubtechitsolutions\system\CodeIgniter.php(386): CodeIgniter\Filters\Filters->run('enroll-internsh...', 'before')
#4 C:\xampp\htdocs\ci4\hubtechitsolutions\system\CodeIgniter.php(320): CodeIgniter\CodeIgniter->handleRequest(NULL, Object(Config\Cache), false)
#5 C:\xampp\htdocs\ci4\hubtechitsolutions\index.php(37): CodeIgniter\CodeIgniter->run()
#6 {main}
