CRITICAL - 2026-06-10 12:15:26 --> Undefined variable $registration_no
#0 C:\xampp\htdocs\ci4\hubtechitsolutions\app\Views\pdfhtml\intern_offer_letter.php(41): CodeIgniter\Debug\Exceptions->errorHandler(2, 'Undefined varia...', 'C:\\xampp\\htdocs...', 41)
#1 C:\xampp\htdocs\ci4\hubtechitsolutions\system\View\View.php(210): include('C:\\xampp\\htdocs...')
#2 C:\xampp\htdocs\ci4\hubtechitsolutions\system\View\View.php(213): CodeIgniter\View\View->CodeIgniter\View\{closure}()
#3 C:\xampp\htdocs\ci4\hubtechitsolutions\system\Common.php(1089): CodeIgniter\View\View->render('pdfhtml/intern_...', Array, true)
#4 C:\xampp\htdocs\ci4\hubtechitsolutions\app\Controllers\MpdfController.php(16): view('pdfhtml/intern_...')
#5 C:\xampp\htdocs\ci4\hubtechitsolutions\app\Controllers\Home.php(387): App\Controllers\MpdfController->get_offer_letter_pdf()
#6 C:\xampp\htdocs\ci4\hubtechitsolutions\system\CodeIgniter.php(825): App\Controllers\Home->testpdf()
#7 C:\xampp\htdocs\ci4\hubtechitsolutions\system\CodeIgniter.php(412): CodeIgniter\CodeIgniter->runController(Object(App\Controllers\Home))
#8 C:\xampp\htdocs\ci4\hubtechitsolutions\system\CodeIgniter.php(320): CodeIgniter\CodeIgniter->handleRequest(NULL, Object(Config\Cache), false)
#9 C:\xampp\htdocs\ci4\hubtechitsolutions\index.php(37): CodeIgniter\CodeIgniter->run()
#10 {main}
CRITICAL - 2026-06-10 14:59:25 --> Undefined variable $student
#0 C:\xampp\htdocs\ci4\hubtechitsolutions\app\Views\pdfhtml\intern_offer_letter.php(41): CodeIgniter\Debug\Exceptions->errorHandler(2, 'Undefined varia...', 'C:\\xampp\\htdocs...', 41)
#1 C:\xampp\htdocs\ci4\hubtechitsolutions\system\View\View.php(210): include('C:\\xampp\\htdocs...')
#2 C:\xampp\htdocs\ci4\hubtechitsolutions\system\View\View.php(213): CodeIgniter\View\View->CodeIgniter\View\{closure}()
#3 C:\xampp\htdocs\ci4\hubtechitsolutions\system\Common.php(1089): CodeIgniter\View\View->render('pdfhtml/intern_...', Array, true)
#4 C:\xampp\htdocs\ci4\hubtechitsolutions\app\Controllers\MpdfController.php(16): view('pdfhtml/intern_...')
#5 C:\xampp\htdocs\ci4\hubtechitsolutions\app\Controllers\Home.php(421): App\Controllers\MpdfController->get_offer_letter_pdf()
#6 C:\xampp\htdocs\ci4\hubtechitsolutions\system\CodeIgniter.php(825): App\Controllers\Home->testpdf()
#7 C:\xampp\htdocs\ci4\hubtechitsolutions\system\CodeIgniter.php(412): CodeIgniter\CodeIgniter->runController(Object(App\Controllers\Home))
#8 C:\xampp\htdocs\ci4\hubtechitsolutions\system\CodeIgniter.php(320): CodeIgniter\CodeIgniter->handleRequest(NULL, Object(Config\Cache), false)
#9 C:\xampp\htdocs\ci4\hubtechitsolutions\index.php(37): CodeIgniter\CodeIgniter->run()
#10 {main}
CRITICAL - 2026-06-10 15:00:33 --> Too few arguments to function App\Controllers\MpdfController::get_offer_letter_pdf(), 0 passed in C:\xampp\htdocs\ci4\hubtechitsolutions\app\Controllers\Home.php on line 421 and exactly 1 expected
#0 C:\xampp\htdocs\ci4\hubtechitsolutions\app\Controllers\Home.php(421): App\Controllers\MpdfController->get_offer_letter_pdf()
#1 C:\xampp\htdocs\ci4\hubtechitsolutions\system\CodeIgniter.php(825): App\Controllers\Home->testpdf()
#2 C:\xampp\htdocs\ci4\hubtechitsolutions\system\CodeIgniter.php(412): CodeIgniter\CodeIgniter->runController(Object(App\Controllers\Home))
#3 C:\xampp\htdocs\ci4\hubtechitsolutions\system\CodeIgniter.php(320): CodeIgniter\CodeIgniter->handleRequest(NULL, Object(Config\Cache), false)
#4 C:\xampp\htdocs\ci4\hubtechitsolutions\index.php(37): CodeIgniter\CodeIgniter->run()
#5 {main}
