CRITICAL - 2023-02-25 18:48:45 --> Call to undefined function CodeIgniter\locale_set_default()
#0 C:\xampp\htdocs\ci4\hubtech\system\bootstrap.php(146): CodeIgniter\CodeIgniter->initialize()
#1 C:\xampp\htdocs\ci4\hubtech\index.php(28): require('C:\\xampp\\htdocs...')
#2 {main}
CRITICAL - 2023-02-25 18:52:18 --> Call to undefined function CodeIgniter\locale_set_default()
#0 C:\xampp\htdocs\ci4\hubtech\system\bootstrap.php(146): CodeIgniter\CodeIgniter->initialize()
#1 C:\xampp\htdocs\ci4\hubtech\index.php(28): require('C:\\xampp\\htdocs...')
#2 {main}
CRITICAL - 2023-02-25 18:52:22 --> Call to undefined function CodeIgniter\locale_set_default()
#0 C:\xampp\htdocs\ci4\hubtech\system\bootstrap.php(146): CodeIgniter\CodeIgniter->initialize()
#1 C:\xampp\htdocs\ci4\hubtech\index.php(28): require('C:\\xampp\\htdocs...')
#2 {main}
CRITICAL - 2023-02-25 18:53:23 --> Call to undefined function CodeIgniter\locale_set_default()
#0 C:\xampp\htdocs\ci4\hubtech\system\bootstrap.php(146): CodeIgniter\CodeIgniter->initialize()
#1 C:\xampp\htdocs\ci4\hubtech\index.php(28): require('C:\\xampp\\htdocs...')
#2 {main}
CRITICAL - 2023-02-25 18:55:12 --> Call to undefined function CodeIgniter\locale_set_default()
#0 C:\xampp\htdocs\ci4\hubtech\system\bootstrap.php(146): CodeIgniter\CodeIgniter->initialize()
#1 C:\xampp\htdocs\ci4\hubtech\index.php(28): require('C:\\xampp\\htdocs...')
#2 {main}
ERROR - 2023-02-25 11:59:12 --> Table 'ci4db_hubtech_dev.tbl_admin' doesn't exist in engine
CRITICAL - 2023-02-25 11:59:12 --> Table 'ci4db_hubtech_dev.tbl_admin' doesn't exist in engine
#0 C:\xampp\htdocs\ci4\hubtech\system\Database\MySQLi\Connection.php(292): mysqli->query('SELECT 1\nFROM `...', 0)
#1 C:\xampp\htdocs\ci4\hubtech\system\Database\BaseConnection.php(670): CodeIgniter\Database\MySQLi\Connection->execute('SELECT 1\nFROM `...')
#2 C:\xampp\htdocs\ci4\hubtech\system\Database\BaseConnection.php(598): CodeIgniter\Database\BaseConnection->simpleQuery('SELECT 1\nFROM `...')
#3 C:\xampp\htdocs\ci4\hubtech\system\Database\BaseBuilder.php(1455): CodeIgniter\Database\BaseConnection->query('SELECT 1\nFROM `...', Array, false)
#4 C:\xampp\htdocs\ci4\hubtech\system\Validation\Rules.php(104): CodeIgniter\Database\BaseBuilder->get()
#5 C:\xampp\htdocs\ci4\hubtech\system\Validation\Validation.php(292): CodeIgniter\Validation\Rules->is_not_unique('admin@admin.com', 'email', Array, NULL)
#6 C:\xampp\htdocs\ci4\hubtech\system\Validation\Validation.php(157): CodeIgniter\Validation\Validation->processRules('email', 'email', 'admin@admin.com', Array, Array)
#7 C:\xampp\htdocs\ci4\hubtech\system\Controller.php(160): CodeIgniter\Validation\Validation->run()
#8 C:\xampp\htdocs\ci4\hubtech\app\Controllers\Auth.php(18): CodeIgniter\Controller->validate(Array)
#9 C:\xampp\htdocs\ci4\hubtech\system\CodeIgniter.php(825): App\Controllers\Auth->login()
#10 C:\xampp\htdocs\ci4\hubtech\system\CodeIgniter.php(412): CodeIgniter\CodeIgniter->runController(Object(App\Controllers\Auth))
#11 C:\xampp\htdocs\ci4\hubtech\system\CodeIgniter.php(320): CodeIgniter\CodeIgniter->handleRequest(NULL, Object(Config\Cache), false)
#12 C:\xampp\htdocs\ci4\hubtech\index.php(37): CodeIgniter\CodeIgniter->run()
#13 {main}
