CRITICAL - 2024-06-12 00:07:44 --> Attempt to read property "course_full_name" on null
#0 /home3/jeansuco/hubtechitsolutions.com/app/Views/course-detail.php(10): CodeIgniter\Debug\Exceptions->errorHandler(2, 'Attempt to read...', '/home3/jeansuco...', 10)
#1 /home3/jeansuco/hubtechitsolutions.com/system/View/View.php(210): include('/home3/jeansuco...')
#2 /home3/jeansuco/hubtechitsolutions.com/system/View/View.php(213): CodeIgniter\View\View->CodeIgniter\View\{closure}()
#3 /home3/jeansuco/hubtechitsolutions.com/system/Common.php(1089): CodeIgniter\View\View->render('course-detail', Array, true)
#4 /home3/jeansuco/hubtechitsolutions.com/app/Controllers/Home.php(40): view('course-detail', Array)
#5 /home3/jeansuco/hubtechitsolutions.com/system/CodeIgniter.php(825): App\Controllers\Home->course_details('course-three.ht...')
#6 /home3/jeansuco/hubtechitsolutions.com/system/CodeIgniter.php(412): CodeIgniter\CodeIgniter->runController(Object(App\Controllers\Home))
#7 /home3/jeansuco/hubtechitsolutions.com/system/CodeIgniter.php(320): CodeIgniter\CodeIgniter->handleRequest(NULL, Object(Config\Cache), false)
#8 /home3/jeansuco/hubtechitsolutions.com/index.php(37): CodeIgniter\CodeIgniter->run()
#9 {main}
CRITICAL - 2024-06-12 01:18:01 --> Attempt to read property "course_full_name" on null
#0 /home3/jeansuco/hubtechitsolutions.com/app/Views/course-detail.php(10): CodeIgniter\Debug\Exceptions->errorHandler(2, 'Attempt to read...', '/home3/jeansuco...', 10)
#1 /home3/jeansuco/hubtechitsolutions.com/system/View/View.php(210): include('/home3/jeansuco...')
#2 /home3/jeansuco/hubtechitsolutions.com/system/View/View.php(213): CodeIgniter\View\View->CodeIgniter\View\{closure}()
#3 /home3/jeansuco/hubtechitsolutions.com/system/Common.php(1089): CodeIgniter\View\View->render('course-detail', Array, true)
#4 /home3/jeansuco/hubtechitsolutions.com/app/Controllers/Home.php(40): view('course-detail', Array)
#5 /home3/jeansuco/hubtechitsolutions.com/system/CodeIgniter.php(825): App\Controllers\Home->course_details('course-one.html')
#6 /home3/jeansuco/hubtechitsolutions.com/system/CodeIgniter.php(412): CodeIgniter\CodeIgniter->runController(Object(App\Controllers\Home))
#7 /home3/jeansuco/hubtechitsolutions.com/system/CodeIgniter.php(320): CodeIgniter\CodeIgniter->handleRequest(NULL, Object(Config\Cache), false)
#8 /home3/jeansuco/hubtechitsolutions.com/index.php(37): CodeIgniter\CodeIgniter->run()
#9 {main}
CRITICAL - 2024-06-12 01:45:27 --> Attempt to read property "course_full_name" on null
#0 /home3/jeansuco/hubtechitsolutions.com/app/Views/course-detail.php(10): CodeIgniter\Debug\Exceptions->errorHandler(2, 'Attempt to read...', '/home3/jeansuco...', 10)
#1 /home3/jeansuco/hubtechitsolutions.com/system/View/View.php(210): include('/home3/jeansuco...')
#2 /home3/jeansuco/hubtechitsolutions.com/system/View/View.php(213): CodeIgniter\View\View->CodeIgniter\View\{closure}()
#3 /home3/jeansuco/hubtechitsolutions.com/system/Common.php(1089): CodeIgniter\View\View->render('course-detail', Array, true)
#4 /home3/jeansuco/hubtechitsolutions.com/app/Controllers/Home.php(40): view('course-detail', Array)
#5 /home3/jeansuco/hubtechitsolutions.com/system/CodeIgniter.php(825): App\Controllers\Home->course_details('course-three.ht...')
#6 /home3/jeansuco/hubtechitsolutions.com/system/CodeIgniter.php(412): CodeIgniter\CodeIgniter->runController(Object(App\Controllers\Home))
#7 /home3/jeansuco/hubtechitsolutions.com/system/CodeIgniter.php(320): CodeIgniter\CodeIgniter->handleRequest(NULL, Object(Config\Cache), false)
#8 /home3/jeansuco/hubtechitsolutions.com/index.php(37): CodeIgniter\CodeIgniter->run()
#9 {main}
CRITICAL - 2024-06-12 02:35:23 --> Attempt to read property "course_full_name" on null
#0 /home3/jeansuco/hubtechitsolutions.com/app/Views/course-detail.php(10): CodeIgniter\Debug\Exceptions->errorHandler(2, 'Attempt to read...', '/home3/jeansuco...', 10)
#1 /home3/jeansuco/hubtechitsolutions.com/system/View/View.php(210): include('/home3/jeansuco...')
#2 /home3/jeansuco/hubtechitsolutions.com/system/View/View.php(213): CodeIgniter\View\View->CodeIgniter\View\{closure}()
#3 /home3/jeansuco/hubtechitsolutions.com/system/Common.php(1089): CodeIgniter\View\View->render('course-detail', Array, true)
#4 /home3/jeansuco/hubtechitsolutions.com/app/Controllers/Home.php(40): view('course-detail', Array)
#5 /home3/jeansuco/hubtechitsolutions.com/system/CodeIgniter.php(825): App\Controllers\Home->course_details('index.html')
#6 /home3/jeansuco/hubtechitsolutions.com/system/CodeIgniter.php(412): CodeIgniter\CodeIgniter->runController(Object(App\Controllers\Home))
#7 /home3/jeansuco/hubtechitsolutions.com/system/CodeIgniter.php(320): CodeIgniter\CodeIgniter->handleRequest(NULL, Object(Config\Cache), false)
#8 /home3/jeansuco/hubtechitsolutions.com/index.php(37): CodeIgniter\CodeIgniter->run()
#9 {main}
CRITICAL - 2024-06-12 02:37:32 --> Attempt to read property "course_full_name" on null
#0 /home3/jeansuco/hubtechitsolutions.com/app/Views/course-detail.php(10): CodeIgniter\Debug\Exceptions->errorHandler(2, 'Attempt to read...', '/home3/jeansuco...', 10)
#1 /home3/jeansuco/hubtechitsolutions.com/system/View/View.php(210): include('/home3/jeansuco...')
#2 /home3/jeansuco/hubtechitsolutions.com/system/View/View.php(213): CodeIgniter\View\View->CodeIgniter\View\{closure}()
#3 /home3/jeansuco/hubtechitsolutions.com/system/Common.php(1089): CodeIgniter\View\View->render('course-detail', Array, true)
#4 /home3/jeansuco/hubtechitsolutions.com/app/Controllers/Home.php(40): view('course-detail', Array)
#5 /home3/jeansuco/hubtechitsolutions.com/system/CodeIgniter.php(825): App\Controllers\Home->course_details('course-one.html')
#6 /home3/jeansuco/hubtechitsolutions.com/system/CodeIgniter.php(412): CodeIgniter\CodeIgniter->runController(Object(App\Controllers\Home))
#7 /home3/jeansuco/hubtechitsolutions.com/system/CodeIgniter.php(320): CodeIgniter\CodeIgniter->handleRequest(NULL, Object(Config\Cache), false)
#8 /home3/jeansuco/hubtechitsolutions.com/index.php(37): CodeIgniter\CodeIgniter->run()
#9 {main}
CRITICAL - 2024-06-12 03:07:31 --> Attempt to read property "course_full_name" on null
#0 /home3/jeansuco/hubtechitsolutions.com/app/Views/course-detail.php(10): CodeIgniter\Debug\Exceptions->errorHandler(2, 'Attempt to read...', '/home3/jeansuco...', 10)
#1 /home3/jeansuco/hubtechitsolutions.com/system/View/View.php(210): include('/home3/jeansuco...')
#2 /home3/jeansuco/hubtechitsolutions.com/system/View/View.php(213): CodeIgniter\View\View->CodeIgniter\View\{closure}()
#3 /home3/jeansuco/hubtechitsolutions.com/system/Common.php(1089): CodeIgniter\View\View->render('course-detail', Array, true)
#4 /home3/jeansuco/hubtechitsolutions.com/app/Controllers/Home.php(40): view('course-detail', Array)
#5 /home3/jeansuco/hubtechitsolutions.com/system/CodeIgniter.php(825): App\Controllers\Home->course_details('course-four.htm...')
#6 /home3/jeansuco/hubtechitsolutions.com/system/CodeIgniter.php(412): CodeIgniter\CodeIgniter->runController(Object(App\Controllers\Home))
#7 /home3/jeansuco/hubtechitsolutions.com/system/CodeIgniter.php(320): CodeIgniter\CodeIgniter->handleRequest(NULL, Object(Config\Cache), false)
#8 /home3/jeansuco/hubtechitsolutions.com/index.php(37): CodeIgniter\CodeIgniter->run()
#9 {main}
CRITICAL - 2024-06-12 03:25:58 --> Attempt to read property "course_full_name" on null
#0 /home3/jeansuco/hubtechitsolutions.com/app/Views/course-detail.php(10): CodeIgniter\Debug\Exceptions->errorHandler(2, 'Attempt to read...', '/home3/jeansuco...', 10)
#1 /home3/jeansuco/hubtechitsolutions.com/system/View/View.php(210): include('/home3/jeansuco...')
#2 /home3/jeansuco/hubtechitsolutions.com/system/View/View.php(213): CodeIgniter\View\View->CodeIgniter\View\{closure}()
#3 /home3/jeansuco/hubtechitsolutions.com/system/Common.php(1089): CodeIgniter\View\View->render('course-detail', Array, true)
#4 /home3/jeansuco/hubtechitsolutions.com/app/Controllers/Home.php(40): view('course-detail', Array)
#5 /home3/jeansuco/hubtechitsolutions.com/system/CodeIgniter.php(825): App\Controllers\Home->course_details('course-three.ht...')
#6 /home3/jeansuco/hubtechitsolutions.com/system/CodeIgniter.php(412): CodeIgniter\CodeIgniter->runController(Object(App\Controllers\Home))
#7 /home3/jeansuco/hubtechitsolutions.com/system/CodeIgniter.php(320): CodeIgniter\CodeIgniter->handleRequest(NULL, Object(Config\Cache), false)
#8 /home3/jeansuco/hubtechitsolutions.com/index.php(37): CodeIgniter\CodeIgniter->run()
#9 {main}
CRITICAL - 2024-06-12 03:41:03 --> Attempt to read property "course_full_name" on null
#0 /home3/jeansuco/hubtechitsolutions.com/app/Views/course-detail.php(10): CodeIgniter\Debug\Exceptions->errorHandler(2, 'Attempt to read...', '/home3/jeansuco...', 10)
#1 /home3/jeansuco/hubtechitsolutions.com/system/View/View.php(210): include('/home3/jeansuco...')
#2 /home3/jeansuco/hubtechitsolutions.com/system/View/View.php(213): CodeIgniter\View\View->CodeIgniter\View\{closure}()
#3 /home3/jeansuco/hubtechitsolutions.com/system/Common.php(1089): CodeIgniter\View\View->render('course-detail', Array, true)
#4 /home3/jeansuco/hubtechitsolutions.com/app/Controllers/Home.php(40): view('course-detail', Array)
#5 /home3/jeansuco/hubtechitsolutions.com/system/CodeIgniter.php(825): App\Controllers\Home->course_details('course-three.ht...')
#6 /home3/jeansuco/hubtechitsolutions.com/system/CodeIgniter.php(412): CodeIgniter\CodeIgniter->runController(Object(App\Controllers\Home))
#7 /home3/jeansuco/hubtechitsolutions.com/system/CodeIgniter.php(320): CodeIgniter\CodeIgniter->handleRequest(NULL, Object(Config\Cache), false)
#8 /home3/jeansuco/hubtechitsolutions.com/index.php(37): CodeIgniter\CodeIgniter->run()
#9 {main}
CRITICAL - 2024-06-12 03:50:24 --> Attempt to read property "course_full_name" on null
#0 /home3/jeansuco/hubtechitsolutions.com/app/Views/course-detail.php(10): CodeIgniter\Debug\Exceptions->errorHandler(2, 'Attempt to read...', '/home3/jeansuco...', 10)
#1 /home3/jeansuco/hubtechitsolutions.com/system/View/View.php(210): include('/home3/jeansuco...')
#2 /home3/jeansuco/hubtechitsolutions.com/system/View/View.php(213): CodeIgniter\View\View->CodeIgniter\View\{closure}()
#3 /home3/jeansuco/hubtechitsolutions.com/system/Common.php(1089): CodeIgniter\View\View->render('course-detail', Array, true)
#4 /home3/jeansuco/hubtechitsolutions.com/app/Controllers/Home.php(40): view('course-detail', Array)
#5 /home3/jeansuco/hubtechitsolutions.com/system/CodeIgniter.php(825): App\Controllers\Home->course_details('team-one.html')
#6 /home3/jeansuco/hubtechitsolutions.com/system/CodeIgniter.php(412): CodeIgniter\CodeIgniter->runController(Object(App\Controllers\Home))
#7 /home3/jeansuco/hubtechitsolutions.com/system/CodeIgniter.php(320): CodeIgniter\CodeIgniter->handleRequest(NULL, Object(Config\Cache), false)
#8 /home3/jeansuco/hubtechitsolutions.com/index.php(37): CodeIgniter\CodeIgniter->run()
#9 {main}
CRITICAL - 2024-06-12 04:09:20 --> Attempt to read property "course_full_name" on null
#0 /home3/jeansuco/hubtechitsolutions.com/app/Views/course-detail.php(10): CodeIgniter\Debug\Exceptions->errorHandler(2, 'Attempt to read...', '/home3/jeansuco...', 10)
#1 /home3/jeansuco/hubtechitsolutions.com/system/View/View.php(210): include('/home3/jeansuco...')
#2 /home3/jeansuco/hubtechitsolutions.com/system/View/View.php(213): CodeIgniter\View\View->CodeIgniter\View\{closure}()
#3 /home3/jeansuco/hubtechitsolutions.com/system/Common.php(1089): CodeIgniter\View\View->render('course-detail', Array, true)
#4 /home3/jeansuco/hubtechitsolutions.com/app/Controllers/Home.php(40): view('course-detail', Array)
#5 /home3/jeansuco/hubtechitsolutions.com/system/CodeIgniter.php(825): App\Controllers\Home->course_details('course-four.htm...')
#6 /home3/jeansuco/hubtechitsolutions.com/system/CodeIgniter.php(412): CodeIgniter\CodeIgniter->runController(Object(App\Controllers\Home))
#7 /home3/jeansuco/hubtechitsolutions.com/system/CodeIgniter.php(320): CodeIgniter\CodeIgniter->handleRequest(NULL, Object(Config\Cache), false)
#8 /home3/jeansuco/hubtechitsolutions.com/index.php(37): CodeIgniter\CodeIgniter->run()
#9 {main}
CRITICAL - 2024-06-12 07:14:11 --> Attempt to read property "course_full_name" on null
#0 /home3/jeansuco/hubtechitsolutions.com/app/Views/course-detail.php(10): CodeIgniter\Debug\Exceptions->errorHandler(2, 'Attempt to read...', '/home3/jeansuco...', 10)
#1 /home3/jeansuco/hubtechitsolutions.com/system/View/View.php(210): include('/home3/jeansuco...')
#2 /home3/jeansuco/hubtechitsolutions.com/system/View/View.php(213): CodeIgniter\View\View->CodeIgniter\View\{closure}()
#3 /home3/jeansuco/hubtechitsolutions.com/system/Common.php(1089): CodeIgniter\View\View->render('course-detail', Array, true)
#4 /home3/jeansuco/hubtechitsolutions.com/app/Controllers/Home.php(40): view('course-detail', Array)
#5 /home3/jeansuco/hubtechitsolutions.com/system/CodeIgniter.php(825): App\Controllers\Home->course_details('course-two.html')
#6 /home3/jeansuco/hubtechitsolutions.com/system/CodeIgniter.php(412): CodeIgniter\CodeIgniter->runController(Object(App\Controllers\Home))
#7 /home3/jeansuco/hubtechitsolutions.com/system/CodeIgniter.php(320): CodeIgniter\CodeIgniter->handleRequest(NULL, Object(Config\Cache), false)
#8 /home3/jeansuco/hubtechitsolutions.com/index.php(37): CodeIgniter\CodeIgniter->run()
#9 {main}
CRITICAL - 2024-06-12 07:29:26 --> Attempt to read property "course_full_name" on null
#0 /home3/jeansuco/hubtechitsolutions.com/app/Views/course-detail.php(10): CodeIgniter\Debug\Exceptions->errorHandler(2, 'Attempt to read...', '/home3/jeansuco...', 10)
#1 /home3/jeansuco/hubtechitsolutions.com/system/View/View.php(210): include('/home3/jeansuco...')
#2 /home3/jeansuco/hubtechitsolutions.com/system/View/View.php(213): CodeIgniter\View\View->CodeIgniter\View\{closure}()
#3 /home3/jeansuco/hubtechitsolutions.com/system/Common.php(1089): CodeIgniter\View\View->render('course-detail', Array, true)
#4 /home3/jeansuco/hubtechitsolutions.com/app/Controllers/Home.php(40): view('course-detail', Array)
#5 /home3/jeansuco/hubtechitsolutions.com/system/CodeIgniter.php(825): App\Controllers\Home->course_details('course-three.ht...')
#6 /home3/jeansuco/hubtechitsolutions.com/system/CodeIgniter.php(412): CodeIgniter\CodeIgniter->runController(Object(App\Controllers\Home))
#7 /home3/jeansuco/hubtechitsolutions.com/system/CodeIgniter.php(320): CodeIgniter\CodeIgniter->handleRequest(NULL, Object(Config\Cache), false)
#8 /home3/jeansuco/hubtechitsolutions.com/index.php(37): CodeIgniter\CodeIgniter->run()
#9 {main}
CRITICAL - 2024-06-12 11:51:06 --> Attempt to read property "course_full_name" on null
#0 /home3/jeansuco/hubtechitsolutions.com/app/Views/course-detail.php(10): CodeIgniter\Debug\Exceptions->errorHandler(2, 'Attempt to read...', '/home3/jeansuco...', 10)
#1 /home3/jeansuco/hubtechitsolutions.com/system/View/View.php(210): include('/home3/jeansuco...')
#2 /home3/jeansuco/hubtechitsolutions.com/system/View/View.php(213): CodeIgniter\View\View->CodeIgniter\View\{closure}()
#3 /home3/jeansuco/hubtechitsolutions.com/system/Common.php(1089): CodeIgniter\View\View->render('course-detail', Array, true)
#4 /home3/jeansuco/hubtechitsolutions.com/app/Controllers/Home.php(40): view('course-detail', Array)
#5 /home3/jeansuco/hubtechitsolutions.com/system/CodeIgniter.php(825): App\Controllers\Home->course_details('event-grid.html')
#6 /home3/jeansuco/hubtechitsolutions.com/system/CodeIgniter.php(412): CodeIgniter\CodeIgniter->runController(Object(App\Controllers\Home))
#7 /home3/jeansuco/hubtechitsolutions.com/system/CodeIgniter.php(320): CodeIgniter\CodeIgniter->handleRequest(NULL, Object(Config\Cache), false)
#8 /home3/jeansuco/hubtechitsolutions.com/index.php(37): CodeIgniter\CodeIgniter->run()
#9 {main}
CRITICAL - 2024-06-12 13:22:46 --> Attempt to read property "course_full_name" on null
#0 /home3/jeansuco/hubtechitsolutions.com/app/Views/course-detail.php(10): CodeIgniter\Debug\Exceptions->errorHandler(2, 'Attempt to read...', '/home3/jeansuco...', 10)
#1 /home3/jeansuco/hubtechitsolutions.com/system/View/View.php(210): include('/home3/jeansuco...')
#2 /home3/jeansuco/hubtechitsolutions.com/system/View/View.php(213): CodeIgniter\View\View->CodeIgniter\View\{closure}()
#3 /home3/jeansuco/hubtechitsolutions.com/system/Common.php(1089): CodeIgniter\View\View->render('course-detail', Array, true)
#4 /home3/jeansuco/hubtechitsolutions.com/app/Controllers/Home.php(40): view('course-detail', Array)
#5 /home3/jeansuco/hubtechitsolutions.com/system/CodeIgniter.php(825): App\Controllers\Home->course_details('team-one.html')
#6 /home3/jeansuco/hubtechitsolutions.com/system/CodeIgniter.php(412): CodeIgniter\CodeIgniter->runController(Object(App\Controllers\Home))
#7 /home3/jeansuco/hubtechitsolutions.com/system/CodeIgniter.php(320): CodeIgniter\CodeIgniter->handleRequest(NULL, Object(Config\Cache), false)
#8 /home3/jeansuco/hubtechitsolutions.com/index.php(37): CodeIgniter\CodeIgniter->run()
#9 {main}
CRITICAL - 2024-06-12 15:02:23 --> Attempt to read property "course_full_name" on null
#0 /home3/jeansuco/hubtechitsolutions.com/app/Views/course-detail.php(10): CodeIgniter\Debug\Exceptions->errorHandler(2, 'Attempt to read...', '/home3/jeansuco...', 10)
#1 /home3/jeansuco/hubtechitsolutions.com/system/View/View.php(210): include('/home3/jeansuco...')
#2 /home3/jeansuco/hubtechitsolutions.com/system/View/View.php(213): CodeIgniter\View\View->CodeIgniter\View\{closure}()
#3 /home3/jeansuco/hubtechitsolutions.com/system/Common.php(1089): CodeIgniter\View\View->render('course-detail', Array, true)
#4 /home3/jeansuco/hubtechitsolutions.com/app/Controllers/Home.php(40): view('course-detail', Array)
#5 /home3/jeansuco/hubtechitsolutions.com/system/CodeIgniter.php(825): App\Controllers\Home->course_details('course-five.htm...')
#6 /home3/jeansuco/hubtechitsolutions.com/system/CodeIgniter.php(412): CodeIgniter\CodeIgniter->runController(Object(App\Controllers\Home))
#7 /home3/jeansuco/hubtechitsolutions.com/system/CodeIgniter.php(320): CodeIgniter\CodeIgniter->handleRequest(NULL, Object(Config\Cache), false)
#8 /home3/jeansuco/hubtechitsolutions.com/index.php(37): CodeIgniter\CodeIgniter->run()
#9 {main}
CRITICAL - 2024-06-12 17:14:43 --> Attempt to read property "course_full_name" on null
#0 /home3/jeansuco/hubtechitsolutions.com/app/Views/course-detail.php(10): CodeIgniter\Debug\Exceptions->errorHandler(2, 'Attempt to read...', '/home3/jeansuco...', 10)
#1 /home3/jeansuco/hubtechitsolutions.com/system/View/View.php(210): include('/home3/jeansuco...')
#2 /home3/jeansuco/hubtechitsolutions.com/system/View/View.php(213): CodeIgniter\View\View->CodeIgniter\View\{closure}()
#3 /home3/jeansuco/hubtechitsolutions.com/system/Common.php(1089): CodeIgniter\View\View->render('course-detail', Array, true)
#4 /home3/jeansuco/hubtechitsolutions.com/app/Controllers/Home.php(40): view('course-detail', Array)
#5 /home3/jeansuco/hubtechitsolutions.com/system/CodeIgniter.php(825): App\Controllers\Home->course_details('team-one.html')
#6 /home3/jeansuco/hubtechitsolutions.com/system/CodeIgniter.php(412): CodeIgniter\CodeIgniter->runController(Object(App\Controllers\Home))
#7 /home3/jeansuco/hubtechitsolutions.com/system/CodeIgniter.php(320): CodeIgniter\CodeIgniter->handleRequest(NULL, Object(Config\Cache), false)
#8 /home3/jeansuco/hubtechitsolutions.com/index.php(37): CodeIgniter\CodeIgniter->run()
#9 {main}
CRITICAL - 2024-06-12 17:52:15 --> Attempt to read property "course_full_name" on null
#0 /home3/jeansuco/hubtechitsolutions.com/app/Views/course-detail.php(10): CodeIgniter\Debug\Exceptions->errorHandler(2, 'Attempt to read...', '/home3/jeansuco...', 10)
#1 /home3/jeansuco/hubtechitsolutions.com/system/View/View.php(210): include('/home3/jeansuco...')
#2 /home3/jeansuco/hubtechitsolutions.com/system/View/View.php(213): CodeIgniter\View\View->CodeIgniter\View\{closure}()
#3 /home3/jeansuco/hubtechitsolutions.com/system/Common.php(1089): CodeIgniter\View\View->render('course-detail', Array, true)
#4 /home3/jeansuco/hubtechitsolutions.com/app/Controllers/Home.php(40): view('course-detail', Array)
#5 /home3/jeansuco/hubtechitsolutions.com/system/CodeIgniter.php(825): App\Controllers\Home->course_details('course-one.html')
#6 /home3/jeansuco/hubtechitsolutions.com/system/CodeIgniter.php(412): CodeIgniter\CodeIgniter->runController(Object(App\Controllers\Home))
#7 /home3/jeansuco/hubtechitsolutions.com/system/CodeIgniter.php(320): CodeIgniter\CodeIgniter->handleRequest(NULL, Object(Config\Cache), false)
#8 /home3/jeansuco/hubtechitsolutions.com/index.php(37): CodeIgniter\CodeIgniter->run()
#9 {main}
CRITICAL - 2024-06-12 18:00:21 --> Attempt to read property "course_full_name" on null
#0 /home3/jeansuco/hubtechitsolutions.com/app/Views/course-detail.php(10): CodeIgniter\Debug\Exceptions->errorHandler(2, 'Attempt to read...', '/home3/jeansuco...', 10)
#1 /home3/jeansuco/hubtechitsolutions.com/system/View/View.php(210): include('/home3/jeansuco...')
#2 /home3/jeansuco/hubtechitsolutions.com/system/View/View.php(213): CodeIgniter\View\View->CodeIgniter\View\{closure}()
#3 /home3/jeansuco/hubtechitsolutions.com/system/Common.php(1089): CodeIgniter\View\View->render('course-detail', Array, true)
#4 /home3/jeansuco/hubtechitsolutions.com/app/Controllers/Home.php(40): view('course-detail', Array)
#5 /home3/jeansuco/hubtechitsolutions.com/system/CodeIgniter.php(825): App\Controllers\Home->course_details('index.html')
#6 /home3/jeansuco/hubtechitsolutions.com/system/CodeIgniter.php(412): CodeIgniter\CodeIgniter->runController(Object(App\Controllers\Home))
#7 /home3/jeansuco/hubtechitsolutions.com/system/CodeIgniter.php(320): CodeIgniter\CodeIgniter->handleRequest(NULL, Object(Config\Cache), false)
#8 /home3/jeansuco/hubtechitsolutions.com/index.php(37): CodeIgniter\CodeIgniter->run()
#9 {main}
CRITICAL - 2024-06-12 19:00:04 --> Attempt to read property "course_full_name" on null
#0 /home3/jeansuco/hubtechitsolutions.com/app/Views/course-detail.php(10): CodeIgniter\Debug\Exceptions->errorHandler(2, 'Attempt to read...', '/home3/jeansuco...', 10)
#1 /home3/jeansuco/hubtechitsolutions.com/system/View/View.php(210): include('/home3/jeansuco...')
#2 /home3/jeansuco/hubtechitsolutions.com/system/View/View.php(213): CodeIgniter\View\View->CodeIgniter\View\{closure}()
#3 /home3/jeansuco/hubtechitsolutions.com/system/Common.php(1089): CodeIgniter\View\View->render('course-detail', Array, true)
#4 /home3/jeansuco/hubtechitsolutions.com/app/Controllers/Home.php(40): view('course-detail', Array)
#5 /home3/jeansuco/hubtechitsolutions.com/system/CodeIgniter.php(825): App\Controllers\Home->course_details('index.html')
#6 /home3/jeansuco/hubtechitsolutions.com/system/CodeIgniter.php(412): CodeIgniter\CodeIgniter->runController(Object(App\Controllers\Home))
#7 /home3/jeansuco/hubtechitsolutions.com/system/CodeIgniter.php(320): CodeIgniter\CodeIgniter->handleRequest(NULL, Object(Config\Cache), false)
#8 /home3/jeansuco/hubtechitsolutions.com/index.php(37): CodeIgniter\CodeIgniter->run()
#9 {main}
CRITICAL - 2024-06-12 20:56:05 --> Attempt to read property "course_full_name" on null
#0 /home3/jeansuco/hubtechitsolutions.com/app/Views/course-detail.php(10): CodeIgniter\Debug\Exceptions->errorHandler(2, 'Attempt to read...', '/home3/jeansuco...', 10)
#1 /home3/jeansuco/hubtechitsolutions.com/system/View/View.php(210): include('/home3/jeansuco...')
#2 /home3/jeansuco/hubtechitsolutions.com/system/View/View.php(213): CodeIgniter\View\View->CodeIgniter\View\{closure}()
#3 /home3/jeansuco/hubtechitsolutions.com/system/Common.php(1089): CodeIgniter\View\View->render('course-detail', Array, true)
#4 /home3/jeansuco/hubtechitsolutions.com/app/Controllers/Home.php(40): view('course-detail', Array)
#5 /home3/jeansuco/hubtechitsolutions.com/system/CodeIgniter.php(825): App\Controllers\Home->course_details('index.html')
#6 /home3/jeansuco/hubtechitsolutions.com/system/CodeIgniter.php(412): CodeIgniter\CodeIgniter->runController(Object(App\Controllers\Home))
#7 /home3/jeansuco/hubtechitsolutions.com/system/CodeIgniter.php(320): CodeIgniter\CodeIgniter->handleRequest(NULL, Object(Config\Cache), false)
#8 /home3/jeansuco/hubtechitsolutions.com/index.php(37): CodeIgniter\CodeIgniter->run()
#9 {main}
CRITICAL - 2024-06-12 22:01:39 --> Attempt to read property "course_full_name" on null
#0 /home3/jeansuco/hubtechitsolutions.com/app/Views/course-detail.php(10): CodeIgniter\Debug\Exceptions->errorHandler(2, 'Attempt to read...', '/home3/jeansuco...', 10)
#1 /home3/jeansuco/hubtechitsolutions.com/system/View/View.php(210): include('/home3/jeansuco...')
#2 /home3/jeansuco/hubtechitsolutions.com/system/View/View.php(213): CodeIgniter\View\View->CodeIgniter\View\{closure}()
#3 /home3/jeansuco/hubtechitsolutions.com/system/Common.php(1089): CodeIgniter\View\View->render('course-detail', Array, true)
#4 /home3/jeansuco/hubtechitsolutions.com/app/Controllers/Home.php(40): view('course-detail', Array)
#5 /home3/jeansuco/hubtechitsolutions.com/system/CodeIgniter.php(825): App\Controllers\Home->course_details('course-three.ht...')
#6 /home3/jeansuco/hubtechitsolutions.com/system/CodeIgniter.php(412): CodeIgniter\CodeIgniter->runController(Object(App\Controllers\Home))
#7 /home3/jeansuco/hubtechitsolutions.com/system/CodeIgniter.php(320): CodeIgniter\CodeIgniter->handleRequest(NULL, Object(Config\Cache), false)
#8 /home3/jeansuco/hubtechitsolutions.com/index.php(37): CodeIgniter\CodeIgniter->run()
#9 {main}
