CRITICAL - 2022-12-30 06:32:28 --> Undefined variable: request
#0 C:\xampp\htdocs\ci4\mygateway\app\Controllers\Admin.php(273): CodeIgniter\Debug\Exceptions->errorHandler(8, 'Undefined varia...', 'C:\\xampp\\htdocs...', 273, Array)
#1 C:\xampp\htdocs\ci4\mygateway\system\CodeIgniter.php(825): App\Controllers\Admin->editgroup('5')
#2 C:\xampp\htdocs\ci4\mygateway\system\CodeIgniter.php(412): CodeIgniter\CodeIgniter->runController(Object(App\Controllers\Admin))
#3 C:\xampp\htdocs\ci4\mygateway\system\CodeIgniter.php(320): CodeIgniter\CodeIgniter->handleRequest(NULL, Object(Config\Cache), false)
#4 C:\xampp\htdocs\ci4\mygateway\index.php(37): CodeIgniter\CodeIgniter->run()
#5 {main}
CRITICAL - 2022-12-30 06:33:43 --> Trying to get property 'id' of non-object
#0 C:\xampp\htdocs\ci4\mygateway\app\Controllers\Admin.php(276): CodeIgniter\Debug\Exceptions->errorHandler(8, 'Trying to get p...', 'C:\\xampp\\htdocs...', 276, Array)
#1 C:\xampp\htdocs\ci4\mygateway\system\CodeIgniter.php(825): App\Controllers\Admin->editgroup('5')
#2 C:\xampp\htdocs\ci4\mygateway\system\CodeIgniter.php(412): CodeIgniter\CodeIgniter->runController(Object(App\Controllers\Admin))
#3 C:\xampp\htdocs\ci4\mygateway\system\CodeIgniter.php(320): CodeIgniter\CodeIgniter->handleRequest(NULL, Object(Config\Cache), false)
#4 C:\xampp\htdocs\ci4\mygateway\index.php(37): CodeIgniter\CodeIgniter->run()
#5 {main}
CRITICAL - 2022-12-30 06:34:41 --> Trying to get property 'user_id' of non-object
#0 C:\xampp\htdocs\ci4\mygateway\app\Controllers\Admin.php(276): CodeIgniter\Debug\Exceptions->errorHandler(8, 'Trying to get p...', 'C:\\xampp\\htdocs...', 276, Array)
#1 C:\xampp\htdocs\ci4\mygateway\system\CodeIgniter.php(825): App\Controllers\Admin->editgroup('5')
#2 C:\xampp\htdocs\ci4\mygateway\system\CodeIgniter.php(412): CodeIgniter\CodeIgniter->runController(Object(App\Controllers\Admin))
#3 C:\xampp\htdocs\ci4\mygateway\system\CodeIgniter.php(320): CodeIgniter\CodeIgniter->handleRequest(NULL, Object(Config\Cache), false)
#4 C:\xampp\htdocs\ci4\mygateway\index.php(37): CodeIgniter\CodeIgniter->run()
#5 {main}
CRITICAL - 2022-12-30 07:11:15 --> Argument 1 passed to CodeIgniter\HTTP\RedirectResponse::with() must be of the type string, array given, called in C:\xampp\htdocs\ci4\mygateway\app\Controllers\Admin.php on line 312
#0 C:\xampp\htdocs\ci4\mygateway\app\Controllers\Admin.php(312): CodeIgniter\HTTP\RedirectResponse->with(Array)
#1 C:\xampp\htdocs\ci4\mygateway\system\CodeIgniter.php(825): App\Controllers\Admin->deletegroup('1')
#2 C:\xampp\htdocs\ci4\mygateway\system\CodeIgniter.php(412): CodeIgniter\CodeIgniter->runController(Object(App\Controllers\Admin))
#3 C:\xampp\htdocs\ci4\mygateway\system\CodeIgniter.php(320): CodeIgniter\CodeIgniter->handleRequest(NULL, Object(Config\Cache), false)
#4 C:\xampp\htdocs\ci4\mygateway\index.php(37): CodeIgniter\CodeIgniter->run()
#5 {main}
CRITICAL - 2022-12-30 07:50:05 --> Call to undefined function is_privilege()
#0 C:\xampp\htdocs\ci4\mygateway\system\View\View.php(210): include()
#1 C:\xampp\htdocs\ci4\mygateway\system\View\View.php(213): CodeIgniter\View\View->CodeIgniter\View\{closure}()
#2 C:\xampp\htdocs\ci4\mygateway\system\View\View.php(424): CodeIgniter\View\View->render('admin/_layout/s...', NULL, true)
#3 C:\xampp\htdocs\ci4\mygateway\app\Views\admin\_layout\master.php(22): CodeIgniter\View\View->include('admin/_layout/s...')
#4 C:\xampp\htdocs\ci4\mygateway\system\View\View.php(210): include('C:\\xampp\\htdocs...')
#5 C:\xampp\htdocs\ci4\mygateway\system\View\View.php(213): CodeIgniter\View\View->CodeIgniter\View\{closure}()
#6 C:\xampp\htdocs\ci4\mygateway\system\View\View.php(226): CodeIgniter\View\View->render('admin/_layout/m...', Array, true)
#7 C:\xampp\htdocs\ci4\mygateway\system\Common.php(1089): CodeIgniter\View\View->render('admin/auth-fail', Array, true)
#8 C:\xampp\htdocs\ci4\mygateway\app\Config\Routes.php(36): view('admin/auth-fail')
#9 C:\xampp\htdocs\ci4\mygateway\system\CodeIgniter.php(781): CodeIgniter\CodeIgniter->Config\{closure}()
#10 C:\xampp\htdocs\ci4\mygateway\system\CodeIgniter.php(399): CodeIgniter\CodeIgniter->startController()
#11 C:\xampp\htdocs\ci4\mygateway\system\CodeIgniter.php(320): CodeIgniter\CodeIgniter->handleRequest(NULL, Object(Config\Cache), false)
#12 C:\xampp\htdocs\ci4\mygateway\index.php(37): CodeIgniter\CodeIgniter->run()
#13 {main}
CRITICAL - 2022-12-30 07:50:19 --> Call to undefined function is_privilege()
#0 C:\xampp\htdocs\ci4\mygateway\system\View\View.php(210): include()
#1 C:\xampp\htdocs\ci4\mygateway\system\View\View.php(213): CodeIgniter\View\View->CodeIgniter\View\{closure}()
#2 C:\xampp\htdocs\ci4\mygateway\system\View\View.php(424): CodeIgniter\View\View->render('admin/_layout/s...', NULL, true)
#3 C:\xampp\htdocs\ci4\mygateway\app\Views\admin\_layout\master.php(22): CodeIgniter\View\View->include('admin/_layout/s...')
#4 C:\xampp\htdocs\ci4\mygateway\system\View\View.php(210): include('C:\\xampp\\htdocs...')
#5 C:\xampp\htdocs\ci4\mygateway\system\View\View.php(213): CodeIgniter\View\View->CodeIgniter\View\{closure}()
#6 C:\xampp\htdocs\ci4\mygateway\system\View\View.php(226): CodeIgniter\View\View->render('admin/_layout/m...', Array, true)
#7 C:\xampp\htdocs\ci4\mygateway\system\Common.php(1089): CodeIgniter\View\View->render('admin/auth-fail', Array, true)
#8 C:\xampp\htdocs\ci4\mygateway\app\Config\Routes.php(36): view('admin/auth-fail')
#9 C:\xampp\htdocs\ci4\mygateway\system\CodeIgniter.php(781): CodeIgniter\CodeIgniter->Config\{closure}()
#10 C:\xampp\htdocs\ci4\mygateway\system\CodeIgniter.php(399): CodeIgniter\CodeIgniter->startController()
#11 C:\xampp\htdocs\ci4\mygateway\system\CodeIgniter.php(320): CodeIgniter\CodeIgniter->handleRequest(NULL, Object(Config\Cache), false)
#12 C:\xampp\htdocs\ci4\mygateway\index.php(37): CodeIgniter\CodeIgniter->run()
#13 {main}
CRITICAL - 2022-12-30 08:27:46 --> Call to undefined function is_privilege()
#0 C:\xampp\htdocs\ci4\mygateway\system\View\View.php(210): include()
#1 C:\xampp\htdocs\ci4\mygateway\system\View\View.php(213): CodeIgniter\View\View->CodeIgniter\View\{closure}()
#2 C:\xampp\htdocs\ci4\mygateway\system\View\View.php(424): CodeIgniter\View\View->render('admin/_layout/s...', NULL, true)
#3 C:\xampp\htdocs\ci4\mygateway\app\Views\admin\_layout\master.php(22): CodeIgniter\View\View->include('admin/_layout/s...')
#4 C:\xampp\htdocs\ci4\mygateway\system\View\View.php(210): include('C:\\xampp\\htdocs...')
#5 C:\xampp\htdocs\ci4\mygateway\system\View\View.php(213): CodeIgniter\View\View->CodeIgniter\View\{closure}()
#6 C:\xampp\htdocs\ci4\mygateway\system\View\View.php(226): CodeIgniter\View\View->render('admin/_layout/m...', Array, true)
#7 C:\xampp\htdocs\ci4\mygateway\system\Common.php(1089): CodeIgniter\View\View->render('admin/auth-fail', Array, true)
#8 C:\xampp\htdocs\ci4\mygateway\app\Config\Routes.php(36): view('admin/auth-fail')
#9 C:\xampp\htdocs\ci4\mygateway\system\CodeIgniter.php(781): CodeIgniter\CodeIgniter->Config\{closure}()
#10 C:\xampp\htdocs\ci4\mygateway\system\CodeIgniter.php(399): CodeIgniter\CodeIgniter->startController()
#11 C:\xampp\htdocs\ci4\mygateway\system\CodeIgniter.php(320): CodeIgniter\CodeIgniter->handleRequest(NULL, Object(Config\Cache), false)
#12 C:\xampp\htdocs\ci4\mygateway\index.php(37): CodeIgniter\CodeIgniter->run()
#13 {main}
CRITICAL - 2022-12-30 08:28:58 --> Call to undefined function url()
#0 C:\xampp\htdocs\ci4\mygateway\system\View\View.php(210): include()
#1 C:\xampp\htdocs\ci4\mygateway\system\View\View.php(213): CodeIgniter\View\View->CodeIgniter\View\{closure}()
#2 C:\xampp\htdocs\ci4\mygateway\system\View\View.php(424): CodeIgniter\View\View->render('admin/_layout/s...', NULL, true)
#3 C:\xampp\htdocs\ci4\mygateway\app\Views\admin\_layout\master.php(22): CodeIgniter\View\View->include('admin/_layout/s...')
#4 C:\xampp\htdocs\ci4\mygateway\system\View\View.php(210): include('C:\\xampp\\htdocs...')
#5 C:\xampp\htdocs\ci4\mygateway\system\View\View.php(213): CodeIgniter\View\View->CodeIgniter\View\{closure}()
#6 C:\xampp\htdocs\ci4\mygateway\system\View\View.php(226): CodeIgniter\View\View->render('admin/_layout/m...', Array, true)
#7 C:\xampp\htdocs\ci4\mygateway\system\Common.php(1089): CodeIgniter\View\View->render('admin/auth-fail', Array, true)
#8 C:\xampp\htdocs\ci4\mygateway\app\Config\Routes.php(36): view('admin/auth-fail')
#9 C:\xampp\htdocs\ci4\mygateway\system\CodeIgniter.php(781): CodeIgniter\CodeIgniter->Config\{closure}()
#10 C:\xampp\htdocs\ci4\mygateway\system\CodeIgniter.php(399): CodeIgniter\CodeIgniter->startController()
#11 C:\xampp\htdocs\ci4\mygateway\system\CodeIgniter.php(320): CodeIgniter\CodeIgniter->handleRequest(NULL, Object(Config\Cache), false)
#12 C:\xampp\htdocs\ci4\mygateway\index.php(37): CodeIgniter\CodeIgniter->run()
#13 {main}
