CRITICAL - 2023-03-04 10:09:31 --> Invalid file: admin/cms/cms_index.php
#0 C:\xampp\htdocs\ci4\hubtech\system\View\View.php(198): CodeIgniter\Exceptions\FrameworkException::forInvalidFile('admin/cms/cms_i...')
#1 C:\xampp\htdocs\ci4\hubtech\system\Common.php(1089): CodeIgniter\View\View->render('admin/cms/cms_i...', Array, true)
#2 C:\xampp\htdocs\ci4\hubtech\app\Controllers\Admin.php(350): view('admin/cms/cms_i...', Array)
#3 C:\xampp\htdocs\ci4\hubtech\system\CodeIgniter.php(825): App\Controllers\Admin->cms()
#4 C:\xampp\htdocs\ci4\hubtech\system\CodeIgniter.php(412): CodeIgniter\CodeIgniter->runController(Object(App\Controllers\Admin))
#5 C:\xampp\htdocs\ci4\hubtech\system\CodeIgniter.php(320): CodeIgniter\CodeIgniter->handleRequest(NULL, Object(Config\Cache), false)
#6 C:\xampp\htdocs\ci4\hubtech\index.php(37): CodeIgniter\CodeIgniter->run()
#7 {main}
CRITICAL - 2023-03-04 10:34:23 --> Invalid file: admin/layout/header.php
#0 C:\xampp\htdocs\ci4\hubtech\system\View\View.php(198): CodeIgniter\Exceptions\FrameworkException::forInvalidFile('admin/layout/he...')
#1 C:\xampp\htdocs\ci4\hubtech\system\View\View.php(424): CodeIgniter\View\View->render('admin/layout/he...', NULL, true)
#2 C:\xampp\htdocs\ci4\hubtech\app\Views\admin\cms\add_edit_cms.php(4): CodeIgniter\View\View->include('admin/layout/he...')
#3 C:\xampp\htdocs\ci4\hubtech\system\View\View.php(210): include('C:\\xampp\\htdocs...')
#4 C:\xampp\htdocs\ci4\hubtech\system\View\View.php(213): CodeIgniter\View\View->CodeIgniter\View\{closure}()
#5 C:\xampp\htdocs\ci4\hubtech\system\Common.php(1089): CodeIgniter\View\View->render('admin/cms/add_e...', Array, true)
#6 C:\xampp\htdocs\ci4\hubtech\app\Controllers\Admin.php(420): view('admin/cms/add_e...', Array)
#7 C:\xampp\htdocs\ci4\hubtech\system\CodeIgniter.php(825): App\Controllers\Admin->add_edit_cms()
#8 C:\xampp\htdocs\ci4\hubtech\system\CodeIgniter.php(412): CodeIgniter\CodeIgniter->runController(Object(App\Controllers\Admin))
#9 C:\xampp\htdocs\ci4\hubtech\system\CodeIgniter.php(320): CodeIgniter\CodeIgniter->handleRequest(NULL, Object(Config\Cache), false)
#10 C:\xampp\htdocs\ci4\hubtech\index.php(37): CodeIgniter\CodeIgniter->run()
#11 {main}
