CRITICAL - 2022-12-27 00:00:06 --> Class 'App\Models\Auth_model' not found
#0 C:\xampp\htdocs\ci4\mygateway\app\Views\admin\_layout\sidebar.php(34): is_privilege(1)
#1 C:\xampp\htdocs\ci4\mygateway\system\View\View.php(210): include('C:\\xampp\\htdocs...')
#2 C:\xampp\htdocs\ci4\mygateway\system\View\View.php(213): CodeIgniter\View\View->CodeIgniter\View\{closure}()
#3 C:\xampp\htdocs\ci4\mygateway\system\View\View.php(424): CodeIgniter\View\View->render('admin/_layout/s...', NULL, true)
#4 C:\xampp\htdocs\ci4\mygateway\app\Views\admin\_layout\master.php(20): CodeIgniter\View\View->include('admin/_layout/s...')
#5 C:\xampp\htdocs\ci4\mygateway\system\View\View.php(210): include('C:\\xampp\\htdocs...')
#6 C:\xampp\htdocs\ci4\mygateway\system\View\View.php(213): CodeIgniter\View\View->CodeIgniter\View\{closure}()
#7 C:\xampp\htdocs\ci4\mygateway\system\View\View.php(226): CodeIgniter\View\View->render('admin/_layout/m...', Array, true)
#8 C:\xampp\htdocs\ci4\mygateway\system\Common.php(1089): CodeIgniter\View\View->render('admin/dashboard', Array, true)
#9 C:\xampp\htdocs\ci4\mygateway\app\Controllers\Admin.php(15): view('admin/dashboard', Array)
#10 C:\xampp\htdocs\ci4\mygateway\system\CodeIgniter.php(825): App\Controllers\Admin->index()
#11 C:\xampp\htdocs\ci4\mygateway\system\CodeIgniter.php(412): CodeIgniter\CodeIgniter->runController(Object(App\Controllers\Admin))
#12 C:\xampp\htdocs\ci4\mygateway\system\CodeIgniter.php(320): CodeIgniter\CodeIgniter->handleRequest(NULL, Object(Config\Cache), false)
#13 C:\xampp\htdocs\ci4\mygateway\index.php(37): CodeIgniter\CodeIgniter->run()
#14 {main}
CRITICAL - 2022-12-27 00:00:08 --> Class 'App\Models\Auth_model' not found
#0 C:\xampp\htdocs\ci4\mygateway\app\Views\admin\_layout\sidebar.php(34): is_privilege(1)
#1 C:\xampp\htdocs\ci4\mygateway\system\View\View.php(210): include('C:\\xampp\\htdocs...')
#2 C:\xampp\htdocs\ci4\mygateway\system\View\View.php(213): CodeIgniter\View\View->CodeIgniter\View\{closure}()
#3 C:\xampp\htdocs\ci4\mygateway\system\View\View.php(424): CodeIgniter\View\View->render('admin/_layout/s...', NULL, true)
#4 C:\xampp\htdocs\ci4\mygateway\app\Views\admin\_layout\master.php(20): CodeIgniter\View\View->include('admin/_layout/s...')
#5 C:\xampp\htdocs\ci4\mygateway\system\View\View.php(210): include('C:\\xampp\\htdocs...')
#6 C:\xampp\htdocs\ci4\mygateway\system\View\View.php(213): CodeIgniter\View\View->CodeIgniter\View\{closure}()
#7 C:\xampp\htdocs\ci4\mygateway\system\View\View.php(226): CodeIgniter\View\View->render('admin/_layout/m...', Array, true)
#8 C:\xampp\htdocs\ci4\mygateway\system\Common.php(1089): CodeIgniter\View\View->render('admin/dashboard', Array, true)
#9 C:\xampp\htdocs\ci4\mygateway\app\Controllers\Admin.php(15): view('admin/dashboard', Array)
#10 C:\xampp\htdocs\ci4\mygateway\system\CodeIgniter.php(825): App\Controllers\Admin->index()
#11 C:\xampp\htdocs\ci4\mygateway\system\CodeIgniter.php(412): CodeIgniter\CodeIgniter->runController(Object(App\Controllers\Admin))
#12 C:\xampp\htdocs\ci4\mygateway\system\CodeIgniter.php(320): CodeIgniter\CodeIgniter->handleRequest(NULL, Object(Config\Cache), false)
#13 C:\xampp\htdocs\ci4\mygateway\index.php(37): CodeIgniter\CodeIgniter->run()
#14 {main}
CRITICAL - 2022-12-27 00:00:30 --> Class 'App\Models\Auth_model' not found
#0 C:\xampp\htdocs\ci4\mygateway\app\Views\admin\_layout\sidebar.php(34): is_privilege(1)
#1 C:\xampp\htdocs\ci4\mygateway\system\View\View.php(210): include('C:\\xampp\\htdocs...')
#2 C:\xampp\htdocs\ci4\mygateway\system\View\View.php(213): CodeIgniter\View\View->CodeIgniter\View\{closure}()
#3 C:\xampp\htdocs\ci4\mygateway\system\View\View.php(424): CodeIgniter\View\View->render('admin/_layout/s...', NULL, true)
#4 C:\xampp\htdocs\ci4\mygateway\app\Views\admin\_layout\master.php(20): CodeIgniter\View\View->include('admin/_layout/s...')
#5 C:\xampp\htdocs\ci4\mygateway\system\View\View.php(210): include('C:\\xampp\\htdocs...')
#6 C:\xampp\htdocs\ci4\mygateway\system\View\View.php(213): CodeIgniter\View\View->CodeIgniter\View\{closure}()
#7 C:\xampp\htdocs\ci4\mygateway\system\View\View.php(226): CodeIgniter\View\View->render('admin/_layout/m...', Array, true)
#8 C:\xampp\htdocs\ci4\mygateway\system\Common.php(1089): CodeIgniter\View\View->render('admin/dashboard', Array, true)
#9 C:\xampp\htdocs\ci4\mygateway\app\Controllers\Admin.php(15): view('admin/dashboard', Array)
#10 C:\xampp\htdocs\ci4\mygateway\system\CodeIgniter.php(825): App\Controllers\Admin->index()
#11 C:\xampp\htdocs\ci4\mygateway\system\CodeIgniter.php(412): CodeIgniter\CodeIgniter->runController(Object(App\Controllers\Admin))
#12 C:\xampp\htdocs\ci4\mygateway\system\CodeIgniter.php(320): CodeIgniter\CodeIgniter->handleRequest(NULL, Object(Config\Cache), false)
#13 C:\xampp\htdocs\ci4\mygateway\index.php(37): CodeIgniter\CodeIgniter->run()
#14 {main}
CRITICAL - 2022-12-27 00:03:59 --> Trying to access array offset on value of type null
#0 C:\xampp\htdocs\ci4\mygateway\app\Views\admin\_layout\topbar.php(11): CodeIgniter\Debug\Exceptions->errorHandler(8, 'Trying to acces...', 'C:\\xampp\\htdocs...', 11, Array)
#1 C:\xampp\htdocs\ci4\mygateway\system\View\View.php(210): include('C:\\xampp\\htdocs...')
#2 C:\xampp\htdocs\ci4\mygateway\system\View\View.php(213): CodeIgniter\View\View->CodeIgniter\View\{closure}()
#3 C:\xampp\htdocs\ci4\mygateway\system\View\View.php(424): CodeIgniter\View\View->render('admin/_layout/t...', NULL, true)
#4 C:\xampp\htdocs\ci4\mygateway\app\Views\admin\_layout\master.php(23): CodeIgniter\View\View->include('admin/_layout/t...')
#5 C:\xampp\htdocs\ci4\mygateway\system\View\View.php(210): include('C:\\xampp\\htdocs...')
#6 C:\xampp\htdocs\ci4\mygateway\system\View\View.php(213): CodeIgniter\View\View->CodeIgniter\View\{closure}()
#7 C:\xampp\htdocs\ci4\mygateway\system\View\View.php(226): CodeIgniter\View\View->render('admin/_layout/m...', Array, true)
#8 C:\xampp\htdocs\ci4\mygateway\system\Common.php(1089): CodeIgniter\View\View->render('admin/dashboard', Array, true)
#9 C:\xampp\htdocs\ci4\mygateway\app\Controllers\Admin.php(15): view('admin/dashboard', Array)
#10 C:\xampp\htdocs\ci4\mygateway\system\CodeIgniter.php(825): App\Controllers\Admin->index()
#11 C:\xampp\htdocs\ci4\mygateway\system\CodeIgniter.php(412): CodeIgniter\CodeIgniter->runController(Object(App\Controllers\Admin))
#12 C:\xampp\htdocs\ci4\mygateway\system\CodeIgniter.php(320): CodeIgniter\CodeIgniter->handleRequest(NULL, Object(Config\Cache), false)
#13 C:\xampp\htdocs\ci4\mygateway\index.php(37): CodeIgniter\CodeIgniter->run()
#14 {main}
CRITICAL - 2022-12-27 00:04:11 --> Trying to access array offset on value of type null
#0 C:\xampp\htdocs\ci4\mygateway\app\Views\admin\_layout\topbar.php(11): CodeIgniter\Debug\Exceptions->errorHandler(8, 'Trying to acces...', 'C:\\xampp\\htdocs...', 11, Array)
#1 C:\xampp\htdocs\ci4\mygateway\system\View\View.php(210): include('C:\\xampp\\htdocs...')
#2 C:\xampp\htdocs\ci4\mygateway\system\View\View.php(213): CodeIgniter\View\View->CodeIgniter\View\{closure}()
#3 C:\xampp\htdocs\ci4\mygateway\system\View\View.php(424): CodeIgniter\View\View->render('admin/_layout/t...', NULL, true)
#4 C:\xampp\htdocs\ci4\mygateway\app\Views\admin\_layout\master.php(23): CodeIgniter\View\View->include('admin/_layout/t...')
#5 C:\xampp\htdocs\ci4\mygateway\system\View\View.php(210): include('C:\\xampp\\htdocs...')
#6 C:\xampp\htdocs\ci4\mygateway\system\View\View.php(213): CodeIgniter\View\View->CodeIgniter\View\{closure}()
#7 C:\xampp\htdocs\ci4\mygateway\system\View\View.php(226): CodeIgniter\View\View->render('admin/_layout/m...', Array, true)
#8 C:\xampp\htdocs\ci4\mygateway\system\Common.php(1089): CodeIgniter\View\View->render('admin/dashboard', Array, true)
#9 C:\xampp\htdocs\ci4\mygateway\app\Controllers\Admin.php(15): view('admin/dashboard', Array)
#10 C:\xampp\htdocs\ci4\mygateway\system\CodeIgniter.php(825): App\Controllers\Admin->index()
#11 C:\xampp\htdocs\ci4\mygateway\system\CodeIgniter.php(412): CodeIgniter\CodeIgniter->runController(Object(App\Controllers\Admin))
#12 C:\xampp\htdocs\ci4\mygateway\system\CodeIgniter.php(320): CodeIgniter\CodeIgniter->handleRequest(NULL, Object(Config\Cache), false)
#13 C:\xampp\htdocs\ci4\mygateway\index.php(37): CodeIgniter\CodeIgniter->run()
#14 {main}
CRITICAL - 2022-12-27 00:09:49 --> Trying to access array offset on value of type null
#0 C:\xampp\htdocs\ci4\mygateway\app\Models\Auth_model.php(28): CodeIgniter\Debug\Exceptions->errorHandler(8, 'Trying to acces...', 'C:\\xampp\\htdocs...', 28, Array)
#1 C:\xampp\htdocs\ci4\mygateway\app\Controllers\Auth.php(107): App\Models\Admin\Auth_model->get_profile_data()
#2 C:\xampp\htdocs\ci4\mygateway\system\CodeIgniter.php(825): App\Controllers\Auth->edit_profile()
#3 C:\xampp\htdocs\ci4\mygateway\system\CodeIgniter.php(412): CodeIgniter\CodeIgniter->runController(Object(App\Controllers\Auth))
#4 C:\xampp\htdocs\ci4\mygateway\system\CodeIgniter.php(320): CodeIgniter\CodeIgniter->handleRequest(NULL, Object(Config\Cache), false)
#5 C:\xampp\htdocs\ci4\mygateway\index.php(37): CodeIgniter\CodeIgniter->run()
#6 {main}
CRITICAL - 2022-12-27 00:10:24 --> Trying to access array offset on value of type null
#0 C:\xampp\htdocs\ci4\mygateway\app\Views\Auth\edit_profile.php(7): CodeIgniter\Debug\Exceptions->errorHandler(8, 'Trying to acces...', 'C:\\xampp\\htdocs...', 7, Array)
#1 C:\xampp\htdocs\ci4\mygateway\system\View\View.php(210): include('C:\\xampp\\htdocs...')
#2 C:\xampp\htdocs\ci4\mygateway\system\View\View.php(213): CodeIgniter\View\View->CodeIgniter\View\{closure}()
#3 C:\xampp\htdocs\ci4\mygateway\system\Common.php(1089): CodeIgniter\View\View->render('auth/edit_profi...', Array, true)
#4 C:\xampp\htdocs\ci4\mygateway\app\Controllers\Auth.php(108): view('auth/edit_profi...', Array)
#5 C:\xampp\htdocs\ci4\mygateway\system\CodeIgniter.php(825): App\Controllers\Auth->edit_profile()
#6 C:\xampp\htdocs\ci4\mygateway\system\CodeIgniter.php(412): CodeIgniter\CodeIgniter->runController(Object(App\Controllers\Auth))
#7 C:\xampp\htdocs\ci4\mygateway\system\CodeIgniter.php(320): CodeIgniter\CodeIgniter->handleRequest(NULL, Object(Config\Cache), false)
#8 C:\xampp\htdocs\ci4\mygateway\index.php(37): CodeIgniter\CodeIgniter->run()
#9 {main}
CRITICAL - 2022-12-27 00:28:05 --> syntax error, unexpected 'container' (T_STRING)
#0 C:\xampp\htdocs\ci4\mygateway\system\View\View.php(213): CodeIgniter\View\View->CodeIgniter\View\{closure}()
#1 C:\xampp\htdocs\ci4\mygateway\system\Common.php(1089): CodeIgniter\View\View->render('Auth/login', Array, true)
#2 C:\xampp\htdocs\ci4\mygateway\app\Controllers\Auth.php(66): view('Auth/login')
#3 C:\xampp\htdocs\ci4\mygateway\system\CodeIgniter.php(825): App\Controllers\Auth->login()
#4 C:\xampp\htdocs\ci4\mygateway\system\CodeIgniter.php(412): CodeIgniter\CodeIgniter->runController(Object(App\Controllers\Auth))
#5 C:\xampp\htdocs\ci4\mygateway\system\CodeIgniter.php(320): CodeIgniter\CodeIgniter->handleRequest(NULL, Object(Config\Cache), false)
#6 C:\xampp\htdocs\ci4\mygateway\index.php(37): CodeIgniter\CodeIgniter->run()
#7 {main}
CRITICAL - 2022-12-27 01:01:05 --> Cannot declare class App\Models\Common_model, because the name is already in use
#0 [internal function]: CodeIgniter\Debug\Exceptions->shutdownHandler()
#1 {main}
CRITICAL - 2022-12-27 01:17:55 --> Invalid file: admin/users/users_crud.php
#0 C:\xampp\htdocs\ci4\mygateway\system\View\View.php(198): CodeIgniter\Exceptions\FrameworkException::forInvalidFile('admin/users/use...')
#1 C:\xampp\htdocs\ci4\mygateway\system\Common.php(1089): CodeIgniter\View\View->render('admin/users/use...', Array, true)
#2 C:\xampp\htdocs\ci4\mygateway\app\Controllers\Admin.php(27): view('admin/users/use...', Array)
#3 C:\xampp\htdocs\ci4\mygateway\system\CodeIgniter.php(825): App\Controllers\Admin->add_user()
#4 C:\xampp\htdocs\ci4\mygateway\system\CodeIgniter.php(412): CodeIgniter\CodeIgniter->runController(Object(App\Controllers\Admin))
#5 C:\xampp\htdocs\ci4\mygateway\system\CodeIgniter.php(320): CodeIgniter\CodeIgniter->handleRequest(NULL, Object(Config\Cache), false)
#6 C:\xampp\htdocs\ci4\mygateway\index.php(37): CodeIgniter\CodeIgniter->run()
#7 {main}
CRITICAL - 2022-12-27 01:34:41 --> Call to undefined function display_error()
#0 C:\xampp\htdocs\ci4\mygateway\system\View\View.php(210): include()
#1 C:\xampp\htdocs\ci4\mygateway\system\View\View.php(213): CodeIgniter\View\View->CodeIgniter\View\{closure}()
#2 C:\xampp\htdocs\ci4\mygateway\system\Common.php(1089): CodeIgniter\View\View->render('admin/users/add...', Array, true)
#3 C:\xampp\htdocs\ci4\mygateway\app\Controllers\Admin.php(138): view('admin/users/add...', Array)
#4 C:\xampp\htdocs\ci4\mygateway\system\CodeIgniter.php(825): App\Controllers\Admin->add_user()
#5 C:\xampp\htdocs\ci4\mygateway\system\CodeIgniter.php(412): CodeIgniter\CodeIgniter->runController(Object(App\Controllers\Admin))
#6 C:\xampp\htdocs\ci4\mygateway\system\CodeIgniter.php(320): CodeIgniter\CodeIgniter->handleRequest(NULL, Object(Config\Cache), false)
#7 C:\xampp\htdocs\ci4\mygateway\index.php(37): CodeIgniter\CodeIgniter->run()
#8 {main}
CRITICAL - 2022-12-27 03:13:21 --> Class 'App\Controllers\Hash' not found
#0 C:\xampp\htdocs\ci4\mygateway\system\CodeIgniter.php(825): App\Controllers\Admin->add_user()
#1 C:\xampp\htdocs\ci4\mygateway\system\CodeIgniter.php(412): CodeIgniter\CodeIgniter->runController(Object(App\Controllers\Admin))
#2 C:\xampp\htdocs\ci4\mygateway\system\CodeIgniter.php(320): CodeIgniter\CodeIgniter->handleRequest(NULL, Object(Config\Cache), false)
#3 C:\xampp\htdocs\ci4\mygateway\index.php(37): CodeIgniter\CodeIgniter->run()
#4 {main}
CRITICAL - 2022-12-27 04:31:52 --> Undefined index: cpassword
#0 C:\xampp\htdocs\ci4\mygateway\app\Controllers\Admin.php(218): CodeIgniter\Debug\Exceptions->errorHandler(8, 'Undefined index...', 'C:\\xampp\\htdocs...', 218, Array)
#1 C:\xampp\htdocs\ci4\mygateway\system\CodeIgniter.php(825): App\Controllers\Admin->edit_user('1')
#2 C:\xampp\htdocs\ci4\mygateway\system\CodeIgniter.php(412): CodeIgniter\CodeIgniter->runController(Object(App\Controllers\Admin))
#3 C:\xampp\htdocs\ci4\mygateway\system\CodeIgniter.php(320): CodeIgniter\CodeIgniter->handleRequest(NULL, Object(Config\Cache), false)
#4 C:\xampp\htdocs\ci4\mygateway\index.php(37): CodeIgniter\CodeIgniter->run()
#5 {main}
CRITICAL - 2022-12-27 04:34:41 --> Undefined index: cpassword
#0 C:\xampp\htdocs\ci4\mygateway\app\Controllers\Admin.php(218): CodeIgniter\Debug\Exceptions->errorHandler(8, 'Undefined index...', 'C:\\xampp\\htdocs...', 218, Array)
#1 C:\xampp\htdocs\ci4\mygateway\system\CodeIgniter.php(825): App\Controllers\Admin->edit_user('1')
#2 C:\xampp\htdocs\ci4\mygateway\system\CodeIgniter.php(412): CodeIgniter\CodeIgniter->runController(Object(App\Controllers\Admin))
#3 C:\xampp\htdocs\ci4\mygateway\system\CodeIgniter.php(320): CodeIgniter\CodeIgniter->handleRequest(NULL, Object(Config\Cache), false)
#4 C:\xampp\htdocs\ci4\mygateway\index.php(37): CodeIgniter\CodeIgniter->run()
#5 {main}
CRITICAL - 2022-12-27 04:36:15 --> Call to a member function hasError() on array
#0 C:\xampp\htdocs\ci4\mygateway\app\Views\admin\users\edit_user.php(26): display_error(Array, 'name')
#1 C:\xampp\htdocs\ci4\mygateway\system\View\View.php(210): include('C:\\xampp\\htdocs...')
#2 C:\xampp\htdocs\ci4\mygateway\system\View\View.php(213): CodeIgniter\View\View->CodeIgniter\View\{closure}()
#3 C:\xampp\htdocs\ci4\mygateway\system\Common.php(1089): CodeIgniter\View\View->render('admin/users/edi...', Array, true)
#4 C:\xampp\htdocs\ci4\mygateway\app\Controllers\Admin.php(242): view('admin/users/edi...', Array)
#5 C:\xampp\htdocs\ci4\mygateway\system\CodeIgniter.php(825): App\Controllers\Admin->edit_user('1')
#6 C:\xampp\htdocs\ci4\mygateway\system\CodeIgniter.php(412): CodeIgniter\CodeIgniter->runController(Object(App\Controllers\Admin))
#7 C:\xampp\htdocs\ci4\mygateway\system\CodeIgniter.php(320): CodeIgniter\CodeIgniter->handleRequest(NULL, Object(Config\Cache), false)
#8 C:\xampp\htdocs\ci4\mygateway\index.php(37): CodeIgniter\CodeIgniter->run()
#9 {main}
CRITICAL - 2022-12-27 04:37:58 --> Call to a member function hasError() on array
#0 C:\xampp\htdocs\ci4\mygateway\app\Views\admin\users\edit_user.php(33): display_error(Array, 'email')
#1 C:\xampp\htdocs\ci4\mygateway\system\View\View.php(210): include('C:\\xampp\\htdocs...')
#2 C:\xampp\htdocs\ci4\mygateway\system\View\View.php(213): CodeIgniter\View\View->CodeIgniter\View\{closure}()
#3 C:\xampp\htdocs\ci4\mygateway\system\Common.php(1089): CodeIgniter\View\View->render('admin/users/edi...', Array, true)
#4 C:\xampp\htdocs\ci4\mygateway\app\Controllers\Admin.php(242): view('admin/users/edi...', Array)
#5 C:\xampp\htdocs\ci4\mygateway\system\CodeIgniter.php(825): App\Controllers\Admin->edit_user('1')
#6 C:\xampp\htdocs\ci4\mygateway\system\CodeIgniter.php(412): CodeIgniter\CodeIgniter->runController(Object(App\Controllers\Admin))
#7 C:\xampp\htdocs\ci4\mygateway\system\CodeIgniter.php(320): CodeIgniter\CodeIgniter->handleRequest(NULL, Object(Config\Cache), false)
#8 C:\xampp\htdocs\ci4\mygateway\index.php(37): CodeIgniter\CodeIgniter->run()
#9 {main}
CRITICAL - 2022-12-27 04:40:08 --> Undefined index: image
#0 C:\xampp\htdocs\ci4\mygateway\app\Views\admin\users\edit_user.php(55): CodeIgniter\Debug\Exceptions->errorHandler(8, 'Undefined index...', 'C:\\xampp\\htdocs...', 55, Array)
#1 C:\xampp\htdocs\ci4\mygateway\system\View\View.php(210): include('C:\\xampp\\htdocs...')
#2 C:\xampp\htdocs\ci4\mygateway\system\View\View.php(213): CodeIgniter\View\View->CodeIgniter\View\{closure}()
#3 C:\xampp\htdocs\ci4\mygateway\system\Common.php(1089): CodeIgniter\View\View->render('admin/users/edi...', Array, true)
#4 C:\xampp\htdocs\ci4\mygateway\app\Controllers\Admin.php(242): view('admin/users/edi...', Array)
#5 C:\xampp\htdocs\ci4\mygateway\system\CodeIgniter.php(825): App\Controllers\Admin->edit_user('1')
#6 C:\xampp\htdocs\ci4\mygateway\system\CodeIgniter.php(412): CodeIgniter\CodeIgniter->runController(Object(App\Controllers\Admin))
#7 C:\xampp\htdocs\ci4\mygateway\system\CodeIgniter.php(320): CodeIgniter\CodeIgniter->handleRequest(NULL, Object(Config\Cache), false)
#8 C:\xampp\htdocs\ci4\mygateway\index.php(37): CodeIgniter\CodeIgniter->run()
#9 {main}
CRITICAL - 2022-12-27 04:41:43 --> Undefined index: image
#0 C:\xampp\htdocs\ci4\mygateway\app\Views\admin\users\edit_user.php(55): CodeIgniter\Debug\Exceptions->errorHandler(8, 'Undefined index...', 'C:\\xampp\\htdocs...', 55, Array)
#1 C:\xampp\htdocs\ci4\mygateway\system\View\View.php(210): include('C:\\xampp\\htdocs...')
#2 C:\xampp\htdocs\ci4\mygateway\system\View\View.php(213): CodeIgniter\View\View->CodeIgniter\View\{closure}()
#3 C:\xampp\htdocs\ci4\mygateway\system\Common.php(1089): CodeIgniter\View\View->render('admin/users/edi...', Array, true)
#4 C:\xampp\htdocs\ci4\mygateway\app\Controllers\Admin.php(242): view('admin/users/edi...', Array)
#5 C:\xampp\htdocs\ci4\mygateway\system\CodeIgniter.php(825): App\Controllers\Admin->edit_user('1')
#6 C:\xampp\htdocs\ci4\mygateway\system\CodeIgniter.php(412): CodeIgniter\CodeIgniter->runController(Object(App\Controllers\Admin))
#7 C:\xampp\htdocs\ci4\mygateway\system\CodeIgniter.php(320): CodeIgniter\CodeIgniter->handleRequest(NULL, Object(Config\Cache), false)
#8 C:\xampp\htdocs\ci4\mygateway\index.php(37): CodeIgniter\CodeIgniter->run()
#9 {main}
CRITICAL - 2022-12-27 04:42:18 --> Undefined index: image
#0 C:\xampp\htdocs\ci4\mygateway\app\Views\admin\users\edit_user.php(55): CodeIgniter\Debug\Exceptions->errorHandler(8, 'Undefined index...', 'C:\\xampp\\htdocs...', 55, Array)
#1 C:\xampp\htdocs\ci4\mygateway\system\View\View.php(210): include('C:\\xampp\\htdocs...')
#2 C:\xampp\htdocs\ci4\mygateway\system\View\View.php(213): CodeIgniter\View\View->CodeIgniter\View\{closure}()
#3 C:\xampp\htdocs\ci4\mygateway\system\Common.php(1089): CodeIgniter\View\View->render('admin/users/edi...', Array, true)
#4 C:\xampp\htdocs\ci4\mygateway\app\Controllers\Admin.php(242): view('admin/users/edi...', Array)
#5 C:\xampp\htdocs\ci4\mygateway\system\CodeIgniter.php(825): App\Controllers\Admin->edit_user('1')
#6 C:\xampp\htdocs\ci4\mygateway\system\CodeIgniter.php(412): CodeIgniter\CodeIgniter->runController(Object(App\Controllers\Admin))
#7 C:\xampp\htdocs\ci4\mygateway\system\CodeIgniter.php(320): CodeIgniter\CodeIgniter->handleRequest(NULL, Object(Config\Cache), false)
#8 C:\xampp\htdocs\ci4\mygateway\index.php(37): CodeIgniter\CodeIgniter->run()
#9 {main}
CRITICAL - 2022-12-27 04:52:10 --> Undefined index: email
#0 C:\xampp\htdocs\ci4\mygateway\app\Views\admin\users\edit_user.php(33): CodeIgniter\Debug\Exceptions->errorHandler(8, 'Undefined index...', 'C:\\xampp\\htdocs...', 33, Array)
#1 C:\xampp\htdocs\ci4\mygateway\system\View\View.php(210): include('C:\\xampp\\htdocs...')
#2 C:\xampp\htdocs\ci4\mygateway\system\View\View.php(213): CodeIgniter\View\View->CodeIgniter\View\{closure}()
#3 C:\xampp\htdocs\ci4\mygateway\system\Common.php(1089): CodeIgniter\View\View->render('admin/users/edi...', Array, true)
#4 C:\xampp\htdocs\ci4\mygateway\app\Controllers\Admin.php(243): view('admin/users/edi...', Array)
#5 C:\xampp\htdocs\ci4\mygateway\system\CodeIgniter.php(825): App\Controllers\Admin->edit_user('1')
#6 C:\xampp\htdocs\ci4\mygateway\system\CodeIgniter.php(412): CodeIgniter\CodeIgniter->runController(Object(App\Controllers\Admin))
#7 C:\xampp\htdocs\ci4\mygateway\system\CodeIgniter.php(320): CodeIgniter\CodeIgniter->handleRequest(NULL, Object(Config\Cache), false)
#8 C:\xampp\htdocs\ci4\mygateway\index.php(37): CodeIgniter\CodeIgniter->run()
#9 {main}
CRITICAL - 2022-12-27 04:52:17 --> Undefined index: email
#0 C:\xampp\htdocs\ci4\mygateway\app\Views\admin\users\edit_user.php(33): CodeIgniter\Debug\Exceptions->errorHandler(8, 'Undefined index...', 'C:\\xampp\\htdocs...', 33, Array)
#1 C:\xampp\htdocs\ci4\mygateway\system\View\View.php(210): include('C:\\xampp\\htdocs...')
#2 C:\xampp\htdocs\ci4\mygateway\system\View\View.php(213): CodeIgniter\View\View->CodeIgniter\View\{closure}()
#3 C:\xampp\htdocs\ci4\mygateway\system\Common.php(1089): CodeIgniter\View\View->render('admin/users/edi...', Array, true)
#4 C:\xampp\htdocs\ci4\mygateway\app\Controllers\Admin.php(243): view('admin/users/edi...', Array)
#5 C:\xampp\htdocs\ci4\mygateway\system\CodeIgniter.php(825): App\Controllers\Admin->edit_user('1')
#6 C:\xampp\htdocs\ci4\mygateway\system\CodeIgniter.php(412): CodeIgniter\CodeIgniter->runController(Object(App\Controllers\Admin))
#7 C:\xampp\htdocs\ci4\mygateway\system\CodeIgniter.php(320): CodeIgniter\CodeIgniter->handleRequest(NULL, Object(Config\Cache), false)
#8 C:\xampp\htdocs\ci4\mygateway\index.php(37): CodeIgniter\CodeIgniter->run()
#9 {main}
CRITICAL - 2022-12-27 04:54:54 --> Call to a member function hasError() on array
#0 C:\xampp\htdocs\ci4\mygateway\app\Views\admin\users\edit_user.php(33): display_error(Array, 'email')
#1 C:\xampp\htdocs\ci4\mygateway\system\View\View.php(210): include('C:\\xampp\\htdocs...')
#2 C:\xampp\htdocs\ci4\mygateway\system\View\View.php(213): CodeIgniter\View\View->CodeIgniter\View\{closure}()
#3 C:\xampp\htdocs\ci4\mygateway\system\Common.php(1089): CodeIgniter\View\View->render('admin/users/edi...', Array, true)
#4 C:\xampp\htdocs\ci4\mygateway\app\Controllers\Admin.php(243): view('admin/users/edi...', Array)
#5 C:\xampp\htdocs\ci4\mygateway\system\CodeIgniter.php(825): App\Controllers\Admin->edit_user('1')
#6 C:\xampp\htdocs\ci4\mygateway\system\CodeIgniter.php(412): CodeIgniter\CodeIgniter->runController(Object(App\Controllers\Admin))
#7 C:\xampp\htdocs\ci4\mygateway\system\CodeIgniter.php(320): CodeIgniter\CodeIgniter->handleRequest(NULL, Object(Config\Cache), false)
#8 C:\xampp\htdocs\ci4\mygateway\index.php(37): CodeIgniter\CodeIgniter->run()
#9 {main}
CRITICAL - 2022-12-27 05:02:38 --> Call to a member function hasError() on array
#0 C:\xampp\htdocs\ci4\mygateway\app\Views\admin\users\edit_user.php(33): display_error(Array, 'email')
#1 C:\xampp\htdocs\ci4\mygateway\system\View\View.php(210): include('C:\\xampp\\htdocs...')
#2 C:\xampp\htdocs\ci4\mygateway\system\View\View.php(213): CodeIgniter\View\View->CodeIgniter\View\{closure}()
#3 C:\xampp\htdocs\ci4\mygateway\system\Common.php(1089): CodeIgniter\View\View->render('admin/users/edi...', Array, true)
#4 C:\xampp\htdocs\ci4\mygateway\app\Controllers\Admin.php(243): view('admin/users/edi...', Array)
#5 C:\xampp\htdocs\ci4\mygateway\system\CodeIgniter.php(825): App\Controllers\Admin->edit_user('1')
#6 C:\xampp\htdocs\ci4\mygateway\system\CodeIgniter.php(412): CodeIgniter\CodeIgniter->runController(Object(App\Controllers\Admin))
#7 C:\xampp\htdocs\ci4\mygateway\system\CodeIgniter.php(320): CodeIgniter\CodeIgniter->handleRequest(NULL, Object(Config\Cache), false)
#8 C:\xampp\htdocs\ci4\mygateway\index.php(37): CodeIgniter\CodeIgniter->run()
#9 {main}
CRITICAL - 2022-12-27 05:08:07 --> Undefined index: phone
#0 C:\xampp\htdocs\ci4\mygateway\app\Views\admin\users\edit_user.php(41): CodeIgniter\Debug\Exceptions->errorHandler(8, 'Undefined index...', 'C:\\xampp\\htdocs...', 41, Array)
#1 C:\xampp\htdocs\ci4\mygateway\system\View\View.php(210): include('C:\\xampp\\htdocs...')
#2 C:\xampp\htdocs\ci4\mygateway\system\View\View.php(213): CodeIgniter\View\View->CodeIgniter\View\{closure}()
#3 C:\xampp\htdocs\ci4\mygateway\system\Common.php(1089): CodeIgniter\View\View->render('admin/users/edi...', Array, true)
#4 C:\xampp\htdocs\ci4\mygateway\app\Controllers\Admin.php(244): view('admin/users/edi...', Array)
#5 C:\xampp\htdocs\ci4\mygateway\system\CodeIgniter.php(825): App\Controllers\Admin->edit_user('1')
#6 C:\xampp\htdocs\ci4\mygateway\system\CodeIgniter.php(412): CodeIgniter\CodeIgniter->runController(Object(App\Controllers\Admin))
#7 C:\xampp\htdocs\ci4\mygateway\system\CodeIgniter.php(320): CodeIgniter\CodeIgniter->handleRequest(NULL, Object(Config\Cache), false)
#8 C:\xampp\htdocs\ci4\mygateway\index.php(37): CodeIgniter\CodeIgniter->run()
#9 {main}
CRITICAL - 2022-12-27 05:12:21 --> Call to a member function getError() on array
#0 C:\xampp\htdocs\ci4\mygateway\app\Views\admin\users\edit_user.php(26): get_error(Array, 'name')
#1 C:\xampp\htdocs\ci4\mygateway\system\View\View.php(210): include('C:\\xampp\\htdocs...')
#2 C:\xampp\htdocs\ci4\mygateway\system\View\View.php(213): CodeIgniter\View\View->CodeIgniter\View\{closure}()
#3 C:\xampp\htdocs\ci4\mygateway\system\Common.php(1089): CodeIgniter\View\View->render('admin/users/edi...', Array, true)
#4 C:\xampp\htdocs\ci4\mygateway\app\Controllers\Admin.php(244): view('admin/users/edi...', Array)
#5 C:\xampp\htdocs\ci4\mygateway\system\CodeIgniter.php(825): App\Controllers\Admin->edit_user('1')
#6 C:\xampp\htdocs\ci4\mygateway\system\CodeIgniter.php(412): CodeIgniter\CodeIgniter->runController(Object(App\Controllers\Admin))
#7 C:\xampp\htdocs\ci4\mygateway\system\CodeIgniter.php(320): CodeIgniter\CodeIgniter->handleRequest(NULL, Object(Config\Cache), false)
#8 C:\xampp\htdocs\ci4\mygateway\index.php(37): CodeIgniter\CodeIgniter->run()
#9 {main}
CRITICAL - 2022-12-27 05:18:47 --> Argument 1 passed to CodeIgniter\Validation\Validation::setRule() must be of the type string, array given, called in C:\xampp\htdocs\ci4\mygateway\app\Controllers\Admin.php on line 148
#0 C:\xampp\htdocs\ci4\mygateway\app\Controllers\Admin.php(148): CodeIgniter\Validation\Validation->setRule(Array)
#1 C:\xampp\htdocs\ci4\mygateway\system\CodeIgniter.php(825): App\Controllers\Admin->edit_user('14')
#2 C:\xampp\htdocs\ci4\mygateway\system\CodeIgniter.php(412): CodeIgniter\CodeIgniter->runController(Object(App\Controllers\Admin))
#3 C:\xampp\htdocs\ci4\mygateway\system\CodeIgniter.php(320): CodeIgniter\CodeIgniter->handleRequest(NULL, Object(Config\Cache), false)
#4 C:\xampp\htdocs\ci4\mygateway\index.php(37): CodeIgniter\CodeIgniter->run()
#5 {main}
CRITICAL - 2022-12-27 05:23:37 --> Argument 3 passed to CodeIgniter\Validation\Validation::setRule() must be of the type string, array given, called in C:\xampp\htdocs\ci4\mygateway\app\Controllers\Admin.php on line 147
#0 C:\xampp\htdocs\ci4\mygateway\app\Controllers\Admin.php(147): CodeIgniter\Validation\Validation->setRule('email', 'required|valid_...', Array)
#1 C:\xampp\htdocs\ci4\mygateway\system\CodeIgniter.php(825): App\Controllers\Admin->edit_user('14')
#2 C:\xampp\htdocs\ci4\mygateway\system\CodeIgniter.php(412): CodeIgniter\CodeIgniter->runController(Object(App\Controllers\Admin))
#3 C:\xampp\htdocs\ci4\mygateway\system\CodeIgniter.php(320): CodeIgniter\CodeIgniter->handleRequest(NULL, Object(Config\Cache), false)
#4 C:\xampp\htdocs\ci4\mygateway\index.php(37): CodeIgniter\CodeIgniter->run()
#5 {main}
CRITICAL - 2022-12-27 05:24:46 --> Argument 3 passed to CodeIgniter\Validation\Validation::setRule() must be of the type string, array given, called in C:\xampp\htdocs\ci4\mygateway\app\Controllers\Admin.php on line 146
#0 C:\xampp\htdocs\ci4\mygateway\app\Controllers\Admin.php(146): CodeIgniter\Validation\Validation->setRule('email', 'required|valid_...', Array)
#1 C:\xampp\htdocs\ci4\mygateway\system\CodeIgniter.php(825): App\Controllers\Admin->edit_user('14')
#2 C:\xampp\htdocs\ci4\mygateway\system\CodeIgniter.php(412): CodeIgniter\CodeIgniter->runController(Object(App\Controllers\Admin))
#3 C:\xampp\htdocs\ci4\mygateway\system\CodeIgniter.php(320): CodeIgniter\CodeIgniter->handleRequest(NULL, Object(Config\Cache), false)
#4 C:\xampp\htdocs\ci4\mygateway\index.php(37): CodeIgniter\CodeIgniter->run()
#5 {main}
CRITICAL - 2022-12-27 05:52:24 --> Argument 1 passed to CodeIgniter\Validation\Validation::withRequest() must implement interface CodeIgniter\HTTP\RequestInterface, array given, called in C:\xampp\htdocs\ci4\mygateway\app\Controllers\Admin.php on line 198
#0 C:\xampp\htdocs\ci4\mygateway\app\Controllers\Admin.php(198): CodeIgniter\Validation\Validation->withRequest(Array)
#1 C:\xampp\htdocs\ci4\mygateway\system\CodeIgniter.php(825): App\Controllers\Admin->edit_user('14')
#2 C:\xampp\htdocs\ci4\mygateway\system\CodeIgniter.php(412): CodeIgniter\CodeIgniter->runController(Object(App\Controllers\Admin))
#3 C:\xampp\htdocs\ci4\mygateway\system\CodeIgniter.php(320): CodeIgniter\CodeIgniter->handleRequest(NULL, Object(Config\Cache), false)
#4 C:\xampp\htdocs\ci4\mygateway\index.php(37): CodeIgniter\CodeIgniter->run()
#5 {main}
CRITICAL - 2022-12-27 05:54:39 --> Argument 1 passed to CodeIgniter\Validation\Validation::withRequest() must implement interface CodeIgniter\HTTP\RequestInterface, array given, called in C:\xampp\htdocs\ci4\mygateway\app\Controllers\Admin.php on line 199
#0 C:\xampp\htdocs\ci4\mygateway\app\Controllers\Admin.php(199): CodeIgniter\Validation\Validation->withRequest(Array)
#1 C:\xampp\htdocs\ci4\mygateway\system\CodeIgniter.php(825): App\Controllers\Admin->edit_user('14')
#2 C:\xampp\htdocs\ci4\mygateway\system\CodeIgniter.php(412): CodeIgniter\CodeIgniter->runController(Object(App\Controllers\Admin))
#3 C:\xampp\htdocs\ci4\mygateway\system\CodeIgniter.php(320): CodeIgniter\CodeIgniter->handleRequest(NULL, Object(Config\Cache), false)
#4 C:\xampp\htdocs\ci4\mygateway\index.php(37): CodeIgniter\CodeIgniter->run()
#5 {main}
CRITICAL - 2022-12-27 05:55:14 --> Argument 1 passed to CodeIgniter\Validation\Validation::withRequest() must implement interface CodeIgniter\HTTP\RequestInterface, array given, called in C:\xampp\htdocs\ci4\mygateway\app\Controllers\Admin.php on line 200
#0 C:\xampp\htdocs\ci4\mygateway\app\Controllers\Admin.php(200): CodeIgniter\Validation\Validation->withRequest(Array)
#1 C:\xampp\htdocs\ci4\mygateway\system\CodeIgniter.php(825): App\Controllers\Admin->edit_user('14')
#2 C:\xampp\htdocs\ci4\mygateway\system\CodeIgniter.php(412): CodeIgniter\CodeIgniter->runController(Object(App\Controllers\Admin))
#3 C:\xampp\htdocs\ci4\mygateway\system\CodeIgniter.php(320): CodeIgniter\CodeIgniter->handleRequest(NULL, Object(Config\Cache), false)
#4 C:\xampp\htdocs\ci4\mygateway\index.php(37): CodeIgniter\CodeIgniter->run()
#5 {main}
CRITICAL - 2022-12-27 06:01:44 --> Undefined index: cpassword
#0 C:\xampp\htdocs\ci4\mygateway\app\Controllers\Admin.php(224): CodeIgniter\Debug\Exceptions->errorHandler(8, 'Undefined index...', 'C:\\xampp\\htdocs...', 224, Array)
#1 C:\xampp\htdocs\ci4\mygateway\system\CodeIgniter.php(825): App\Controllers\Admin->edit_user('14')
#2 C:\xampp\htdocs\ci4\mygateway\system\CodeIgniter.php(412): CodeIgniter\CodeIgniter->runController(Object(App\Controllers\Admin))
#3 C:\xampp\htdocs\ci4\mygateway\system\CodeIgniter.php(320): CodeIgniter\CodeIgniter->handleRequest(NULL, Object(Config\Cache), false)
#4 C:\xampp\htdocs\ci4\mygateway\index.php(37): CodeIgniter\CodeIgniter->run()
#5 {main}
CRITICAL - 2022-12-27 06:56:15 --> Call to undefined function url()
#0 C:\xampp\htdocs\ci4\mygateway\system\View\View.php(210): include()
#1 C:\xampp\htdocs\ci4\mygateway\system\View\View.php(213): CodeIgniter\View\View->CodeIgniter\View\{closure}()
#2 C:\xampp\htdocs\ci4\mygateway\system\Common.php(1089): CodeIgniter\View\View->render('admin/users/use...', Array, true)
#3 C:\xampp\htdocs\ci4\mygateway\app\Controllers\Admin.php(201): view('admin/users/use...', Array)
#4 C:\xampp\htdocs\ci4\mygateway\system\CodeIgniter.php(825): App\Controllers\Admin->user_profile('1')
#5 C:\xampp\htdocs\ci4\mygateway\system\CodeIgniter.php(412): CodeIgniter\CodeIgniter->runController(Object(App\Controllers\Admin))
#6 C:\xampp\htdocs\ci4\mygateway\system\CodeIgniter.php(320): CodeIgniter\CodeIgniter->handleRequest(NULL, Object(Config\Cache), false)
#7 C:\xampp\htdocs\ci4\mygateway\index.php(37): CodeIgniter\CodeIgniter->run()
#8 {main}
