CRITICAL - 2023-04-28 00:39:13 --> Undefined property: CodeIgniter\View\View::$service_model
#0 C:\xampp\htdocs\ci4\hubtech\app\Views\course-detail.php(512): CodeIgniter\Debug\Exceptions->errorHandler(8, 'Undefined prope...', 'C:\\xampp\\htdocs...', 512, Array)
#1 C:\xampp\htdocs\ci4\hubtech\system\View\View.php(210): include('C:\\xampp\\htdocs...')
#2 C:\xampp\htdocs\ci4\hubtech\system\View\View.php(213): CodeIgniter\View\View->CodeIgniter\View\{closure}()
#3 C:\xampp\htdocs\ci4\hubtech\system\Common.php(1089): CodeIgniter\View\View->render('course-detail', Array, true)
#4 C:\xampp\htdocs\ci4\hubtech\app\Controllers\Home.php(37): view('course-detail', Array)
#5 C:\xampp\htdocs\ci4\hubtech\system\CodeIgniter.php(825): App\Controllers\Home->course_details('diploma-in-fina...')
#6 C:\xampp\htdocs\ci4\hubtech\system\CodeIgniter.php(412): CodeIgniter\CodeIgniter->runController(Object(App\Controllers\Home))
#7 C:\xampp\htdocs\ci4\hubtech\system\CodeIgniter.php(320): CodeIgniter\CodeIgniter->handleRequest(NULL, Object(Config\Cache), false)
#8 C:\xampp\htdocs\ci4\hubtech\index.php(37): CodeIgniter\CodeIgniter->run()
#9 {main}
CRITICAL - 2023-04-28 00:40:33 --> You must set the database table to be used with your query.
#0 C:\xampp\htdocs\ci4\hubtech\system\Model.php(545): CodeIgniter\Database\BaseConnection->table(NULL)
#1 C:\xampp\htdocs\ci4\hubtech\system\Model.php(722): CodeIgniter\Model->builder()
#2 C:\xampp\htdocs\ci4\hubtech\app\Views\course-detail.php(513): CodeIgniter\Model->__call('get_count_cours...', Array)
#3 C:\xampp\htdocs\ci4\hubtech\system\View\View.php(210): include('C:\\xampp\\htdocs...')
#4 C:\xampp\htdocs\ci4\hubtech\system\View\View.php(213): CodeIgniter\View\View->CodeIgniter\View\{closure}()
#5 C:\xampp\htdocs\ci4\hubtech\system\Common.php(1089): CodeIgniter\View\View->render('course-detail', Array, true)
#6 C:\xampp\htdocs\ci4\hubtech\app\Controllers\Home.php(37): view('course-detail', Array)
#7 C:\xampp\htdocs\ci4\hubtech\system\CodeIgniter.php(825): App\Controllers\Home->course_details('diploma-in-fina...')
#8 C:\xampp\htdocs\ci4\hubtech\system\CodeIgniter.php(412): CodeIgniter\CodeIgniter->runController(Object(App\Controllers\Home))
#9 C:\xampp\htdocs\ci4\hubtech\system\CodeIgniter.php(320): CodeIgniter\CodeIgniter->handleRequest(NULL, Object(Config\Cache), false)
#10 C:\xampp\htdocs\ci4\hubtech\index.php(37): CodeIgniter\CodeIgniter->run()
#11 {main}
ERROR - 2023-04-28 11:31:58 --> Error connecting to the database: Access denied for user '****'@'localhost' (using password: NO)
CRITICAL - 2023-04-28 11:31:58 --> Unable to connect to the database.
Main connection [MySQLi]: Access denied for user '****'@'localhost' (using password: NO)
#0 /home/zepackin/hubtechitsolutions.com/system/Database/BaseConnection.php(577): CodeIgniter\Database\BaseConnection->initialize()
#1 /home/zepackin/hubtechitsolutions.com/system/Database/BaseBuilder.php(1455): CodeIgniter\Database\BaseConnection->query()
#2 /home/zepackin/hubtechitsolutions.com/app/Models/Service_model.php(19): CodeIgniter\Database\BaseBuilder->get()
#3 /home/zepackin/hubtechitsolutions.com/app/Controllers/Home.php(19): App\Models\Service_model->get_popular_courses()
#4 /home/zepackin/hubtechitsolutions.com/system/CodeIgniter.php(825): App\Controllers\Home->index()
#5 /home/zepackin/hubtechitsolutions.com/system/CodeIgniter.php(412): CodeIgniter\CodeIgniter->runController()
#6 /home/zepackin/hubtechitsolutions.com/system/CodeIgniter.php(320): CodeIgniter\CodeIgniter->handleRequest()
#7 /home/zepackin/hubtechitsolutions.com/index.php(37): CodeIgniter\CodeIgniter->run()
#8 {main}
