CRITICAL - 2022-12-31 09:06:44 --> Invalid file: index.php
#0 C:\xampp\htdocs\ci4\ruangadmin416pri\system\View\View.php(198): CodeIgniter\Exceptions\FrameworkException::forInvalidFile('index.php')
#1 C:\xampp\htdocs\ci4\ruangadmin416pri\system\Common.php(1089): CodeIgniter\View\View->render('index', Array, true)
#2 C:\xampp\htdocs\ci4\ruangadmin416pri\app\Controllers\Home.php(9): view('index')
#3 C:\xampp\htdocs\ci4\ruangadmin416pri\system\CodeIgniter.php(825): App\Controllers\Home->index()
#4 C:\xampp\htdocs\ci4\ruangadmin416pri\system\CodeIgniter.php(412): CodeIgniter\CodeIgniter->runController(Object(App\Controllers\Home))
#5 C:\xampp\htdocs\ci4\ruangadmin416pri\system\CodeIgniter.php(320): CodeIgniter\CodeIgniter->handleRequest(NULL, Object(Config\Cache), false)
#6 C:\xampp\htdocs\ci4\ruangadmin416pri\index.php(37): CodeIgniter\CodeIgniter->run()
#7 {main}
CRITICAL - 2022-12-31 09:29:36 --> Trying to access array offset on value of type null
#0 C:\xampp\htdocs\ci4\ruangadmin416pri\app\Views\admin\_layout\topbar.php(10): CodeIgniter\Debug\Exceptions->errorHandler(8, 'Trying to acces...', 'C:\\xampp\\htdocs...', 10, Array)
#1 C:\xampp\htdocs\ci4\ruangadmin416pri\system\View\View.php(210): include('C:\\xampp\\htdocs...')
#2 C:\xampp\htdocs\ci4\ruangadmin416pri\system\View\View.php(213): CodeIgniter\View\View->CodeIgniter\View\{closure}()
#3 C:\xampp\htdocs\ci4\ruangadmin416pri\system\View\View.php(424): CodeIgniter\View\View->render('admin/_layout/t...', NULL, true)
#4 C:\xampp\htdocs\ci4\ruangadmin416pri\app\Views\admin\_layout\master.php(25): CodeIgniter\View\View->include('admin/_layout/t...')
#5 C:\xampp\htdocs\ci4\ruangadmin416pri\system\View\View.php(210): include('C:\\xampp\\htdocs...')
#6 C:\xampp\htdocs\ci4\ruangadmin416pri\system\View\View.php(213): CodeIgniter\View\View->CodeIgniter\View\{closure}()
#7 C:\xampp\htdocs\ci4\ruangadmin416pri\system\View\View.php(226): CodeIgniter\View\View->render('admin/_layout/m...', Array, true)
#8 C:\xampp\htdocs\ci4\ruangadmin416pri\system\Common.php(1089): CodeIgniter\View\View->render('admin/dashboard', Array, true)
#9 C:\xampp\htdocs\ci4\ruangadmin416pri\app\Controllers\Admin.php(18): view('admin/dashboard', Array)
#10 C:\xampp\htdocs\ci4\ruangadmin416pri\system\CodeIgniter.php(825): App\Controllers\Admin->index()
#11 C:\xampp\htdocs\ci4\ruangadmin416pri\system\CodeIgniter.php(412): CodeIgniter\CodeIgniter->runController(Object(App\Controllers\Admin))
#12 C:\xampp\htdocs\ci4\ruangadmin416pri\system\CodeIgniter.php(320): CodeIgniter\CodeIgniter->handleRequest(NULL, Object(Config\Cache), false)
#13 C:\xampp\htdocs\ci4\ruangadmin416pri\index.php(37): CodeIgniter\CodeIgniter->run()
#14 {main}
CRITICAL - 2022-12-31 09:30:52 --> Trying to access array offset on value of type null
#0 C:\xampp\htdocs\ci4\ruangadmin416pri\app\Models\Auth_model.php(28): CodeIgniter\Debug\Exceptions->errorHandler(8, 'Trying to acces...', 'C:\\xampp\\htdocs...', 28, Array)
#1 C:\xampp\htdocs\ci4\ruangadmin416pri\app\Controllers\Auth.php(108): App\Models\Admin\Auth_model->get_profile_data()
#2 C:\xampp\htdocs\ci4\ruangadmin416pri\system\CodeIgniter.php(825): App\Controllers\Auth->edit_profile()
#3 C:\xampp\htdocs\ci4\ruangadmin416pri\system\CodeIgniter.php(412): CodeIgniter\CodeIgniter->runController(Object(App\Controllers\Auth))
#4 C:\xampp\htdocs\ci4\ruangadmin416pri\system\CodeIgniter.php(320): CodeIgniter\CodeIgniter->handleRequest(NULL, Object(Config\Cache), false)
#5 C:\xampp\htdocs\ci4\ruangadmin416pri\index.php(37): CodeIgniter\CodeIgniter->run()
#6 {main}
CRITICAL - 2022-12-31 09:32:56 --> Trying to access array offset on value of type null
#0 C:\xampp\htdocs\ci4\ruangadmin416pri\app\Views\auth\edit_profile.php(7): CodeIgniter\Debug\Exceptions->errorHandler(8, 'Trying to acces...', 'C:\\xampp\\htdocs...', 7, Array)
#1 C:\xampp\htdocs\ci4\ruangadmin416pri\system\View\View.php(210): include('C:\\xampp\\htdocs...')
#2 C:\xampp\htdocs\ci4\ruangadmin416pri\system\View\View.php(213): CodeIgniter\View\View->CodeIgniter\View\{closure}()
#3 C:\xampp\htdocs\ci4\ruangadmin416pri\system\Common.php(1089): CodeIgniter\View\View->render('auth/edit_profi...', Array, true)
#4 C:\xampp\htdocs\ci4\ruangadmin416pri\app\Controllers\Auth.php(108): view('auth/edit_profi...', Array)
#5 C:\xampp\htdocs\ci4\ruangadmin416pri\system\CodeIgniter.php(825): App\Controllers\Auth->edit_profile()
#6 C:\xampp\htdocs\ci4\ruangadmin416pri\system\CodeIgniter.php(412): CodeIgniter\CodeIgniter->runController(Object(App\Controllers\Auth))
#7 C:\xampp\htdocs\ci4\ruangadmin416pri\system\CodeIgniter.php(320): CodeIgniter\CodeIgniter->handleRequest(NULL, Object(Config\Cache), false)
#8 C:\xampp\htdocs\ci4\ruangadmin416pri\index.php(37): CodeIgniter\CodeIgniter->run()
#9 {main}
ERROR - 2022-12-31 09:34:17 --> Unknown column 'id' in 'where clause'
CRITICAL - 2022-12-31 09:34:17 --> Unknown column 'id' in 'where clause'
#0 C:\xampp\htdocs\ci4\ruangadmin416pri\system\Database\MySQLi\Connection.php(292): mysqli->query('UPDATE `tbl_use...', 0)
#1 C:\xampp\htdocs\ci4\ruangadmin416pri\system\Database\BaseConnection.php(670): CodeIgniter\Database\MySQLi\Connection->execute('UPDATE `tbl_use...')
#2 C:\xampp\htdocs\ci4\ruangadmin416pri\system\Database\BaseConnection.php(598): CodeIgniter\Database\BaseConnection->simpleQuery('UPDATE `tbl_use...')
#3 C:\xampp\htdocs\ci4\ruangadmin416pri\system\Database\BaseBuilder.php(1913): CodeIgniter\Database\BaseConnection->query('UPDATE `tbl_use...', Array, false)
#4 C:\xampp\htdocs\ci4\ruangadmin416pri\app\Models\Auth_model.php(35): CodeIgniter\Database\BaseBuilder->update(Array)
#5 C:\xampp\htdocs\ci4\ruangadmin416pri\app\Controllers\Auth.php(98): App\Models\Admin\Auth_model->update_profile(Array, '1')
#6 C:\xampp\htdocs\ci4\ruangadmin416pri\system\CodeIgniter.php(825): App\Controllers\Auth->edit_profile()
#7 C:\xampp\htdocs\ci4\ruangadmin416pri\system\CodeIgniter.php(412): CodeIgniter\CodeIgniter->runController(Object(App\Controllers\Auth))
#8 C:\xampp\htdocs\ci4\ruangadmin416pri\system\CodeIgniter.php(320): CodeIgniter\CodeIgniter->handleRequest(NULL, Object(Config\Cache), false)
#9 C:\xampp\htdocs\ci4\ruangadmin416pri\index.php(37): CodeIgniter\CodeIgniter->run()
#10 {main}
ERROR - 2022-12-31 09:41:56 --> Unknown column 'cpass' in 'field list'
CRITICAL - 2022-12-31 09:41:56 --> Unknown column 'cpass' in 'field list'
#0 C:\xampp\htdocs\ci4\ruangadmin416pri\system\Database\MySQLi\Connection.php(292): mysqli->query('UPDATE `tbl_use...', 0)
#1 C:\xampp\htdocs\ci4\ruangadmin416pri\system\Database\BaseConnection.php(670): CodeIgniter\Database\MySQLi\Connection->execute('UPDATE `tbl_use...')
#2 C:\xampp\htdocs\ci4\ruangadmin416pri\system\Database\BaseConnection.php(598): CodeIgniter\Database\BaseConnection->simpleQuery('UPDATE `tbl_use...')
#3 C:\xampp\htdocs\ci4\ruangadmin416pri\system\Database\BaseBuilder.php(1913): CodeIgniter\Database\BaseConnection->query('UPDATE `tbl_use...', Array, false)
#4 C:\xampp\htdocs\ci4\ruangadmin416pri\app\Models\Auth_model.php(35): CodeIgniter\Database\BaseBuilder->update(Array)
#5 C:\xampp\htdocs\ci4\ruangadmin416pri\app\Controllers\Auth.php(140): App\Models\Admin\Auth_model->update_profile(Array, '1')
#6 C:\xampp\htdocs\ci4\ruangadmin416pri\system\CodeIgniter.php(825): App\Controllers\Auth->change_password()
#7 C:\xampp\htdocs\ci4\ruangadmin416pri\system\CodeIgniter.php(412): CodeIgniter\CodeIgniter->runController(Object(App\Controllers\Auth))
#8 C:\xampp\htdocs\ci4\ruangadmin416pri\system\CodeIgniter.php(320): CodeIgniter\CodeIgniter->handleRequest(NULL, Object(Config\Cache), false)
#9 C:\xampp\htdocs\ci4\ruangadmin416pri\index.php(37): CodeIgniter\CodeIgniter->run()
#10 {main}
ERROR - 2022-12-31 09:43:56 --> Unknown column 'cpass' in 'field list'
CRITICAL - 2022-12-31 09:43:56 --> Unknown column 'cpass' in 'field list'
#0 C:\xampp\htdocs\ci4\ruangadmin416pri\system\Database\MySQLi\Connection.php(292): mysqli->query('UPDATE `tbl_use...', 0)
#1 C:\xampp\htdocs\ci4\ruangadmin416pri\system\Database\BaseConnection.php(670): CodeIgniter\Database\MySQLi\Connection->execute('UPDATE `tbl_use...')
#2 C:\xampp\htdocs\ci4\ruangadmin416pri\system\Database\BaseConnection.php(598): CodeIgniter\Database\BaseConnection->simpleQuery('UPDATE `tbl_use...')
#3 C:\xampp\htdocs\ci4\ruangadmin416pri\system\Database\BaseBuilder.php(1913): CodeIgniter\Database\BaseConnection->query('UPDATE `tbl_use...', Array, false)
#4 C:\xampp\htdocs\ci4\ruangadmin416pri\app\Models\Auth_model.php(35): CodeIgniter\Database\BaseBuilder->update(Array)
#5 C:\xampp\htdocs\ci4\ruangadmin416pri\app\Controllers\Auth.php(140): App\Models\Admin\Auth_model->update_profile(Array, '1')
#6 C:\xampp\htdocs\ci4\ruangadmin416pri\system\CodeIgniter.php(825): App\Controllers\Auth->change_password()
#7 C:\xampp\htdocs\ci4\ruangadmin416pri\system\CodeIgniter.php(412): CodeIgniter\CodeIgniter->runController(Object(App\Controllers\Auth))
#8 C:\xampp\htdocs\ci4\ruangadmin416pri\system\CodeIgniter.php(320): CodeIgniter\CodeIgniter->handleRequest(NULL, Object(Config\Cache), false)
#9 C:\xampp\htdocs\ci4\ruangadmin416pri\index.php(37): CodeIgniter\CodeIgniter->run()
#10 {main}
CRITICAL - 2022-12-31 09:47:49 --> Undefined property: stdClass::$id
#0 C:\xampp\htdocs\ci4\ruangadmin416pri\app\Views\admin\users\index.php(63): CodeIgniter\Debug\Exceptions->errorHandler(8, 'Undefined prope...', 'C:\\xampp\\htdocs...', 63, Array)
#1 C:\xampp\htdocs\ci4\ruangadmin416pri\system\View\View.php(210): include('C:\\xampp\\htdocs...')
#2 C:\xampp\htdocs\ci4\ruangadmin416pri\system\View\View.php(213): CodeIgniter\View\View->CodeIgniter\View\{closure}()
#3 C:\xampp\htdocs\ci4\ruangadmin416pri\system\Common.php(1089): CodeIgniter\View\View->render('admin/users/ind...', Array, true)
#4 C:\xampp\htdocs\ci4\ruangadmin416pri\app\Controllers\Admin.php(24): view('admin/users/ind...', Array)
#5 C:\xampp\htdocs\ci4\ruangadmin416pri\system\CodeIgniter.php(825): App\Controllers\Admin->users()
#6 C:\xampp\htdocs\ci4\ruangadmin416pri\system\CodeIgniter.php(412): CodeIgniter\CodeIgniter->runController(Object(App\Controllers\Admin))
#7 C:\xampp\htdocs\ci4\ruangadmin416pri\system\CodeIgniter.php(320): CodeIgniter\CodeIgniter->handleRequest(NULL, Object(Config\Cache), false)
#8 C:\xampp\htdocs\ci4\ruangadmin416pri\index.php(37): CodeIgniter\CodeIgniter->run()
#9 {main}
CRITICAL - 2022-12-31 09:48:58 --> Undefined property: stdClass::$id
#0 C:\xampp\htdocs\ci4\ruangadmin416pri\app\Views\admin\users\index.php(67): CodeIgniter\Debug\Exceptions->errorHandler(8, 'Undefined prope...', 'C:\\xampp\\htdocs...', 67, Array)
#1 C:\xampp\htdocs\ci4\ruangadmin416pri\system\View\View.php(210): include('C:\\xampp\\htdocs...')
#2 C:\xampp\htdocs\ci4\ruangadmin416pri\system\View\View.php(213): CodeIgniter\View\View->CodeIgniter\View\{closure}()
#3 C:\xampp\htdocs\ci4\ruangadmin416pri\system\Common.php(1089): CodeIgniter\View\View->render('admin/users/ind...', Array, true)
#4 C:\xampp\htdocs\ci4\ruangadmin416pri\app\Controllers\Admin.php(24): view('admin/users/ind...', Array)
#5 C:\xampp\htdocs\ci4\ruangadmin416pri\system\CodeIgniter.php(825): App\Controllers\Admin->users()
#6 C:\xampp\htdocs\ci4\ruangadmin416pri\system\CodeIgniter.php(412): CodeIgniter\CodeIgniter->runController(Object(App\Controllers\Admin))
#7 C:\xampp\htdocs\ci4\ruangadmin416pri\system\CodeIgniter.php(320): CodeIgniter\CodeIgniter->handleRequest(NULL, Object(Config\Cache), false)
#8 C:\xampp\htdocs\ci4\ruangadmin416pri\index.php(37): CodeIgniter\CodeIgniter->run()
#9 {main}
CRITICAL - 2022-12-31 09:51:12 --> Trying to access array offset on value of type null
#0 C:\xampp\htdocs\ci4\ruangadmin416pri\app\Controllers\Admin.php(126): CodeIgniter\Debug\Exceptions->errorHandler(8, 'Trying to acces...', 'C:\\xampp\\htdocs...', 126, Array)
#1 C:\xampp\htdocs\ci4\ruangadmin416pri\system\CodeIgniter.php(825): App\Controllers\Admin->add_user()
#2 C:\xampp\htdocs\ci4\ruangadmin416pri\system\CodeIgniter.php(412): CodeIgniter\CodeIgniter->runController(Object(App\Controllers\Admin))
#3 C:\xampp\htdocs\ci4\ruangadmin416pri\system\CodeIgniter.php(320): CodeIgniter\CodeIgniter->handleRequest(NULL, Object(Config\Cache), false)
#4 C:\xampp\htdocs\ci4\ruangadmin416pri\index.php(37): CodeIgniter\CodeIgniter->run()
#5 {main}
ERROR - 2022-12-31 09:54:14 --> Unknown column 'u.id' in 'where clause'
CRITICAL - 2022-12-31 09:54:14 --> Unknown column 'u.id' in 'where clause'
#0 C:\xampp\htdocs\ci4\ruangadmin416pri\system\Database\MySQLi\Connection.php(292): mysqli->query('SELECT `u`.*, `...', 0)
#1 C:\xampp\htdocs\ci4\ruangadmin416pri\system\Database\BaseConnection.php(670): CodeIgniter\Database\MySQLi\Connection->execute('SELECT `u`.*, `...')
#2 C:\xampp\htdocs\ci4\ruangadmin416pri\system\Database\BaseConnection.php(598): CodeIgniter\Database\BaseConnection->simpleQuery('SELECT `u`.*, `...')
#3 C:\xampp\htdocs\ci4\ruangadmin416pri\system\Database\BaseBuilder.php(1455): CodeIgniter\Database\BaseConnection->query('SELECT `u`.*, `...', Array, false)
#4 C:\xampp\htdocs\ci4\ruangadmin416pri\app\Models\Admin_model.php(19): CodeIgniter\Database\BaseBuilder->get()
#5 C:\xampp\htdocs\ci4\ruangadmin416pri\app\Controllers\Admin.php(199): App\Models\Admin_model->getAllUsers('17')
#6 C:\xampp\htdocs\ci4\ruangadmin416pri\system\CodeIgniter.php(825): App\Controllers\Admin->user_profile('17')
#7 C:\xampp\htdocs\ci4\ruangadmin416pri\system\CodeIgniter.php(412): CodeIgniter\CodeIgniter->runController(Object(App\Controllers\Admin))
#8 C:\xampp\htdocs\ci4\ruangadmin416pri\system\CodeIgniter.php(320): CodeIgniter\CodeIgniter->handleRequest(NULL, Object(Config\Cache), false)
#9 C:\xampp\htdocs\ci4\ruangadmin416pri\index.php(37): CodeIgniter\CodeIgniter->run()
#10 {main}
ERROR - 2022-12-31 09:55:10 --> Unknown column 'id' in 'where clause'
CRITICAL - 2022-12-31 09:55:10 --> Unknown column 'id' in 'where clause'
#0 C:\xampp\htdocs\ci4\ruangadmin416pri\system\Database\MySQLi\Connection.php(292): mysqli->query('SELECT *\nFROM `...', 0)
#1 C:\xampp\htdocs\ci4\ruangadmin416pri\system\Database\BaseConnection.php(670): CodeIgniter\Database\MySQLi\Connection->execute('SELECT *\nFROM `...')
#2 C:\xampp\htdocs\ci4\ruangadmin416pri\system\Database\BaseConnection.php(598): CodeIgniter\Database\BaseConnection->simpleQuery('SELECT *\nFROM `...')
#3 C:\xampp\htdocs\ci4\ruangadmin416pri\system\Database\BaseBuilder.php(1455): CodeIgniter\Database\BaseConnection->query('SELECT *\nFROM `...', Array, false)
#4 C:\xampp\htdocs\ci4\ruangadmin416pri\app\Models\Common_model.php(27): CodeIgniter\Database\BaseBuilder->get()
#5 C:\xampp\htdocs\ci4\ruangadmin416pri\app\Controllers\Admin.php(195): App\Models\Common_model->getOneRecord('tbl_users', Array)
#6 C:\xampp\htdocs\ci4\ruangadmin416pri\system\CodeIgniter.php(825): App\Controllers\Admin->edit_user('1')
#7 C:\xampp\htdocs\ci4\ruangadmin416pri\system\CodeIgniter.php(412): CodeIgniter\CodeIgniter->runController(Object(App\Controllers\Admin))
#8 C:\xampp\htdocs\ci4\ruangadmin416pri\system\CodeIgniter.php(320): CodeIgniter\CodeIgniter->handleRequest(NULL, Object(Config\Cache), false)
#9 C:\xampp\htdocs\ci4\ruangadmin416pri\index.php(37): CodeIgniter\CodeIgniter->run()
#10 {main}
CRITICAL - 2022-12-31 09:55:53 --> Undefined property: stdClass::$id
#0 C:\xampp\htdocs\ci4\ruangadmin416pri\app\Views\admin\users\edit_user.php(32): CodeIgniter\Debug\Exceptions->errorHandler(8, 'Undefined prope...', 'C:\\xampp\\htdocs...', 32, Array)
#1 C:\xampp\htdocs\ci4\ruangadmin416pri\system\View\View.php(210): include('C:\\xampp\\htdocs...')
#2 C:\xampp\htdocs\ci4\ruangadmin416pri\system\View\View.php(213): CodeIgniter\View\View->CodeIgniter\View\{closure}()
#3 C:\xampp\htdocs\ci4\ruangadmin416pri\system\Common.php(1089): CodeIgniter\View\View->render('admin/users/edi...', Array, true)
#4 C:\xampp\htdocs\ci4\ruangadmin416pri\app\Controllers\Admin.php(196): view('admin/users/edi...', Array)
#5 C:\xampp\htdocs\ci4\ruangadmin416pri\system\CodeIgniter.php(825): App\Controllers\Admin->edit_user('1')
#6 C:\xampp\htdocs\ci4\ruangadmin416pri\system\CodeIgniter.php(412): CodeIgniter\CodeIgniter->runController(Object(App\Controllers\Admin))
#7 C:\xampp\htdocs\ci4\ruangadmin416pri\system\CodeIgniter.php(320): CodeIgniter\CodeIgniter->handleRequest(NULL, Object(Config\Cache), false)
#8 C:\xampp\htdocs\ci4\ruangadmin416pri\index.php(37): CodeIgniter\CodeIgniter->run()
#9 {main}
CRITICAL - 2022-12-31 09:56:40 --> Undefined property: stdClass::$id
#0 C:\xampp\htdocs\ci4\ruangadmin416pri\app\Views\admin\users\edit_user.php(65): CodeIgniter\Debug\Exceptions->errorHandler(8, 'Undefined prope...', 'C:\\xampp\\htdocs...', 65, Array)
#1 C:\xampp\htdocs\ci4\ruangadmin416pri\system\View\View.php(210): include('C:\\xampp\\htdocs...')
#2 C:\xampp\htdocs\ci4\ruangadmin416pri\system\View\View.php(213): CodeIgniter\View\View->CodeIgniter\View\{closure}()
#3 C:\xampp\htdocs\ci4\ruangadmin416pri\system\Common.php(1089): CodeIgniter\View\View->render('admin/users/edi...', Array, true)
#4 C:\xampp\htdocs\ci4\ruangadmin416pri\app\Controllers\Admin.php(196): view('admin/users/edi...', Array)
#5 C:\xampp\htdocs\ci4\ruangadmin416pri\system\CodeIgniter.php(825): App\Controllers\Admin->edit_user('1')
#6 C:\xampp\htdocs\ci4\ruangadmin416pri\system\CodeIgniter.php(412): CodeIgniter\CodeIgniter->runController(Object(App\Controllers\Admin))
#7 C:\xampp\htdocs\ci4\ruangadmin416pri\system\CodeIgniter.php(320): CodeIgniter\CodeIgniter->handleRequest(NULL, Object(Config\Cache), false)
#8 C:\xampp\htdocs\ci4\ruangadmin416pri\index.php(37): CodeIgniter\CodeIgniter->run()
#9 {main}
CRITICAL - 2022-12-31 09:56:54 --> Undefined property: stdClass::$id
#0 C:\xampp\htdocs\ci4\ruangadmin416pri\app\Views\admin\users\edit_user.php(88): CodeIgniter\Debug\Exceptions->errorHandler(8, 'Undefined prope...', 'C:\\xampp\\htdocs...', 88, Array)
#1 C:\xampp\htdocs\ci4\ruangadmin416pri\system\View\View.php(210): include('C:\\xampp\\htdocs...')
#2 C:\xampp\htdocs\ci4\ruangadmin416pri\system\View\View.php(213): CodeIgniter\View\View->CodeIgniter\View\{closure}()
#3 C:\xampp\htdocs\ci4\ruangadmin416pri\system\Common.php(1089): CodeIgniter\View\View->render('admin/users/edi...', Array, true)
#4 C:\xampp\htdocs\ci4\ruangadmin416pri\app\Controllers\Admin.php(196): view('admin/users/edi...', Array)
#5 C:\xampp\htdocs\ci4\ruangadmin416pri\system\CodeIgniter.php(825): App\Controllers\Admin->edit_user('1')
#6 C:\xampp\htdocs\ci4\ruangadmin416pri\system\CodeIgniter.php(412): CodeIgniter\CodeIgniter->runController(Object(App\Controllers\Admin))
#7 C:\xampp\htdocs\ci4\ruangadmin416pri\system\CodeIgniter.php(320): CodeIgniter\CodeIgniter->handleRequest(NULL, Object(Config\Cache), false)
#8 C:\xampp\htdocs\ci4\ruangadmin416pri\index.php(37): CodeIgniter\CodeIgniter->run()
#9 {main}
ERROR - 2022-12-31 09:57:16 --> Unknown column 'id' in 'where clause'
CRITICAL - 2022-12-31 09:57:16 --> Unknown column 'id' in 'where clause'
#0 C:\xampp\htdocs\ci4\ruangadmin416pri\system\Database\MySQLi\Connection.php(292): mysqli->query('UPDATE `tbl_use...', 0)
#1 C:\xampp\htdocs\ci4\ruangadmin416pri\system\Database\BaseConnection.php(670): CodeIgniter\Database\MySQLi\Connection->execute('UPDATE `tbl_use...')
#2 C:\xampp\htdocs\ci4\ruangadmin416pri\system\Database\BaseConnection.php(598): CodeIgniter\Database\BaseConnection->simpleQuery('UPDATE `tbl_use...')
#3 C:\xampp\htdocs\ci4\ruangadmin416pri\system\Database\BaseBuilder.php(1913): CodeIgniter\Database\BaseConnection->query('UPDATE `tbl_use...', Array, false)
#4 C:\xampp\htdocs\ci4\ruangadmin416pri\app\Models\Common_model.php(39): CodeIgniter\Database\BaseBuilder->update(Array)
#5 C:\xampp\htdocs\ci4\ruangadmin416pri\app\Controllers\Admin.php(183): App\Models\Common_model->updateRecord('tbl_users', Array, Array)
#6 C:\xampp\htdocs\ci4\ruangadmin416pri\system\CodeIgniter.php(825): App\Controllers\Admin->edit_user('1')
#7 C:\xampp\htdocs\ci4\ruangadmin416pri\system\CodeIgniter.php(412): CodeIgniter\CodeIgniter->runController(Object(App\Controllers\Admin))
#8 C:\xampp\htdocs\ci4\ruangadmin416pri\system\CodeIgniter.php(320): CodeIgniter\CodeIgniter->handleRequest(NULL, Object(Config\Cache), false)
#9 C:\xampp\htdocs\ci4\ruangadmin416pri\index.php(37): CodeIgniter\CodeIgniter->run()
#10 {main}
CRITICAL - 2022-12-31 09:58:48 --> Trying to access array offset on value of type null
#0 C:\xampp\htdocs\ci4\ruangadmin416pri\app\Controllers\Admin.php(274): CodeIgniter\Debug\Exceptions->errorHandler(8, 'Trying to acces...', 'C:\\xampp\\htdocs...', 274, Array)
#1 C:\xampp\htdocs\ci4\ruangadmin416pri\system\CodeIgniter.php(825): App\Controllers\Admin->editgroup('1')
#2 C:\xampp\htdocs\ci4\ruangadmin416pri\system\CodeIgniter.php(412): CodeIgniter\CodeIgniter->runController(Object(App\Controllers\Admin))
#3 C:\xampp\htdocs\ci4\ruangadmin416pri\system\CodeIgniter.php(320): CodeIgniter\CodeIgniter->handleRequest(NULL, Object(Config\Cache), false)
#4 C:\xampp\htdocs\ci4\ruangadmin416pri\index.php(37): CodeIgniter\CodeIgniter->run()
#5 {main}
