CRITICAL - 2024-06-04 00:05:34 --> Attempt to read property "course_full_name" on null
#0 /home3/jeansuco/hubtechitsolutions.com/app/Views/course-detail.php(10): CodeIgniter\Debug\Exceptions->errorHandler(2, 'Attempt to read...', '/home3/jeansuco...', 10)
#1 /home3/jeansuco/hubtechitsolutions.com/system/View/View.php(210): include('/home3/jeansuco...')
#2 /home3/jeansuco/hubtechitsolutions.com/system/View/View.php(213): CodeIgniter\View\View->CodeIgniter\View\{closure}()
#3 /home3/jeansuco/hubtechitsolutions.com/system/Common.php(1089): CodeIgniter\View\View->render('course-detail', Array, true)
#4 /home3/jeansuco/hubtechitsolutions.com/app/Controllers/Home.php(40): view('course-detail', Array)
#5 /home3/jeansuco/hubtechitsolutions.com/system/CodeIgniter.php(825): App\Controllers\Home->course_details('course-two.html')
#6 /home3/jeansuco/hubtechitsolutions.com/system/CodeIgniter.php(412): CodeIgniter\CodeIgniter->runController(Object(App\Controllers\Home))
#7 /home3/jeansuco/hubtechitsolutions.com/system/CodeIgniter.php(320): CodeIgniter\CodeIgniter->handleRequest(NULL, Object(Config\Cache), false)
#8 /home3/jeansuco/hubtechitsolutions.com/index.php(37): CodeIgniter\CodeIgniter->run()
#9 {main}
CRITICAL - 2024-06-04 00:59:31 --> Attempt to read property "course_full_name" on null
#0 /home3/jeansuco/hubtechitsolutions.com/app/Views/course-detail.php(10): CodeIgniter\Debug\Exceptions->errorHandler(2, 'Attempt to read...', '/home3/jeansuco...', 10)
#1 /home3/jeansuco/hubtechitsolutions.com/system/View/View.php(210): include('/home3/jeansuco...')
#2 /home3/jeansuco/hubtechitsolutions.com/system/View/View.php(213): CodeIgniter\View\View->CodeIgniter\View\{closure}()
#3 /home3/jeansuco/hubtechitsolutions.com/system/Common.php(1089): CodeIgniter\View\View->render('course-detail', Array, true)
#4 /home3/jeansuco/hubtechitsolutions.com/app/Controllers/Home.php(40): view('course-detail', Array)
#5 /home3/jeansuco/hubtechitsolutions.com/system/CodeIgniter.php(825): App\Controllers\Home->course_details('course-four.htm...')
#6 /home3/jeansuco/hubtechitsolutions.com/system/CodeIgniter.php(412): CodeIgniter\CodeIgniter->runController(Object(App\Controllers\Home))
#7 /home3/jeansuco/hubtechitsolutions.com/system/CodeIgniter.php(320): CodeIgniter\CodeIgniter->handleRequest(NULL, Object(Config\Cache), false)
#8 /home3/jeansuco/hubtechitsolutions.com/index.php(37): CodeIgniter\CodeIgniter->run()
#9 {main}
CRITICAL - 2024-06-04 01:06:25 --> Attempt to read property "course_full_name" on null
#0 /home3/jeansuco/hubtechitsolutions.com/app/Views/course-detail.php(10): CodeIgniter\Debug\Exceptions->errorHandler(2, 'Attempt to read...', '/home3/jeansuco...', 10)
#1 /home3/jeansuco/hubtechitsolutions.com/system/View/View.php(210): include('/home3/jeansuco...')
#2 /home3/jeansuco/hubtechitsolutions.com/system/View/View.php(213): CodeIgniter\View\View->CodeIgniter\View\{closure}()
#3 /home3/jeansuco/hubtechitsolutions.com/system/Common.php(1089): CodeIgniter\View\View->render('course-detail', Array, true)
#4 /home3/jeansuco/hubtechitsolutions.com/app/Controllers/Home.php(40): view('course-detail', Array)
#5 /home3/jeansuco/hubtechitsolutions.com/system/CodeIgniter.php(825): App\Controllers\Home->course_details('event-grid.html')
#6 /home3/jeansuco/hubtechitsolutions.com/system/CodeIgniter.php(412): CodeIgniter\CodeIgniter->runController(Object(App\Controllers\Home))
#7 /home3/jeansuco/hubtechitsolutions.com/system/CodeIgniter.php(320): CodeIgniter\CodeIgniter->handleRequest(NULL, Object(Config\Cache), false)
#8 /home3/jeansuco/hubtechitsolutions.com/index.php(37): CodeIgniter\CodeIgniter->run()
#9 {main}
CRITICAL - 2024-06-04 03:15:40 --> Attempt to read property "course_full_name" on null
#0 /home3/jeansuco/hubtechitsolutions.com/app/Views/course-detail.php(10): CodeIgniter\Debug\Exceptions->errorHandler(2, 'Attempt to read...', '/home3/jeansuco...', 10)
#1 /home3/jeansuco/hubtechitsolutions.com/system/View/View.php(210): include('/home3/jeansuco...')
#2 /home3/jeansuco/hubtechitsolutions.com/system/View/View.php(213): CodeIgniter\View\View->CodeIgniter\View\{closure}()
#3 /home3/jeansuco/hubtechitsolutions.com/system/Common.php(1089): CodeIgniter\View\View->render('course-detail', Array, true)
#4 /home3/jeansuco/hubtechitsolutions.com/app/Controllers/Home.php(40): view('course-detail', Array)
#5 /home3/jeansuco/hubtechitsolutions.com/system/CodeIgniter.php(825): App\Controllers\Home->course_details('index.html')
#6 /home3/jeansuco/hubtechitsolutions.com/system/CodeIgniter.php(412): CodeIgniter\CodeIgniter->runController(Object(App\Controllers\Home))
#7 /home3/jeansuco/hubtechitsolutions.com/system/CodeIgniter.php(320): CodeIgniter\CodeIgniter->handleRequest(NULL, Object(Config\Cache), false)
#8 /home3/jeansuco/hubtechitsolutions.com/index.php(37): CodeIgniter\CodeIgniter->run()
#9 {main}
CRITICAL - 2024-06-04 07:02:33 --> Attempt to read property "course_full_name" on null
#0 /home3/jeansuco/hubtechitsolutions.com/app/Views/course-detail.php(10): CodeIgniter\Debug\Exceptions->errorHandler(2, 'Attempt to read...', '/home3/jeansuco...', 10)
#1 /home3/jeansuco/hubtechitsolutions.com/system/View/View.php(210): include('/home3/jeansuco...')
#2 /home3/jeansuco/hubtechitsolutions.com/system/View/View.php(213): CodeIgniter\View\View->CodeIgniter\View\{closure}()
#3 /home3/jeansuco/hubtechitsolutions.com/system/Common.php(1089): CodeIgniter\View\View->render('course-detail', Array, true)
#4 /home3/jeansuco/hubtechitsolutions.com/app/Controllers/Home.php(40): view('course-detail', Array)
#5 /home3/jeansuco/hubtechitsolutions.com/system/CodeIgniter.php(825): App\Controllers\Home->course_details('team-one.html')
#6 /home3/jeansuco/hubtechitsolutions.com/system/CodeIgniter.php(412): CodeIgniter\CodeIgniter->runController(Object(App\Controllers\Home))
#7 /home3/jeansuco/hubtechitsolutions.com/system/CodeIgniter.php(320): CodeIgniter\CodeIgniter->handleRequest(NULL, Object(Config\Cache), false)
#8 /home3/jeansuco/hubtechitsolutions.com/index.php(37): CodeIgniter\CodeIgniter->run()
#9 {main}
CRITICAL - 2024-06-04 07:23:11 --> Attempt to read property "course_full_name" on null
#0 /home3/jeansuco/hubtechitsolutions.com/app/Views/course-detail.php(10): CodeIgniter\Debug\Exceptions->errorHandler(2, 'Attempt to read...', '/home3/jeansuco...', 10)
#1 /home3/jeansuco/hubtechitsolutions.com/system/View/View.php(210): include('/home3/jeansuco...')
#2 /home3/jeansuco/hubtechitsolutions.com/system/View/View.php(213): CodeIgniter\View\View->CodeIgniter\View\{closure}()
#3 /home3/jeansuco/hubtechitsolutions.com/system/Common.php(1089): CodeIgniter\View\View->render('course-detail', Array, true)
#4 /home3/jeansuco/hubtechitsolutions.com/app/Controllers/Home.php(40): view('course-detail', Array)
#5 /home3/jeansuco/hubtechitsolutions.com/system/CodeIgniter.php(825): App\Controllers\Home->course_details('course-one.html')
#6 /home3/jeansuco/hubtechitsolutions.com/system/CodeIgniter.php(412): CodeIgniter\CodeIgniter->runController(Object(App\Controllers\Home))
#7 /home3/jeansuco/hubtechitsolutions.com/system/CodeIgniter.php(320): CodeIgniter\CodeIgniter->handleRequest(NULL, Object(Config\Cache), false)
#8 /home3/jeansuco/hubtechitsolutions.com/index.php(37): CodeIgniter\CodeIgniter->run()
#9 {main}
CRITICAL - 2024-06-04 09:15:12 --> Attempt to read property "course_full_name" on null
#0 /home3/jeansuco/hubtechitsolutions.com/app/Views/course-detail.php(10): CodeIgniter\Debug\Exceptions->errorHandler(2, 'Attempt to read...', '/home3/jeansuco...', 10)
#1 /home3/jeansuco/hubtechitsolutions.com/system/View/View.php(210): include('/home3/jeansuco...')
#2 /home3/jeansuco/hubtechitsolutions.com/system/View/View.php(213): CodeIgniter\View\View->CodeIgniter\View\{closure}()
#3 /home3/jeansuco/hubtechitsolutions.com/system/Common.php(1089): CodeIgniter\View\View->render('course-detail', Array, true)
#4 /home3/jeansuco/hubtechitsolutions.com/app/Controllers/Home.php(40): view('course-detail', Array)
#5 /home3/jeansuco/hubtechitsolutions.com/system/CodeIgniter.php(825): App\Controllers\Home->course_details('course-two.html')
#6 /home3/jeansuco/hubtechitsolutions.com/system/CodeIgniter.php(412): CodeIgniter\CodeIgniter->runController(Object(App\Controllers\Home))
#7 /home3/jeansuco/hubtechitsolutions.com/system/CodeIgniter.php(320): CodeIgniter\CodeIgniter->handleRequest(NULL, Object(Config\Cache), false)
#8 /home3/jeansuco/hubtechitsolutions.com/index.php(37): CodeIgniter\CodeIgniter->run()
#9 {main}
CRITICAL - 2024-06-04 11:16:16 --> Attempt to read property "course_full_name" on null
#0 /home3/jeansuco/hubtechitsolutions.com/app/Views/course-detail.php(10): CodeIgniter\Debug\Exceptions->errorHandler(2, 'Attempt to read...', '/home3/jeansuco...', 10)
#1 /home3/jeansuco/hubtechitsolutions.com/system/View/View.php(210): include('/home3/jeansuco...')
#2 /home3/jeansuco/hubtechitsolutions.com/system/View/View.php(213): CodeIgniter\View\View->CodeIgniter\View\{closure}()
#3 /home3/jeansuco/hubtechitsolutions.com/system/Common.php(1089): CodeIgniter\View\View->render('course-detail', Array, true)
#4 /home3/jeansuco/hubtechitsolutions.com/app/Controllers/Home.php(40): view('course-detail', Array)
#5 /home3/jeansuco/hubtechitsolutions.com/system/CodeIgniter.php(825): App\Controllers\Home->course_details('course-three.ht...')
#6 /home3/jeansuco/hubtechitsolutions.com/system/CodeIgniter.php(412): CodeIgniter\CodeIgniter->runController(Object(App\Controllers\Home))
#7 /home3/jeansuco/hubtechitsolutions.com/system/CodeIgniter.php(320): CodeIgniter\CodeIgniter->handleRequest(NULL, Object(Config\Cache), false)
#8 /home3/jeansuco/hubtechitsolutions.com/index.php(37): CodeIgniter\CodeIgniter->run()
#9 {main}
CRITICAL - 2024-06-04 12:22:38 --> Attempt to read property "course_full_name" on null
#0 /home3/jeansuco/hubtechitsolutions.com/app/Views/course-detail.php(10): CodeIgniter\Debug\Exceptions->errorHandler(2, 'Attempt to read...', '/home3/jeansuco...', 10)
#1 /home3/jeansuco/hubtechitsolutions.com/system/View/View.php(210): include('/home3/jeansuco...')
#2 /home3/jeansuco/hubtechitsolutions.com/system/View/View.php(213): CodeIgniter\View\View->CodeIgniter\View\{closure}()
#3 /home3/jeansuco/hubtechitsolutions.com/system/Common.php(1089): CodeIgniter\View\View->render('course-detail', Array, true)
#4 /home3/jeansuco/hubtechitsolutions.com/app/Controllers/Home.php(40): view('course-detail', Array)
#5 /home3/jeansuco/hubtechitsolutions.com/system/CodeIgniter.php(825): App\Controllers\Home->course_details('course-four.htm...')
#6 /home3/jeansuco/hubtechitsolutions.com/system/CodeIgniter.php(412): CodeIgniter\CodeIgniter->runController(Object(App\Controllers\Home))
#7 /home3/jeansuco/hubtechitsolutions.com/system/CodeIgniter.php(320): CodeIgniter\CodeIgniter->handleRequest(NULL, Object(Config\Cache), false)
#8 /home3/jeansuco/hubtechitsolutions.com/index.php(37): CodeIgniter\CodeIgniter->run()
#9 {main}
CRITICAL - 2024-06-04 13:24:51 --> Attempt to read property "course_full_name" on null
#0 /home3/jeansuco/hubtechitsolutions.com/app/Views/course-detail.php(10): CodeIgniter\Debug\Exceptions->errorHandler(2, 'Attempt to read...', '/home3/jeansuco...', 10)
#1 /home3/jeansuco/hubtechitsolutions.com/system/View/View.php(210): include('/home3/jeansuco...')
#2 /home3/jeansuco/hubtechitsolutions.com/system/View/View.php(213): CodeIgniter\View\View->CodeIgniter\View\{closure}()
#3 /home3/jeansuco/hubtechitsolutions.com/system/Common.php(1089): CodeIgniter\View\View->render('course-detail', Array, true)
#4 /home3/jeansuco/hubtechitsolutions.com/app/Controllers/Home.php(40): view('course-detail', Array)
#5 /home3/jeansuco/hubtechitsolutions.com/system/CodeIgniter.php(825): App\Controllers\Home->course_details('team-one.html')
#6 /home3/jeansuco/hubtechitsolutions.com/system/CodeIgniter.php(412): CodeIgniter\CodeIgniter->runController(Object(App\Controllers\Home))
#7 /home3/jeansuco/hubtechitsolutions.com/system/CodeIgniter.php(320): CodeIgniter\CodeIgniter->handleRequest(NULL, Object(Config\Cache), false)
#8 /home3/jeansuco/hubtechitsolutions.com/index.php(37): CodeIgniter\CodeIgniter->run()
#9 {main}
CRITICAL - 2024-06-04 15:35:18 --> Attempt to read property "course_full_name" on null
#0 /home3/jeansuco/hubtechitsolutions.com/app/Views/course-detail.php(10): CodeIgniter\Debug\Exceptions->errorHandler(2, 'Attempt to read...', '/home3/jeansuco...', 10)
#1 /home3/jeansuco/hubtechitsolutions.com/system/View/View.php(210): include('/home3/jeansuco...')
#2 /home3/jeansuco/hubtechitsolutions.com/system/View/View.php(213): CodeIgniter\View\View->CodeIgniter\View\{closure}()
#3 /home3/jeansuco/hubtechitsolutions.com/system/Common.php(1089): CodeIgniter\View\View->render('course-detail', Array, true)
#4 /home3/jeansuco/hubtechitsolutions.com/app/Controllers/Home.php(40): view('course-detail', Array)
#5 /home3/jeansuco/hubtechitsolutions.com/system/CodeIgniter.php(825): App\Controllers\Home->course_details('course-two.html')
#6 /home3/jeansuco/hubtechitsolutions.com/system/CodeIgniter.php(412): CodeIgniter\CodeIgniter->runController(Object(App\Controllers\Home))
#7 /home3/jeansuco/hubtechitsolutions.com/system/CodeIgniter.php(320): CodeIgniter\CodeIgniter->handleRequest(NULL, Object(Config\Cache), false)
#8 /home3/jeansuco/hubtechitsolutions.com/index.php(37): CodeIgniter\CodeIgniter->run()
#9 {main}
CRITICAL - 2024-06-04 18:46:34 --> Attempt to read property "course_full_name" on null
#0 /home3/jeansuco/hubtechitsolutions.com/app/Views/course-detail.php(10): CodeIgniter\Debug\Exceptions->errorHandler(2, 'Attempt to read...', '/home3/jeansuco...', 10)
#1 /home3/jeansuco/hubtechitsolutions.com/system/View/View.php(210): include('/home3/jeansuco...')
#2 /home3/jeansuco/hubtechitsolutions.com/system/View/View.php(213): CodeIgniter\View\View->CodeIgniter\View\{closure}()
#3 /home3/jeansuco/hubtechitsolutions.com/system/Common.php(1089): CodeIgniter\View\View->render('course-detail', Array, true)
#4 /home3/jeansuco/hubtechitsolutions.com/app/Controllers/Home.php(40): view('course-detail', Array)
#5 /home3/jeansuco/hubtechitsolutions.com/system/CodeIgniter.php(825): App\Controllers\Home->course_details('course-three.ht...')
#6 /home3/jeansuco/hubtechitsolutions.com/system/CodeIgniter.php(412): CodeIgniter\CodeIgniter->runController(Object(App\Controllers\Home))
#7 /home3/jeansuco/hubtechitsolutions.com/system/CodeIgniter.php(320): CodeIgniter\CodeIgniter->handleRequest(NULL, Object(Config\Cache), false)
#8 /home3/jeansuco/hubtechitsolutions.com/index.php(37): CodeIgniter\CodeIgniter->run()
#9 {main}
CRITICAL - 2024-06-04 19:56:42 --> Attempt to read property "course_full_name" on null
#0 /home3/jeansuco/hubtechitsolutions.com/app/Views/course-detail.php(10): CodeIgniter\Debug\Exceptions->errorHandler(2, 'Attempt to read...', '/home3/jeansuco...', 10)
#1 /home3/jeansuco/hubtechitsolutions.com/system/View/View.php(210): include('/home3/jeansuco...')
#2 /home3/jeansuco/hubtechitsolutions.com/system/View/View.php(213): CodeIgniter\View\View->CodeIgniter\View\{closure}()
#3 /home3/jeansuco/hubtechitsolutions.com/system/Common.php(1089): CodeIgniter\View\View->render('course-detail', Array, true)
#4 /home3/jeansuco/hubtechitsolutions.com/app/Controllers/Home.php(40): view('course-detail', Array)
#5 /home3/jeansuco/hubtechitsolutions.com/system/CodeIgniter.php(825): App\Controllers\Home->course_details('index.html')
#6 /home3/jeansuco/hubtechitsolutions.com/system/CodeIgniter.php(412): CodeIgniter\CodeIgniter->runController(Object(App\Controllers\Home))
#7 /home3/jeansuco/hubtechitsolutions.com/system/CodeIgniter.php(320): CodeIgniter\CodeIgniter->handleRequest(NULL, Object(Config\Cache), false)
#8 /home3/jeansuco/hubtechitsolutions.com/index.php(37): CodeIgniter\CodeIgniter->run()
#9 {main}
CRITICAL - 2024-06-04 21:23:13 --> Attempt to read property "course_full_name" on null
#0 /home3/jeansuco/hubtechitsolutions.com/app/Views/course-detail.php(10): CodeIgniter\Debug\Exceptions->errorHandler(2, 'Attempt to read...', '/home3/jeansuco...', 10)
#1 /home3/jeansuco/hubtechitsolutions.com/system/View/View.php(210): include('/home3/jeansuco...')
#2 /home3/jeansuco/hubtechitsolutions.com/system/View/View.php(213): CodeIgniter\View\View->CodeIgniter\View\{closure}()
#3 /home3/jeansuco/hubtechitsolutions.com/system/Common.php(1089): CodeIgniter\View\View->render('course-detail', Array, true)
#4 /home3/jeansuco/hubtechitsolutions.com/app/Controllers/Home.php(40): view('course-detail', Array)
#5 /home3/jeansuco/hubtechitsolutions.com/system/CodeIgniter.php(825): App\Controllers\Home->course_details('event-grid.html')
#6 /home3/jeansuco/hubtechitsolutions.com/system/CodeIgniter.php(412): CodeIgniter\CodeIgniter->runController(Object(App\Controllers\Home))
#7 /home3/jeansuco/hubtechitsolutions.com/system/CodeIgniter.php(320): CodeIgniter\CodeIgniter->handleRequest(NULL, Object(Config\Cache), false)
#8 /home3/jeansuco/hubtechitsolutions.com/index.php(37): CodeIgniter\CodeIgniter->run()
#9 {main}
