CRITICAL - 2024-03-30 08:17:02 --> Attempt to read property "course_full_name" on null
#0 /home3/jeansuco/hubtechitsolutions.com/app/Views/course-detail.php(10): CodeIgniter\Debug\Exceptions->errorHandler(2, 'Attempt to read...', '/home3/jeansuco...', 10)
#1 /home3/jeansuco/hubtechitsolutions.com/system/View/View.php(210): include('/home3/jeansuco...')
#2 /home3/jeansuco/hubtechitsolutions.com/system/View/View.php(213): CodeIgniter\View\View->CodeIgniter\View\{closure}()
#3 /home3/jeansuco/hubtechitsolutions.com/system/Common.php(1089): CodeIgniter\View\View->render('course-detail', Array, true)
#4 /home3/jeansuco/hubtechitsolutions.com/app/Controllers/Home.php(40): view('course-detail', Array)
#5 /home3/jeansuco/hubtechitsolutions.com/system/CodeIgniter.php(825): App\Controllers\Home->course_details('team-one.html')
#6 /home3/jeansuco/hubtechitsolutions.com/system/CodeIgniter.php(412): CodeIgniter\CodeIgniter->runController(Object(App\Controllers\Home))
#7 /home3/jeansuco/hubtechitsolutions.com/system/CodeIgniter.php(320): CodeIgniter\CodeIgniter->handleRequest(NULL, Object(Config\Cache), false)
#8 /home3/jeansuco/hubtechitsolutions.com/index.php(37): CodeIgniter\CodeIgniter->run()
#9 {main}
CRITICAL - 2024-03-30 08:17:04 --> Attempt to read property "course_full_name" on null
#0 /home3/jeansuco/hubtechitsolutions.com/app/Views/course-detail.php(10): CodeIgniter\Debug\Exceptions->errorHandler(2, 'Attempt to read...', '/home3/jeansuco...', 10)
#1 /home3/jeansuco/hubtechitsolutions.com/system/View/View.php(210): include('/home3/jeansuco...')
#2 /home3/jeansuco/hubtechitsolutions.com/system/View/View.php(213): CodeIgniter\View\View->CodeIgniter\View\{closure}()
#3 /home3/jeansuco/hubtechitsolutions.com/system/Common.php(1089): CodeIgniter\View\View->render('course-detail', Array, true)
#4 /home3/jeansuco/hubtechitsolutions.com/app/Controllers/Home.php(40): view('course-detail', Array)
#5 /home3/jeansuco/hubtechitsolutions.com/system/CodeIgniter.php(825): App\Controllers\Home->course_details('course-three.ht...')
#6 /home3/jeansuco/hubtechitsolutions.com/system/CodeIgniter.php(412): CodeIgniter\CodeIgniter->runController(Object(App\Controllers\Home))
#7 /home3/jeansuco/hubtechitsolutions.com/system/CodeIgniter.php(320): CodeIgniter\CodeIgniter->handleRequest(NULL, Object(Config\Cache), false)
#8 /home3/jeansuco/hubtechitsolutions.com/index.php(37): CodeIgniter\CodeIgniter->run()
#9 {main}
CRITICAL - 2024-03-30 08:17:04 --> Attempt to read property "course_full_name" on null
#0 /home3/jeansuco/hubtechitsolutions.com/app/Views/course-detail.php(10): CodeIgniter\Debug\Exceptions->errorHandler(2, 'Attempt to read...', '/home3/jeansuco...', 10)
#1 /home3/jeansuco/hubtechitsolutions.com/system/View/View.php(210): include('/home3/jeansuco...')
#2 /home3/jeansuco/hubtechitsolutions.com/system/View/View.php(213): CodeIgniter\View\View->CodeIgniter\View\{closure}()
#3 /home3/jeansuco/hubtechitsolutions.com/system/Common.php(1089): CodeIgniter\View\View->render('course-detail', Array, true)
#4 /home3/jeansuco/hubtechitsolutions.com/app/Controllers/Home.php(40): view('course-detail', Array)
#5 /home3/jeansuco/hubtechitsolutions.com/system/CodeIgniter.php(825): App\Controllers\Home->course_details('course-two.html')
#6 /home3/jeansuco/hubtechitsolutions.com/system/CodeIgniter.php(412): CodeIgniter\CodeIgniter->runController(Object(App\Controllers\Home))
#7 /home3/jeansuco/hubtechitsolutions.com/system/CodeIgniter.php(320): CodeIgniter\CodeIgniter->handleRequest(NULL, Object(Config\Cache), false)
#8 /home3/jeansuco/hubtechitsolutions.com/index.php(37): CodeIgniter\CodeIgniter->run()
#9 {main}
CRITICAL - 2024-03-30 08:17:05 --> Attempt to read property "course_full_name" on null
#0 /home3/jeansuco/hubtechitsolutions.com/app/Views/course-detail.php(10): CodeIgniter\Debug\Exceptions->errorHandler(2, 'Attempt to read...', '/home3/jeansuco...', 10)
#1 /home3/jeansuco/hubtechitsolutions.com/system/View/View.php(210): include('/home3/jeansuco...')
#2 /home3/jeansuco/hubtechitsolutions.com/system/View/View.php(213): CodeIgniter\View\View->CodeIgniter\View\{closure}()
#3 /home3/jeansuco/hubtechitsolutions.com/system/Common.php(1089): CodeIgniter\View\View->render('course-detail', Array, true)
#4 /home3/jeansuco/hubtechitsolutions.com/app/Controllers/Home.php(40): view('course-detail', Array)
#5 /home3/jeansuco/hubtechitsolutions.com/system/CodeIgniter.php(825): App\Controllers\Home->course_details('course-four.htm...')
#6 /home3/jeansuco/hubtechitsolutions.com/system/CodeIgniter.php(412): CodeIgniter\CodeIgniter->runController(Object(App\Controllers\Home))
#7 /home3/jeansuco/hubtechitsolutions.com/system/CodeIgniter.php(320): CodeIgniter\CodeIgniter->handleRequest(NULL, Object(Config\Cache), false)
#8 /home3/jeansuco/hubtechitsolutions.com/index.php(37): CodeIgniter\CodeIgniter->run()
#9 {main}
CRITICAL - 2024-03-30 08:17:05 --> Attempt to read property "course_full_name" on null
#0 /home3/jeansuco/hubtechitsolutions.com/app/Views/course-detail.php(10): CodeIgniter\Debug\Exceptions->errorHandler(2, 'Attempt to read...', '/home3/jeansuco...', 10)
#1 /home3/jeansuco/hubtechitsolutions.com/system/View/View.php(210): include('/home3/jeansuco...')
#2 /home3/jeansuco/hubtechitsolutions.com/system/View/View.php(213): CodeIgniter\View\View->CodeIgniter\View\{closure}()
#3 /home3/jeansuco/hubtechitsolutions.com/system/Common.php(1089): CodeIgniter\View\View->render('course-detail', Array, true)
#4 /home3/jeansuco/hubtechitsolutions.com/app/Controllers/Home.php(40): view('course-detail', Array)
#5 /home3/jeansuco/hubtechitsolutions.com/system/CodeIgniter.php(825): App\Controllers\Home->course_details('course-one.html')
#6 /home3/jeansuco/hubtechitsolutions.com/system/CodeIgniter.php(412): CodeIgniter\CodeIgniter->runController(Object(App\Controllers\Home))
#7 /home3/jeansuco/hubtechitsolutions.com/system/CodeIgniter.php(320): CodeIgniter\CodeIgniter->handleRequest(NULL, Object(Config\Cache), false)
#8 /home3/jeansuco/hubtechitsolutions.com/index.php(37): CodeIgniter\CodeIgniter->run()
#9 {main}
CRITICAL - 2024-03-30 08:17:05 --> Attempt to read property "course_full_name" on null
#0 /home3/jeansuco/hubtechitsolutions.com/app/Views/course-detail.php(10): CodeIgniter\Debug\Exceptions->errorHandler(2, 'Attempt to read...', '/home3/jeansuco...', 10)
#1 /home3/jeansuco/hubtechitsolutions.com/system/View/View.php(210): include('/home3/jeansuco...')
#2 /home3/jeansuco/hubtechitsolutions.com/system/View/View.php(213): CodeIgniter\View\View->CodeIgniter\View\{closure}()
#3 /home3/jeansuco/hubtechitsolutions.com/system/Common.php(1089): CodeIgniter\View\View->render('course-detail', Array, true)
#4 /home3/jeansuco/hubtechitsolutions.com/app/Controllers/Home.php(40): view('course-detail', Array)
#5 /home3/jeansuco/hubtechitsolutions.com/system/CodeIgniter.php(825): App\Controllers\Home->course_details('index.html')
#6 /home3/jeansuco/hubtechitsolutions.com/system/CodeIgniter.php(412): CodeIgniter\CodeIgniter->runController(Object(App\Controllers\Home))
#7 /home3/jeansuco/hubtechitsolutions.com/system/CodeIgniter.php(320): CodeIgniter\CodeIgniter->handleRequest(NULL, Object(Config\Cache), false)
#8 /home3/jeansuco/hubtechitsolutions.com/index.php(37): CodeIgniter\CodeIgniter->run()
#9 {main}
CRITICAL - 2024-03-30 08:17:05 --> Attempt to read property "course_full_name" on null
#0 /home3/jeansuco/hubtechitsolutions.com/app/Views/course-detail.php(10): CodeIgniter\Debug\Exceptions->errorHandler(2, 'Attempt to read...', '/home3/jeansuco...', 10)
#1 /home3/jeansuco/hubtechitsolutions.com/system/View/View.php(210): include('/home3/jeansuco...')
#2 /home3/jeansuco/hubtechitsolutions.com/system/View/View.php(213): CodeIgniter\View\View->CodeIgniter\View\{closure}()
#3 /home3/jeansuco/hubtechitsolutions.com/system/Common.php(1089): CodeIgniter\View\View->render('course-detail', Array, true)
#4 /home3/jeansuco/hubtechitsolutions.com/app/Controllers/Home.php(40): view('course-detail', Array)
#5 /home3/jeansuco/hubtechitsolutions.com/system/CodeIgniter.php(825): App\Controllers\Home->course_details('event-grid.html')
#6 /home3/jeansuco/hubtechitsolutions.com/system/CodeIgniter.php(412): CodeIgniter\CodeIgniter->runController(Object(App\Controllers\Home))
#7 /home3/jeansuco/hubtechitsolutions.com/system/CodeIgniter.php(320): CodeIgniter\CodeIgniter->handleRequest(NULL, Object(Config\Cache), false)
#8 /home3/jeansuco/hubtechitsolutions.com/index.php(37): CodeIgniter\CodeIgniter->run()
#9 {main}
CRITICAL - 2024-03-30 08:17:06 --> Attempt to read property "course_full_name" on null
#0 /home3/jeansuco/hubtechitsolutions.com/app/Views/course-detail.php(10): CodeIgniter\Debug\Exceptions->errorHandler(2, 'Attempt to read...', '/home3/jeansuco...', 10)
#1 /home3/jeansuco/hubtechitsolutions.com/system/View/View.php(210): include('/home3/jeansuco...')
#2 /home3/jeansuco/hubtechitsolutions.com/system/View/View.php(213): CodeIgniter\View\View->CodeIgniter\View\{closure}()
#3 /home3/jeansuco/hubtechitsolutions.com/system/Common.php(1089): CodeIgniter\View\View->render('course-detail', Array, true)
#4 /home3/jeansuco/hubtechitsolutions.com/app/Controllers/Home.php(40): view('course-detail', Array)
#5 /home3/jeansuco/hubtechitsolutions.com/system/CodeIgniter.php(825): App\Controllers\Home->course_details('course-five.htm...')
#6 /home3/jeansuco/hubtechitsolutions.com/system/CodeIgniter.php(412): CodeIgniter\CodeIgniter->runController(Object(App\Controllers\Home))
#7 /home3/jeansuco/hubtechitsolutions.com/system/CodeIgniter.php(320): CodeIgniter\CodeIgniter->handleRequest(NULL, Object(Config\Cache), false)
#8 /home3/jeansuco/hubtechitsolutions.com/index.php(37): CodeIgniter\CodeIgniter->run()
#9 {main}
CRITICAL - 2024-03-30 10:27:12 --> Attempt to read property "course_full_name" on null
#0 /home3/jeansuco/hubtechitsolutions.com/app/Views/course-detail.php(10): CodeIgniter\Debug\Exceptions->errorHandler(2, 'Attempt to read...', '/home3/jeansuco...', 10)
#1 /home3/jeansuco/hubtechitsolutions.com/system/View/View.php(210): include('/home3/jeansuco...')
#2 /home3/jeansuco/hubtechitsolutions.com/system/View/View.php(213): CodeIgniter\View\View->CodeIgniter\View\{closure}()
#3 /home3/jeansuco/hubtechitsolutions.com/system/Common.php(1089): CodeIgniter\View\View->render('course-detail', Array, true)
#4 /home3/jeansuco/hubtechitsolutions.com/app/Controllers/Home.php(40): view('course-detail', Array)
#5 /home3/jeansuco/hubtechitsolutions.com/system/CodeIgniter.php(825): App\Controllers\Home->course_details('event-grid.html')
#6 /home3/jeansuco/hubtechitsolutions.com/system/CodeIgniter.php(412): CodeIgniter\CodeIgniter->runController(Object(App\Controllers\Home))
#7 /home3/jeansuco/hubtechitsolutions.com/system/CodeIgniter.php(320): CodeIgniter\CodeIgniter->handleRequest(NULL, Object(Config\Cache), false)
#8 /home3/jeansuco/hubtechitsolutions.com/index.php(37): CodeIgniter\CodeIgniter->run()
#9 {main}
CRITICAL - 2024-03-30 10:27:12 --> Attempt to read property "course_full_name" on null
#0 /home3/jeansuco/hubtechitsolutions.com/app/Views/course-detail.php(10): CodeIgniter\Debug\Exceptions->errorHandler(2, 'Attempt to read...', '/home3/jeansuco...', 10)
#1 /home3/jeansuco/hubtechitsolutions.com/system/View/View.php(210): include('/home3/jeansuco...')
#2 /home3/jeansuco/hubtechitsolutions.com/system/View/View.php(213): CodeIgniter\View\View->CodeIgniter\View\{closure}()
#3 /home3/jeansuco/hubtechitsolutions.com/system/Common.php(1089): CodeIgniter\View\View->render('course-detail', Array, true)
#4 /home3/jeansuco/hubtechitsolutions.com/app/Controllers/Home.php(40): view('course-detail', Array)
#5 /home3/jeansuco/hubtechitsolutions.com/system/CodeIgniter.php(825): App\Controllers\Home->course_details('team-one.html')
#6 /home3/jeansuco/hubtechitsolutions.com/system/CodeIgniter.php(412): CodeIgniter\CodeIgniter->runController(Object(App\Controllers\Home))
#7 /home3/jeansuco/hubtechitsolutions.com/system/CodeIgniter.php(320): CodeIgniter\CodeIgniter->handleRequest(NULL, Object(Config\Cache), false)
#8 /home3/jeansuco/hubtechitsolutions.com/index.php(37): CodeIgniter\CodeIgniter->run()
#9 {main}
CRITICAL - 2024-03-30 10:27:12 --> Attempt to read property "course_full_name" on null
#0 /home3/jeansuco/hubtechitsolutions.com/app/Views/course-detail.php(10): CodeIgniter\Debug\Exceptions->errorHandler(2, 'Attempt to read...', '/home3/jeansuco...', 10)
#1 /home3/jeansuco/hubtechitsolutions.com/system/View/View.php(210): include('/home3/jeansuco...')
#2 /home3/jeansuco/hubtechitsolutions.com/system/View/View.php(213): CodeIgniter\View\View->CodeIgniter\View\{closure}()
#3 /home3/jeansuco/hubtechitsolutions.com/system/Common.php(1089): CodeIgniter\View\View->render('course-detail', Array, true)
#4 /home3/jeansuco/hubtechitsolutions.com/app/Controllers/Home.php(40): view('course-detail', Array)
#5 /home3/jeansuco/hubtechitsolutions.com/system/CodeIgniter.php(825): App\Controllers\Home->course_details('course-two.html')
#6 /home3/jeansuco/hubtechitsolutions.com/system/CodeIgniter.php(412): CodeIgniter\CodeIgniter->runController(Object(App\Controllers\Home))
#7 /home3/jeansuco/hubtechitsolutions.com/system/CodeIgniter.php(320): CodeIgniter\CodeIgniter->handleRequest(NULL, Object(Config\Cache), false)
#8 /home3/jeansuco/hubtechitsolutions.com/index.php(37): CodeIgniter\CodeIgniter->run()
#9 {main}
CRITICAL - 2024-03-30 10:27:13 --> Attempt to read property "course_full_name" on null
#0 /home3/jeansuco/hubtechitsolutions.com/app/Views/course-detail.php(10): CodeIgniter\Debug\Exceptions->errorHandler(2, 'Attempt to read...', '/home3/jeansuco...', 10)
#1 /home3/jeansuco/hubtechitsolutions.com/system/View/View.php(210): include('/home3/jeansuco...')
#2 /home3/jeansuco/hubtechitsolutions.com/system/View/View.php(213): CodeIgniter\View\View->CodeIgniter\View\{closure}()
#3 /home3/jeansuco/hubtechitsolutions.com/system/Common.php(1089): CodeIgniter\View\View->render('course-detail', Array, true)
#4 /home3/jeansuco/hubtechitsolutions.com/app/Controllers/Home.php(40): view('course-detail', Array)
#5 /home3/jeansuco/hubtechitsolutions.com/system/CodeIgniter.php(825): App\Controllers\Home->course_details('course-five.htm...')
#6 /home3/jeansuco/hubtechitsolutions.com/system/CodeIgniter.php(412): CodeIgniter\CodeIgniter->runController(Object(App\Controllers\Home))
#7 /home3/jeansuco/hubtechitsolutions.com/system/CodeIgniter.php(320): CodeIgniter\CodeIgniter->handleRequest(NULL, Object(Config\Cache), false)
#8 /home3/jeansuco/hubtechitsolutions.com/index.php(37): CodeIgniter\CodeIgniter->run()
#9 {main}
CRITICAL - 2024-03-30 10:27:13 --> Attempt to read property "course_full_name" on null
#0 /home3/jeansuco/hubtechitsolutions.com/app/Views/course-detail.php(10): CodeIgniter\Debug\Exceptions->errorHandler(2, 'Attempt to read...', '/home3/jeansuco...', 10)
#1 /home3/jeansuco/hubtechitsolutions.com/system/View/View.php(210): include('/home3/jeansuco...')
#2 /home3/jeansuco/hubtechitsolutions.com/system/View/View.php(213): CodeIgniter\View\View->CodeIgniter\View\{closure}()
#3 /home3/jeansuco/hubtechitsolutions.com/system/Common.php(1089): CodeIgniter\View\View->render('course-detail', Array, true)
#4 /home3/jeansuco/hubtechitsolutions.com/app/Controllers/Home.php(40): view('course-detail', Array)
#5 /home3/jeansuco/hubtechitsolutions.com/system/CodeIgniter.php(825): App\Controllers\Home->course_details('course-four.htm...')
#6 /home3/jeansuco/hubtechitsolutions.com/system/CodeIgniter.php(412): CodeIgniter\CodeIgniter->runController(Object(App\Controllers\Home))
#7 /home3/jeansuco/hubtechitsolutions.com/system/CodeIgniter.php(320): CodeIgniter\CodeIgniter->handleRequest(NULL, Object(Config\Cache), false)
#8 /home3/jeansuco/hubtechitsolutions.com/index.php(37): CodeIgniter\CodeIgniter->run()
#9 {main}
CRITICAL - 2024-03-30 10:27:13 --> Attempt to read property "course_full_name" on null
#0 /home3/jeansuco/hubtechitsolutions.com/app/Views/course-detail.php(10): CodeIgniter\Debug\Exceptions->errorHandler(2, 'Attempt to read...', '/home3/jeansuco...', 10)
#1 /home3/jeansuco/hubtechitsolutions.com/system/View/View.php(210): include('/home3/jeansuco...')
#2 /home3/jeansuco/hubtechitsolutions.com/system/View/View.php(213): CodeIgniter\View\View->CodeIgniter\View\{closure}()
#3 /home3/jeansuco/hubtechitsolutions.com/system/Common.php(1089): CodeIgniter\View\View->render('course-detail', Array, true)
#4 /home3/jeansuco/hubtechitsolutions.com/app/Controllers/Home.php(40): view('course-detail', Array)
#5 /home3/jeansuco/hubtechitsolutions.com/system/CodeIgniter.php(825): App\Controllers\Home->course_details('index.html')
#6 /home3/jeansuco/hubtechitsolutions.com/system/CodeIgniter.php(412): CodeIgniter\CodeIgniter->runController(Object(App\Controllers\Home))
#7 /home3/jeansuco/hubtechitsolutions.com/system/CodeIgniter.php(320): CodeIgniter\CodeIgniter->handleRequest(NULL, Object(Config\Cache), false)
#8 /home3/jeansuco/hubtechitsolutions.com/index.php(37): CodeIgniter\CodeIgniter->run()
#9 {main}
CRITICAL - 2024-03-30 10:27:14 --> Attempt to read property "course_full_name" on null
#0 /home3/jeansuco/hubtechitsolutions.com/app/Views/course-detail.php(10): CodeIgniter\Debug\Exceptions->errorHandler(2, 'Attempt to read...', '/home3/jeansuco...', 10)
#1 /home3/jeansuco/hubtechitsolutions.com/system/View/View.php(210): include('/home3/jeansuco...')
#2 /home3/jeansuco/hubtechitsolutions.com/system/View/View.php(213): CodeIgniter\View\View->CodeIgniter\View\{closure}()
#3 /home3/jeansuco/hubtechitsolutions.com/system/Common.php(1089): CodeIgniter\View\View->render('course-detail', Array, true)
#4 /home3/jeansuco/hubtechitsolutions.com/app/Controllers/Home.php(40): view('course-detail', Array)
#5 /home3/jeansuco/hubtechitsolutions.com/system/CodeIgniter.php(825): App\Controllers\Home->course_details('course-one.html')
#6 /home3/jeansuco/hubtechitsolutions.com/system/CodeIgniter.php(412): CodeIgniter\CodeIgniter->runController(Object(App\Controllers\Home))
#7 /home3/jeansuco/hubtechitsolutions.com/system/CodeIgniter.php(320): CodeIgniter\CodeIgniter->handleRequest(NULL, Object(Config\Cache), false)
#8 /home3/jeansuco/hubtechitsolutions.com/index.php(37): CodeIgniter\CodeIgniter->run()
#9 {main}
CRITICAL - 2024-03-30 10:27:15 --> Attempt to read property "course_full_name" on null
#0 /home3/jeansuco/hubtechitsolutions.com/app/Views/course-detail.php(10): CodeIgniter\Debug\Exceptions->errorHandler(2, 'Attempt to read...', '/home3/jeansuco...', 10)
#1 /home3/jeansuco/hubtechitsolutions.com/system/View/View.php(210): include('/home3/jeansuco...')
#2 /home3/jeansuco/hubtechitsolutions.com/system/View/View.php(213): CodeIgniter\View\View->CodeIgniter\View\{closure}()
#3 /home3/jeansuco/hubtechitsolutions.com/system/Common.php(1089): CodeIgniter\View\View->render('course-detail', Array, true)
#4 /home3/jeansuco/hubtechitsolutions.com/app/Controllers/Home.php(40): view('course-detail', Array)
#5 /home3/jeansuco/hubtechitsolutions.com/system/CodeIgniter.php(825): App\Controllers\Home->course_details('course-three.ht...')
#6 /home3/jeansuco/hubtechitsolutions.com/system/CodeIgniter.php(412): CodeIgniter\CodeIgniter->runController(Object(App\Controllers\Home))
#7 /home3/jeansuco/hubtechitsolutions.com/system/CodeIgniter.php(320): CodeIgniter\CodeIgniter->handleRequest(NULL, Object(Config\Cache), false)
#8 /home3/jeansuco/hubtechitsolutions.com/index.php(37): CodeIgniter\CodeIgniter->run()
#9 {main}
CRITICAL - 2024-03-30 10:35:05 --> Attempt to read property "course_full_name" on null
#0 /home3/jeansuco/hubtechitsolutions.com/app/Views/course-detail.php(10): CodeIgniter\Debug\Exceptions->errorHandler(2, 'Attempt to read...', '/home3/jeansuco...', 10)
#1 /home3/jeansuco/hubtechitsolutions.com/system/View/View.php(210): include('/home3/jeansuco...')
#2 /home3/jeansuco/hubtechitsolutions.com/system/View/View.php(213): CodeIgniter\View\View->CodeIgniter\View\{closure}()
#3 /home3/jeansuco/hubtechitsolutions.com/system/Common.php(1089): CodeIgniter\View\View->render('course-detail', Array, true)
#4 /home3/jeansuco/hubtechitsolutions.com/app/Controllers/Home.php(40): view('course-detail', Array)
#5 /home3/jeansuco/hubtechitsolutions.com/system/CodeIgniter.php(825): App\Controllers\Home->course_details('event-grid.html')
#6 /home3/jeansuco/hubtechitsolutions.com/system/CodeIgniter.php(412): CodeIgniter\CodeIgniter->runController(Object(App\Controllers\Home))
#7 /home3/jeansuco/hubtechitsolutions.com/system/CodeIgniter.php(320): CodeIgniter\CodeIgniter->handleRequest(NULL, Object(Config\Cache), false)
#8 /home3/jeansuco/hubtechitsolutions.com/index.php(37): CodeIgniter\CodeIgniter->run()
#9 {main}
CRITICAL - 2024-03-30 11:16:05 --> Attempt to read property "course_full_name" on null
#0 /home3/jeansuco/hubtechitsolutions.com/app/Views/course-detail.php(10): CodeIgniter\Debug\Exceptions->errorHandler(2, 'Attempt to read...', '/home3/jeansuco...', 10)
#1 /home3/jeansuco/hubtechitsolutions.com/system/View/View.php(210): include('/home3/jeansuco...')
#2 /home3/jeansuco/hubtechitsolutions.com/system/View/View.php(213): CodeIgniter\View\View->CodeIgniter\View\{closure}()
#3 /home3/jeansuco/hubtechitsolutions.com/system/Common.php(1089): CodeIgniter\View\View->render('course-detail', Array, true)
#4 /home3/jeansuco/hubtechitsolutions.com/app/Controllers/Home.php(40): view('course-detail', Array)
#5 /home3/jeansuco/hubtechitsolutions.com/system/CodeIgniter.php(825): App\Controllers\Home->course_details('course-five.htm...')
#6 /home3/jeansuco/hubtechitsolutions.com/system/CodeIgniter.php(412): CodeIgniter\CodeIgniter->runController(Object(App\Controllers\Home))
#7 /home3/jeansuco/hubtechitsolutions.com/system/CodeIgniter.php(320): CodeIgniter\CodeIgniter->handleRequest(NULL, Object(Config\Cache), false)
#8 /home3/jeansuco/hubtechitsolutions.com/index.php(37): CodeIgniter\CodeIgniter->run()
#9 {main}
CRITICAL - 2024-03-30 11:21:11 --> Attempt to read property "course_full_name" on null
#0 /home3/jeansuco/hubtechitsolutions.com/app/Views/course-detail.php(10): CodeIgniter\Debug\Exceptions->errorHandler(2, 'Attempt to read...', '/home3/jeansuco...', 10)
#1 /home3/jeansuco/hubtechitsolutions.com/system/View/View.php(210): include('/home3/jeansuco...')
#2 /home3/jeansuco/hubtechitsolutions.com/system/View/View.php(213): CodeIgniter\View\View->CodeIgniter\View\{closure}()
#3 /home3/jeansuco/hubtechitsolutions.com/system/Common.php(1089): CodeIgniter\View\View->render('course-detail', Array, true)
#4 /home3/jeansuco/hubtechitsolutions.com/app/Controllers/Home.php(40): view('course-detail', Array)
#5 /home3/jeansuco/hubtechitsolutions.com/system/CodeIgniter.php(825): App\Controllers\Home->course_details('course-four.htm...')
#6 /home3/jeansuco/hubtechitsolutions.com/system/CodeIgniter.php(412): CodeIgniter\CodeIgniter->runController(Object(App\Controllers\Home))
#7 /home3/jeansuco/hubtechitsolutions.com/system/CodeIgniter.php(320): CodeIgniter\CodeIgniter->handleRequest(NULL, Object(Config\Cache), false)
#8 /home3/jeansuco/hubtechitsolutions.com/index.php(37): CodeIgniter\CodeIgniter->run()
#9 {main}
CRITICAL - 2024-03-30 11:46:01 --> Attempt to read property "course_full_name" on null
#0 /home3/jeansuco/hubtechitsolutions.com/app/Views/course-detail.php(10): CodeIgniter\Debug\Exceptions->errorHandler(2, 'Attempt to read...', '/home3/jeansuco...', 10)
#1 /home3/jeansuco/hubtechitsolutions.com/system/View/View.php(210): include('/home3/jeansuco...')
#2 /home3/jeansuco/hubtechitsolutions.com/system/View/View.php(213): CodeIgniter\View\View->CodeIgniter\View\{closure}()
#3 /home3/jeansuco/hubtechitsolutions.com/system/Common.php(1089): CodeIgniter\View\View->render('course-detail', Array, true)
#4 /home3/jeansuco/hubtechitsolutions.com/app/Controllers/Home.php(40): view('course-detail', Array)
#5 /home3/jeansuco/hubtechitsolutions.com/system/CodeIgniter.php(825): App\Controllers\Home->course_details('index.html')
#6 /home3/jeansuco/hubtechitsolutions.com/system/CodeIgniter.php(412): CodeIgniter\CodeIgniter->runController(Object(App\Controllers\Home))
#7 /home3/jeansuco/hubtechitsolutions.com/system/CodeIgniter.php(320): CodeIgniter\CodeIgniter->handleRequest(NULL, Object(Config\Cache), false)
#8 /home3/jeansuco/hubtechitsolutions.com/index.php(37): CodeIgniter\CodeIgniter->run()
#9 {main}
CRITICAL - 2024-03-30 12:33:31 --> Attempt to read property "course_full_name" on null
#0 /home3/jeansuco/hubtechitsolutions.com/app/Views/course-detail.php(10): CodeIgniter\Debug\Exceptions->errorHandler(2, 'Attempt to read...', '/home3/jeansuco...', 10)
#1 /home3/jeansuco/hubtechitsolutions.com/system/View/View.php(210): include('/home3/jeansuco...')
#2 /home3/jeansuco/hubtechitsolutions.com/system/View/View.php(213): CodeIgniter\View\View->CodeIgniter\View\{closure}()
#3 /home3/jeansuco/hubtechitsolutions.com/system/Common.php(1089): CodeIgniter\View\View->render('course-detail', Array, true)
#4 /home3/jeansuco/hubtechitsolutions.com/app/Controllers/Home.php(40): view('course-detail', Array)
#5 /home3/jeansuco/hubtechitsolutions.com/system/CodeIgniter.php(825): App\Controllers\Home->course_details('course-five.htm...')
#6 /home3/jeansuco/hubtechitsolutions.com/system/CodeIgniter.php(412): CodeIgniter\CodeIgniter->runController(Object(App\Controllers\Home))
#7 /home3/jeansuco/hubtechitsolutions.com/system/CodeIgniter.php(320): CodeIgniter\CodeIgniter->handleRequest(NULL, Object(Config\Cache), false)
#8 /home3/jeansuco/hubtechitsolutions.com/index.php(37): CodeIgniter\CodeIgniter->run()
#9 {main}
CRITICAL - 2024-03-30 13:23:35 --> Attempt to read property "course_full_name" on null
#0 /home3/jeansuco/hubtechitsolutions.com/app/Views/course-detail.php(10): CodeIgniter\Debug\Exceptions->errorHandler(2, 'Attempt to read...', '/home3/jeansuco...', 10)
#1 /home3/jeansuco/hubtechitsolutions.com/system/View/View.php(210): include('/home3/jeansuco...')
#2 /home3/jeansuco/hubtechitsolutions.com/system/View/View.php(213): CodeIgniter\View\View->CodeIgniter\View\{closure}()
#3 /home3/jeansuco/hubtechitsolutions.com/system/Common.php(1089): CodeIgniter\View\View->render('course-detail', Array, true)
#4 /home3/jeansuco/hubtechitsolutions.com/app/Controllers/Home.php(40): view('course-detail', Array)
#5 /home3/jeansuco/hubtechitsolutions.com/system/CodeIgniter.php(825): App\Controllers\Home->course_details('index.html')
#6 /home3/jeansuco/hubtechitsolutions.com/system/CodeIgniter.php(412): CodeIgniter\CodeIgniter->runController(Object(App\Controllers\Home))
#7 /home3/jeansuco/hubtechitsolutions.com/system/CodeIgniter.php(320): CodeIgniter\CodeIgniter->handleRequest(NULL, Object(Config\Cache), false)
#8 /home3/jeansuco/hubtechitsolutions.com/index.php(37): CodeIgniter\CodeIgniter->run()
#9 {main}
CRITICAL - 2024-03-30 13:51:24 --> Attempt to read property "course_full_name" on null
#0 /home3/jeansuco/hubtechitsolutions.com/app/Views/course-detail.php(10): CodeIgniter\Debug\Exceptions->errorHandler(2, 'Attempt to read...', '/home3/jeansuco...', 10)
#1 /home3/jeansuco/hubtechitsolutions.com/system/View/View.php(210): include('/home3/jeansuco...')
#2 /home3/jeansuco/hubtechitsolutions.com/system/View/View.php(213): CodeIgniter\View\View->CodeIgniter\View\{closure}()
#3 /home3/jeansuco/hubtechitsolutions.com/system/Common.php(1089): CodeIgniter\View\View->render('course-detail', Array, true)
#4 /home3/jeansuco/hubtechitsolutions.com/app/Controllers/Home.php(40): view('course-detail', Array)
#5 /home3/jeansuco/hubtechitsolutions.com/system/CodeIgniter.php(825): App\Controllers\Home->course_details('course-four.htm...')
#6 /home3/jeansuco/hubtechitsolutions.com/system/CodeIgniter.php(412): CodeIgniter\CodeIgniter->runController(Object(App\Controllers\Home))
#7 /home3/jeansuco/hubtechitsolutions.com/system/CodeIgniter.php(320): CodeIgniter\CodeIgniter->handleRequest(NULL, Object(Config\Cache), false)
#8 /home3/jeansuco/hubtechitsolutions.com/index.php(37): CodeIgniter\CodeIgniter->run()
#9 {main}
CRITICAL - 2024-03-30 19:00:02 --> Attempt to read property "course_full_name" on null
#0 /home3/jeansuco/hubtechitsolutions.com/app/Views/course-detail.php(10): CodeIgniter\Debug\Exceptions->errorHandler(2, 'Attempt to read...', '/home3/jeansuco...', 10)
#1 /home3/jeansuco/hubtechitsolutions.com/system/View/View.php(210): include('/home3/jeansuco...')
#2 /home3/jeansuco/hubtechitsolutions.com/system/View/View.php(213): CodeIgniter\View\View->CodeIgniter\View\{closure}()
#3 /home3/jeansuco/hubtechitsolutions.com/system/Common.php(1089): CodeIgniter\View\View->render('course-detail', Array, true)
#4 /home3/jeansuco/hubtechitsolutions.com/app/Controllers/Home.php(40): view('course-detail', Array)
#5 /home3/jeansuco/hubtechitsolutions.com/system/CodeIgniter.php(825): App\Controllers\Home->course_details('event-grid.html')
#6 /home3/jeansuco/hubtechitsolutions.com/system/CodeIgniter.php(412): CodeIgniter\CodeIgniter->runController(Object(App\Controllers\Home))
#7 /home3/jeansuco/hubtechitsolutions.com/system/CodeIgniter.php(320): CodeIgniter\CodeIgniter->handleRequest(NULL, Object(Config\Cache), false)
#8 /home3/jeansuco/hubtechitsolutions.com/index.php(37): CodeIgniter\CodeIgniter->run()
#9 {main}
