CRITICAL - 2022-01-06 00:52:19 --> Class 'App\Controllers\Controller' not found
#0 C:\xampp\htdocs\ci4\ruangadmin416\system\Autoloader\Autoloader.php(264): include_once()
#1 C:\xampp\htdocs\ci4\ruangadmin416\system\Autoloader\Autoloader.php(241): CodeIgniter\Autoloader\Autoloader->includeFile('C:\\xampp\\htdocs...')
#2 C:\xampp\htdocs\ci4\ruangadmin416\system\Autoloader\Autoloader.php(219): CodeIgniter\Autoloader\Autoloader->loadInNamespace('App\\Controllers...')
#3 [internal function]: CodeIgniter\Autoloader\Autoloader->loadClass('App\\Controllers...')
#4 [internal function]: spl_autoload_call('App\\Controllers...')
#5 C:\xampp\htdocs\ci4\ruangadmin416\system\CodeIgniter.php(790): class_exists('\\App\\Controller...', true)
#6 C:\xampp\htdocs\ci4\ruangadmin416\system\CodeIgniter.php(399): CodeIgniter\CodeIgniter->startController()
#7 C:\xampp\htdocs\ci4\ruangadmin416\system\CodeIgniter.php(320): CodeIgniter\CodeIgniter->handleRequest(NULL, Object(Config\Cache), false)
#8 C:\xampp\htdocs\ci4\ruangadmin416\index.php(37): CodeIgniter\CodeIgniter->run()
#9 {main}
CRITICAL - 2022-01-06 00:57:49 --> Class 'App\Controllers\BaController' not found
#0 C:\xampp\htdocs\ci4\ruangadmin416\system\Autoloader\Autoloader.php(264): include_once()
#1 C:\xampp\htdocs\ci4\ruangadmin416\system\Autoloader\Autoloader.php(241): CodeIgniter\Autoloader\Autoloader->includeFile('C:\\xampp\\htdocs...')
#2 C:\xampp\htdocs\ci4\ruangadmin416\system\Autoloader\Autoloader.php(219): CodeIgniter\Autoloader\Autoloader->loadInNamespace('App\\Controllers...')
#3 [internal function]: CodeIgniter\Autoloader\Autoloader->loadClass('App\\Controllers...')
#4 [internal function]: spl_autoload_call('App\\Controllers...')
#5 C:\xampp\htdocs\ci4\ruangadmin416\system\CodeIgniter.php(790): class_exists('\\App\\Controller...', true)
#6 C:\xampp\htdocs\ci4\ruangadmin416\system\CodeIgniter.php(399): CodeIgniter\CodeIgniter->startController()
#7 C:\xampp\htdocs\ci4\ruangadmin416\system\CodeIgniter.php(320): CodeIgniter\CodeIgniter->handleRequest(NULL, Object(Config\Cache), false)
#8 C:\xampp\htdocs\ci4\ruangadmin416\index.php(37): CodeIgniter\CodeIgniter->run()
#9 {main}
