CRITICAL - 2022-01-10 02:02:12 --> AuthCheck filter must have a matching alias defined.
#0 C:\xampp\htdocs\ci4\ruangadmin416\system\Filters\Filters.php(340): CodeIgniter\Filters\Exceptions\FilterException::forNoAlias('AuthCheck')
#1 C:\xampp\htdocs\ci4\ruangadmin416\system\CodeIgniter.php(377): CodeIgniter\Filters\Filters->enableFilter('AuthCheck', 'before')
#2 C:\xampp\htdocs\ci4\ruangadmin416\system\CodeIgniter.php(320): CodeIgniter\CodeIgniter->handleRequest(NULL, Object(Config\Cache), false)
#3 C:\xampp\htdocs\ci4\ruangadmin416\index.php(37): CodeIgniter\CodeIgniter->run()
#4 {main}
CRITICAL - 2022-01-10 02:07:28 --> AuthCheckFilter filter must have a matching alias defined.
#0 C:\xampp\htdocs\ci4\ruangadmin416\system\Filters\Filters.php(340): CodeIgniter\Filters\Exceptions\FilterException::forNoAlias('AuthCheckFilter')
#1 C:\xampp\htdocs\ci4\ruangadmin416\system\CodeIgniter.php(377): CodeIgniter\Filters\Filters->enableFilter('AuthCheckFilter', 'before')
#2 C:\xampp\htdocs\ci4\ruangadmin416\system\CodeIgniter.php(320): CodeIgniter\CodeIgniter->handleRequest(NULL, Object(Config\Cache), false)
#3 C:\xampp\htdocs\ci4\ruangadmin416\index.php(37): CodeIgniter\CodeIgniter->run()
#4 {main}
CRITICAL - 2022-01-10 02:10:40 --> Use of undefined constant Logout - assumed 'Logout' (this will throw an Error in a future version of PHP)
#0 C:\xampp\htdocs\ci4\ruangadmin416\app\Controllers\Admin\Dashboard.php(16): CodeIgniter\Debug\Exceptions->errorHandler(2, 'Use of undefine...', 'C:\\xampp\\htdocs...', 16, Array)
#1 C:\xampp\htdocs\ci4\ruangadmin416\system\CodeIgniter.php(825): App\Controllers\Admin\Dashboard->index()
#2 C:\xampp\htdocs\ci4\ruangadmin416\system\CodeIgniter.php(412): CodeIgniter\CodeIgniter->runController(Object(App\Controllers\Admin\Dashboard))
#3 C:\xampp\htdocs\ci4\ruangadmin416\system\CodeIgniter.php(320): CodeIgniter\CodeIgniter->handleRequest(NULL, Object(Config\Cache), false)
#4 C:\xampp\htdocs\ci4\ruangadmin416\index.php(37): CodeIgniter\CodeIgniter->run()
#5 {main}
CRITICAL - 2022-01-10 10:10:53 --> Class 'App\Filters\AlreadyLoggedInFilter' not found
#0 C:\xampp\htdocs\ci4\ruangadmin416\system\CodeIgniter.php(386): CodeIgniter\Filters\Filters->run('auth/login', 'before')
#1 C:\xampp\htdocs\ci4\ruangadmin416\system\CodeIgniter.php(320): CodeIgniter\CodeIgniter->handleRequest(NULL, Object(Config\Cache), false)
#2 C:\xampp\htdocs\ci4\ruangadmin416\index.php(37): CodeIgniter\CodeIgniter->run()
#3 {main}
CRITICAL - 2022-01-10 11:15:53 --> Invalid file: _layout/master.php
#0 C:\xampp\htdocs\ci4\ruangadmin416\system\View\View.php(198): CodeIgniter\Exceptions\FrameworkException::forInvalidFile('_layout/master....')
#1 C:\xampp\htdocs\ci4\ruangadmin416\system\View\View.php(226): CodeIgniter\View\View->render('_layout/master', Array, true)
#2 C:\xampp\htdocs\ci4\ruangadmin416\system\Common.php(1089): CodeIgniter\View\View->render('admin/dashboard', Array, true)
#3 C:\xampp\htdocs\ci4\ruangadmin416\app\Controllers\Admin\Dashboard.php(14): view('admin/dashboard', Array)
#4 C:\xampp\htdocs\ci4\ruangadmin416\system\CodeIgniter.php(825): App\Controllers\Admin\Dashboard->index()
#5 C:\xampp\htdocs\ci4\ruangadmin416\system\CodeIgniter.php(412): CodeIgniter\CodeIgniter->runController(Object(App\Controllers\Admin\Dashboard))
#6 C:\xampp\htdocs\ci4\ruangadmin416\system\CodeIgniter.php(320): CodeIgniter\CodeIgniter->handleRequest(NULL, Object(Config\Cache), false)
#7 C:\xampp\htdocs\ci4\ruangadmin416\index.php(37): CodeIgniter\CodeIgniter->run()
#8 {main}
CRITICAL - 2022-01-10 11:26:09 --> Invalid file: admin/_layout/toppbar.php
#0 C:\xampp\htdocs\ci4\ruangadmin416\system\View\View.php(198): CodeIgniter\Exceptions\FrameworkException::forInvalidFile('admin/_layout/t...')
#1 C:\xampp\htdocs\ci4\ruangadmin416\system\View\View.php(424): CodeIgniter\View\View->render('admin/_layout/t...', NULL, true)
#2 C:\xampp\htdocs\ci4\ruangadmin416\app\Views\admin\dashboard.php(5): CodeIgniter\View\View->include('admin/_layout/t...')
#3 C:\xampp\htdocs\ci4\ruangadmin416\system\View\View.php(210): include('C:\\xampp\\htdocs...')
#4 C:\xampp\htdocs\ci4\ruangadmin416\system\View\View.php(213): CodeIgniter\View\View->CodeIgniter\View\{closure}()
#5 C:\xampp\htdocs\ci4\ruangadmin416\system\Common.php(1089): CodeIgniter\View\View->render('admin/dashboard', Array, true)
#6 C:\xampp\htdocs\ci4\ruangadmin416\app\Controllers\Admin\Dashboard.php(14): view('admin/dashboard', Array)
#7 C:\xampp\htdocs\ci4\ruangadmin416\system\CodeIgniter.php(825): App\Controllers\Admin\Dashboard->index()
#8 C:\xampp\htdocs\ci4\ruangadmin416\system\CodeIgniter.php(412): CodeIgniter\CodeIgniter->runController(Object(App\Controllers\Admin\Dashboard))
#9 C:\xampp\htdocs\ci4\ruangadmin416\system\CodeIgniter.php(320): CodeIgniter\CodeIgniter->handleRequest(NULL, Object(Config\Cache), false)
#10 C:\xampp\htdocs\ci4\ruangadmin416\index.php(37): CodeIgniter\CodeIgniter->run()
#11 {main}
