CRITICAL - 2022-12-24 07:15:20 --> Too few arguments to function App\Filters\AuthCheckFilter::check_privilege(), 0 passed in C:\xampp\htdocs\ci4\mygateway\app\Filters\AuthCheckFilter.php on line 19 and exactly 1 expected
#0 C:\xampp\htdocs\ci4\mygateway\app\Filters\AuthCheckFilter.php(19): App\Filters\AuthCheckFilter->check_privilege()
#1 C:\xampp\htdocs\ci4\mygateway\system\Filters\Filters.php(173): App\Filters\AuthCheckFilter->before(Object(CodeIgniter\HTTP\IncomingRequest), NULL)
#2 C:\xampp\htdocs\ci4\mygateway\system\CodeIgniter.php(386): CodeIgniter\Filters\Filters->run('admin', 'before')
#3 C:\xampp\htdocs\ci4\mygateway\system\CodeIgniter.php(320): CodeIgniter\CodeIgniter->handleRequest(NULL, Object(Config\Cache), false)
#4 C:\xampp\htdocs\ci4\mygateway\index.php(37): CodeIgniter\CodeIgniter->run()
#5 {main}
CRITICAL - 2022-12-24 07:15:42 --> Undefined variable: request
#0 C:\xampp\htdocs\ci4\mygateway\app\Filters\AuthCheckFilter.php(28): CodeIgniter\Debug\Exceptions->errorHandler(8, 'Undefined varia...', 'C:\\xampp\\htdocs...', 28, Array)
#1 C:\xampp\htdocs\ci4\mygateway\app\Filters\AuthCheckFilter.php(19): App\Filters\AuthCheckFilter->check_privilege()
#2 C:\xampp\htdocs\ci4\mygateway\system\Filters\Filters.php(173): App\Filters\AuthCheckFilter->before(Object(CodeIgniter\HTTP\IncomingRequest), NULL)
#3 C:\xampp\htdocs\ci4\mygateway\system\CodeIgniter.php(386): CodeIgniter\Filters\Filters->run('admin', 'before')
#4 C:\xampp\htdocs\ci4\mygateway\system\CodeIgniter.php(320): CodeIgniter\CodeIgniter->handleRequest(NULL, Object(Config\Cache), false)
#5 C:\xampp\htdocs\ci4\mygateway\index.php(37): CodeIgniter\CodeIgniter->run()
#6 {main}
CRITICAL - 2022-12-24 09:12:30 --> Call to undefined function App\Filters\is_privilege()
#0 C:\xampp\htdocs\ci4\mygateway\app\Filters\AuthCheckFilter.php(17): App\Filters\AuthCheckFilter->check_privilege()
#1 C:\xampp\htdocs\ci4\mygateway\system\Filters\Filters.php(173): App\Filters\AuthCheckFilter->before(Object(CodeIgniter\HTTP\IncomingRequest), NULL)
#2 C:\xampp\htdocs\ci4\mygateway\system\CodeIgniter.php(386): CodeIgniter\Filters\Filters->run('admin', 'before')
#3 C:\xampp\htdocs\ci4\mygateway\system\CodeIgniter.php(320): CodeIgniter\CodeIgniter->handleRequest(NULL, Object(Config\Cache), false)
#4 C:\xampp\htdocs\ci4\mygateway\index.php(37): CodeIgniter\CodeIgniter->run()
#5 {main}
CRITICAL - 2022-12-24 09:13:14 --> Trying to get property 'privilege_id' of non-object
#0 C:\xampp\htdocs\ci4\mygateway\app\Helpers\custom_helper.php(10): CodeIgniter\Debug\Exceptions->errorHandler(8, 'Trying to get p...', 'C:\\xampp\\htdocs...', 10, Array)
#1 C:\xampp\htdocs\ci4\mygateway\app\Filters\AuthCheckFilter.php(32): is_privilege(1, 1)
#2 C:\xampp\htdocs\ci4\mygateway\app\Filters\AuthCheckFilter.php(17): App\Filters\AuthCheckFilter->check_privilege()
#3 C:\xampp\htdocs\ci4\mygateway\system\Filters\Filters.php(173): App\Filters\AuthCheckFilter->before(Object(CodeIgniter\HTTP\IncomingRequest), NULL)
#4 C:\xampp\htdocs\ci4\mygateway\system\CodeIgniter.php(386): CodeIgniter\Filters\Filters->run('admin', 'before')
#5 C:\xampp\htdocs\ci4\mygateway\system\CodeIgniter.php(320): CodeIgniter\CodeIgniter->handleRequest(NULL, Object(Config\Cache), false)
#6 C:\xampp\htdocs\ci4\mygateway\index.php(37): CodeIgniter\CodeIgniter->run()
#7 {main}
CRITICAL - 2022-12-24 09:14:14 --> Undefined index: privilege_id
#0 C:\xampp\htdocs\ci4\mygateway\app\Helpers\custom_helper.php(10): CodeIgniter\Debug\Exceptions->errorHandler(8, 'Undefined index...', 'C:\\xampp\\htdocs...', 10, Array)
#1 C:\xampp\htdocs\ci4\mygateway\app\Filters\AuthCheckFilter.php(32): is_privilege(1, 1)
#2 C:\xampp\htdocs\ci4\mygateway\app\Filters\AuthCheckFilter.php(17): App\Filters\AuthCheckFilter->check_privilege()
#3 C:\xampp\htdocs\ci4\mygateway\system\Filters\Filters.php(173): App\Filters\AuthCheckFilter->before(Object(CodeIgniter\HTTP\IncomingRequest), NULL)
#4 C:\xampp\htdocs\ci4\mygateway\system\CodeIgniter.php(386): CodeIgniter\Filters\Filters->run('admin', 'before')
#5 C:\xampp\htdocs\ci4\mygateway\system\CodeIgniter.php(320): CodeIgniter\CodeIgniter->handleRequest(NULL, Object(Config\Cache), false)
#6 C:\xampp\htdocs\ci4\mygateway\index.php(37): CodeIgniter\CodeIgniter->run()
#7 {main}
CRITICAL - 2022-12-24 09:14:57 --> Undefined index: privilege_id
#0 C:\xampp\htdocs\ci4\mygateway\app\Helpers\custom_helper.php(10): CodeIgniter\Debug\Exceptions->errorHandler(8, 'Undefined index...', 'C:\\xampp\\htdocs...', 10, Array)
#1 C:\xampp\htdocs\ci4\mygateway\app\Filters\AuthCheckFilter.php(32): is_privilege(1, 1)
#2 C:\xampp\htdocs\ci4\mygateway\app\Filters\AuthCheckFilter.php(17): App\Filters\AuthCheckFilter->check_privilege()
#3 C:\xampp\htdocs\ci4\mygateway\system\Filters\Filters.php(173): App\Filters\AuthCheckFilter->before(Object(CodeIgniter\HTTP\IncomingRequest), NULL)
#4 C:\xampp\htdocs\ci4\mygateway\system\CodeIgniter.php(386): CodeIgniter\Filters\Filters->run('admin', 'before')
#5 C:\xampp\htdocs\ci4\mygateway\system\CodeIgniter.php(320): CodeIgniter\CodeIgniter->handleRequest(NULL, Object(Config\Cache), false)
#6 C:\xampp\htdocs\ci4\mygateway\index.php(37): CodeIgniter\CodeIgniter->run()
#7 {main}
CRITICAL - 2022-12-24 09:15:09 --> Undefined variable: functionId
#0 C:\xampp\htdocs\ci4\mygateway\app\Helpers\custom_helper.php(10): CodeIgniter\Debug\Exceptions->errorHandler(8, 'Undefined varia...', 'C:\\xampp\\htdocs...', 10, Array)
#1 C:\xampp\htdocs\ci4\mygateway\app\Filters\AuthCheckFilter.php(32): is_privilege(1, 1)
#2 C:\xampp\htdocs\ci4\mygateway\app\Filters\AuthCheckFilter.php(17): App\Filters\AuthCheckFilter->check_privilege()
#3 C:\xampp\htdocs\ci4\mygateway\system\Filters\Filters.php(173): App\Filters\AuthCheckFilter->before(Object(CodeIgniter\HTTP\IncomingRequest), NULL)
#4 C:\xampp\htdocs\ci4\mygateway\system\CodeIgniter.php(386): CodeIgniter\Filters\Filters->run('admin', 'before')
#5 C:\xampp\htdocs\ci4\mygateway\system\CodeIgniter.php(320): CodeIgniter\CodeIgniter->handleRequest(NULL, Object(Config\Cache), false)
#6 C:\xampp\htdocs\ci4\mygateway\index.php(37): CodeIgniter\CodeIgniter->run()
#7 {main}
CRITICAL - 2022-12-24 09:21:08 --> Call to undefined function App\Filters\is_privilege()
#0 C:\xampp\htdocs\ci4\mygateway\app\Filters\AuthCheckFilter.php(17): App\Filters\AuthCheckFilter->check_privilege()
#1 C:\xampp\htdocs\ci4\mygateway\system\Filters\Filters.php(173): App\Filters\AuthCheckFilter->before(Object(CodeIgniter\HTTP\IncomingRequest), NULL)
#2 C:\xampp\htdocs\ci4\mygateway\system\CodeIgniter.php(386): CodeIgniter\Filters\Filters->run('admin', 'before')
#3 C:\xampp\htdocs\ci4\mygateway\system\CodeIgniter.php(320): CodeIgniter\CodeIgniter->handleRequest(NULL, Object(Config\Cache), false)
#4 C:\xampp\htdocs\ci4\mygateway\index.php(37): CodeIgniter\CodeIgniter->run()
#5 {main}
CRITICAL - 2022-12-24 09:22:13 --> Call to undefined function App\Filters\is_privilege()
#0 C:\xampp\htdocs\ci4\mygateway\app\Filters\AuthCheckFilter.php(17): App\Filters\AuthCheckFilter->check_privilege()
#1 C:\xampp\htdocs\ci4\mygateway\system\Filters\Filters.php(173): App\Filters\AuthCheckFilter->before(Object(CodeIgniter\HTTP\IncomingRequest), NULL)
#2 C:\xampp\htdocs\ci4\mygateway\system\CodeIgniter.php(386): CodeIgniter\Filters\Filters->run('admin', 'before')
#3 C:\xampp\htdocs\ci4\mygateway\system\CodeIgniter.php(320): CodeIgniter\CodeIgniter->handleRequest(NULL, Object(Config\Cache), false)
#4 C:\xampp\htdocs\ci4\mygateway\index.php(37): CodeIgniter\CodeIgniter->run()
#5 {main}
CRITICAL - 2022-12-24 09:22:26 --> Call to undefined function App\Filters\is_privilege()
#0 C:\xampp\htdocs\ci4\mygateway\app\Filters\AuthCheckFilter.php(17): App\Filters\AuthCheckFilter->check_privilege()
#1 C:\xampp\htdocs\ci4\mygateway\system\Filters\Filters.php(173): App\Filters\AuthCheckFilter->before(Object(CodeIgniter\HTTP\IncomingRequest), NULL)
#2 C:\xampp\htdocs\ci4\mygateway\system\CodeIgniter.php(386): CodeIgniter\Filters\Filters->run('admin', 'before')
#3 C:\xampp\htdocs\ci4\mygateway\system\CodeIgniter.php(320): CodeIgniter\CodeIgniter->handleRequest(NULL, Object(Config\Cache), false)
#4 C:\xampp\htdocs\ci4\mygateway\index.php(37): CodeIgniter\CodeIgniter->run()
#5 {main}
CRITICAL - 2022-12-24 09:22:43 --> Call to undefined function App\Filters\is_privilege()
#0 C:\xampp\htdocs\ci4\mygateway\app\Filters\AuthCheckFilter.php(17): App\Filters\AuthCheckFilter->check_privilege()
#1 C:\xampp\htdocs\ci4\mygateway\system\Filters\Filters.php(173): App\Filters\AuthCheckFilter->before(Object(CodeIgniter\HTTP\IncomingRequest), NULL)
#2 C:\xampp\htdocs\ci4\mygateway\system\CodeIgniter.php(386): CodeIgniter\Filters\Filters->run('admin', 'before')
#3 C:\xampp\htdocs\ci4\mygateway\system\CodeIgniter.php(320): CodeIgniter\CodeIgniter->handleRequest(NULL, Object(Config\Cache), false)
#4 C:\xampp\htdocs\ci4\mygateway\index.php(37): CodeIgniter\CodeIgniter->run()
#5 {main}
CRITICAL - 2022-12-24 09:22:44 --> Call to undefined function App\Filters\is_privilege()
#0 C:\xampp\htdocs\ci4\mygateway\app\Filters\AuthCheckFilter.php(17): App\Filters\AuthCheckFilter->check_privilege()
#1 C:\xampp\htdocs\ci4\mygateway\system\Filters\Filters.php(173): App\Filters\AuthCheckFilter->before(Object(CodeIgniter\HTTP\IncomingRequest), NULL)
#2 C:\xampp\htdocs\ci4\mygateway\system\CodeIgniter.php(386): CodeIgniter\Filters\Filters->run('admin', 'before')
#3 C:\xampp\htdocs\ci4\mygateway\system\CodeIgniter.php(320): CodeIgniter\CodeIgniter->handleRequest(NULL, Object(Config\Cache), false)
#4 C:\xampp\htdocs\ci4\mygateway\index.php(37): CodeIgniter\CodeIgniter->run()
#5 {main}
CRITICAL - 2022-12-24 09:23:44 --> Call to undefined function App\Filters\is_privilege()
#0 C:\xampp\htdocs\ci4\mygateway\app\Filters\AuthCheckFilter.php(17): App\Filters\AuthCheckFilter->check_privilege()
#1 C:\xampp\htdocs\ci4\mygateway\system\Filters\Filters.php(173): App\Filters\AuthCheckFilter->before(Object(CodeIgniter\HTTP\IncomingRequest), NULL)
#2 C:\xampp\htdocs\ci4\mygateway\system\CodeIgniter.php(386): CodeIgniter\Filters\Filters->run('admin', 'before')
#3 C:\xampp\htdocs\ci4\mygateway\system\CodeIgniter.php(320): CodeIgniter\CodeIgniter->handleRequest(NULL, Object(Config\Cache), false)
#4 C:\xampp\htdocs\ci4\mygateway\index.php(37): CodeIgniter\CodeIgniter->run()
#5 {main}
CRITICAL - 2022-12-24 09:25:12 --> Call to undefined function App\Filters\is_privilege()
#0 C:\xampp\htdocs\ci4\mygateway\app\Filters\AuthCheckFilter.php(17): App\Filters\AuthCheckFilter->check_privilege()
#1 C:\xampp\htdocs\ci4\mygateway\system\Filters\Filters.php(173): App\Filters\AuthCheckFilter->before(Object(CodeIgniter\HTTP\IncomingRequest), NULL)
#2 C:\xampp\htdocs\ci4\mygateway\system\CodeIgniter.php(386): CodeIgniter\Filters\Filters->run('admin', 'before')
#3 C:\xampp\htdocs\ci4\mygateway\system\CodeIgniter.php(320): CodeIgniter\CodeIgniter->handleRequest(NULL, Object(Config\Cache), false)
#4 C:\xampp\htdocs\ci4\mygateway\index.php(37): CodeIgniter\CodeIgniter->run()
#5 {main}
CRITICAL - 2022-12-24 09:25:13 --> Call to undefined function App\Filters\is_privilege()
#0 C:\xampp\htdocs\ci4\mygateway\app\Filters\AuthCheckFilter.php(17): App\Filters\AuthCheckFilter->check_privilege()
#1 C:\xampp\htdocs\ci4\mygateway\system\Filters\Filters.php(173): App\Filters\AuthCheckFilter->before(Object(CodeIgniter\HTTP\IncomingRequest), NULL)
#2 C:\xampp\htdocs\ci4\mygateway\system\CodeIgniter.php(386): CodeIgniter\Filters\Filters->run('admin', 'before')
#3 C:\xampp\htdocs\ci4\mygateway\system\CodeIgniter.php(320): CodeIgniter\CodeIgniter->handleRequest(NULL, Object(Config\Cache), false)
#4 C:\xampp\htdocs\ci4\mygateway\index.php(37): CodeIgniter\CodeIgniter->run()
#5 {main}
CRITICAL - 2022-12-24 09:37:23 --> Call to undefined function App\Filters\is_privilege()
#0 C:\xampp\htdocs\ci4\mygateway\app\Filters\AuthCheckFilter.php(17): App\Filters\AuthCheckFilter->check_privilege()
#1 C:\xampp\htdocs\ci4\mygateway\system\Filters\Filters.php(173): App\Filters\AuthCheckFilter->before(Object(CodeIgniter\HTTP\IncomingRequest), NULL)
#2 C:\xampp\htdocs\ci4\mygateway\system\CodeIgniter.php(386): CodeIgniter\Filters\Filters->run('admin', 'before')
#3 C:\xampp\htdocs\ci4\mygateway\system\CodeIgniter.php(320): CodeIgniter\CodeIgniter->handleRequest(NULL, Object(Config\Cache), false)
#4 C:\xampp\htdocs\ci4\mygateway\index.php(37): CodeIgniter\CodeIgniter->run()
#5 {main}
CRITICAL - 2022-12-24 09:37:39 --> Call to undefined function App\Filters\is_privilege()
#0 C:\xampp\htdocs\ci4\mygateway\app\Filters\AuthCheckFilter.php(17): App\Filters\AuthCheckFilter->check_privilege()
#1 C:\xampp\htdocs\ci4\mygateway\system\Filters\Filters.php(173): App\Filters\AuthCheckFilter->before(Object(CodeIgniter\HTTP\IncomingRequest), NULL)
#2 C:\xampp\htdocs\ci4\mygateway\system\CodeIgniter.php(386): CodeIgniter\Filters\Filters->run('admin', 'before')
#3 C:\xampp\htdocs\ci4\mygateway\system\CodeIgniter.php(320): CodeIgniter\CodeIgniter->handleRequest(NULL, Object(Config\Cache), false)
#4 C:\xampp\htdocs\ci4\mygateway\index.php(37): CodeIgniter\CodeIgniter->run()
#5 {main}
CRITICAL - 2022-12-24 09:37:41 --> Call to undefined function App\Filters\is_privilege()
#0 C:\xampp\htdocs\ci4\mygateway\app\Filters\AuthCheckFilter.php(17): App\Filters\AuthCheckFilter->check_privilege()
#1 C:\xampp\htdocs\ci4\mygateway\system\Filters\Filters.php(173): App\Filters\AuthCheckFilter->before(Object(CodeIgniter\HTTP\IncomingRequest), NULL)
#2 C:\xampp\htdocs\ci4\mygateway\system\CodeIgniter.php(386): CodeIgniter\Filters\Filters->run('admin', 'before')
#3 C:\xampp\htdocs\ci4\mygateway\system\CodeIgniter.php(320): CodeIgniter\CodeIgniter->handleRequest(NULL, Object(Config\Cache), false)
#4 C:\xampp\htdocs\ci4\mygateway\index.php(37): CodeIgniter\CodeIgniter->run()
#5 {main}
CRITICAL - 2022-12-24 09:38:05 --> Call to undefined function set_value()
#0 C:\xampp\htdocs\ci4\mygateway\system\View\View.php(210): include()
#1 C:\xampp\htdocs\ci4\mygateway\system\View\View.php(213): CodeIgniter\View\View->CodeIgniter\View\{closure}()
#2 C:\xampp\htdocs\ci4\mygateway\system\Common.php(1089): CodeIgniter\View\View->render('auth/edit_profi...', Array, true)
#3 C:\xampp\htdocs\ci4\mygateway\app\Controllers\Auth.php(108): view('auth/edit_profi...', Array)
#4 C:\xampp\htdocs\ci4\mygateway\system\CodeIgniter.php(825): App\Controllers\Auth->edit_profile()
#5 C:\xampp\htdocs\ci4\mygateway\system\CodeIgniter.php(412): CodeIgniter\CodeIgniter->runController(Object(App\Controllers\Auth))
#6 C:\xampp\htdocs\ci4\mygateway\system\CodeIgniter.php(320): CodeIgniter\CodeIgniter->handleRequest(NULL, Object(Config\Cache), false)
#7 C:\xampp\htdocs\ci4\mygateway\index.php(37): CodeIgniter\CodeIgniter->run()
#8 {main}
CRITICAL - 2022-12-24 09:38:41 --> Call to undefined function App\Filters\is_privilege()
#0 C:\xampp\htdocs\ci4\mygateway\app\Filters\AuthCheckFilter.php(17): App\Filters\AuthCheckFilter->check_privilege()
#1 C:\xampp\htdocs\ci4\mygateway\system\Filters\Filters.php(173): App\Filters\AuthCheckFilter->before(Object(CodeIgniter\HTTP\IncomingRequest), NULL)
#2 C:\xampp\htdocs\ci4\mygateway\system\CodeIgniter.php(386): CodeIgniter\Filters\Filters->run('admin', 'before')
#3 C:\xampp\htdocs\ci4\mygateway\system\CodeIgniter.php(320): CodeIgniter\CodeIgniter->handleRequest(NULL, Object(Config\Cache), false)
#4 C:\xampp\htdocs\ci4\mygateway\index.php(37): CodeIgniter\CodeIgniter->run()
#5 {main}
CRITICAL - 2022-12-24 09:50:18 --> Undefined variable: msg
#0 C:\xampp\htdocs\ci4\mygateway\app\Filters\AuthCheckFilter.php(15): CodeIgniter\Debug\Exceptions->errorHandler(8, 'Undefined varia...', 'C:\\xampp\\htdocs...', 15, Array)
#1 C:\xampp\htdocs\ci4\mygateway\system\Filters\Filters.php(173): App\Filters\AuthCheckFilter->before(Object(CodeIgniter\HTTP\IncomingRequest), NULL)
#2 C:\xampp\htdocs\ci4\mygateway\system\CodeIgniter.php(386): CodeIgniter\Filters\Filters->run('admin', 'before')
#3 C:\xampp\htdocs\ci4\mygateway\system\CodeIgniter.php(320): CodeIgniter\CodeIgniter->handleRequest(NULL, Object(Config\Cache), false)
#4 C:\xampp\htdocs\ci4\mygateway\index.php(37): CodeIgniter\CodeIgniter->run()
#5 {main}
CRITICAL - 2022-12-24 09:52:04 --> Invalid file: /login.php
#0 C:\xampp\htdocs\ci4\mygateway\system\View\View.php(198): CodeIgniter\Exceptions\FrameworkException::forInvalidFile('/login.php')
#1 C:\xampp\htdocs\ci4\mygateway\system\Common.php(1089): CodeIgniter\View\View->render('/login', Array, true)
#2 C:\xampp\htdocs\ci4\mygateway\app\Controllers\Auth.php(35): view('/login', Array)
#3 C:\xampp\htdocs\ci4\mygateway\system\CodeIgniter.php(825): App\Controllers\Auth->login()
#4 C:\xampp\htdocs\ci4\mygateway\system\CodeIgniter.php(412): CodeIgniter\CodeIgniter->runController(Object(App\Controllers\Auth))
#5 C:\xampp\htdocs\ci4\mygateway\system\CodeIgniter.php(320): CodeIgniter\CodeIgniter->handleRequest(NULL, Object(Config\Cache), false)
#6 C:\xampp\htdocs\ci4\mygateway\index.php(37): CodeIgniter\CodeIgniter->run()
#7 {main}
