CRITICAL - 2022-01-07 11:46:45 --> Call to undefined function set_value()
#0 C:\xampp\htdocs\ci4\ruangadmin416\system\View\View.php(210): include()
#1 C:\xampp\htdocs\ci4\ruangadmin416\system\View\View.php(213): CodeIgniter\View\View->CodeIgniter\View\{closure}()
#2 C:\xampp\htdocs\ci4\ruangadmin416\system\Common.php(1089): CodeIgniter\View\View->render('auth/login', Array, true)
#3 C:\xampp\htdocs\ci4\ruangadmin416\app\Controllers\Auth.php(29): view('auth/login', Array)
#4 C:\xampp\htdocs\ci4\ruangadmin416\system\CodeIgniter.php(825): App\Controllers\Auth->login()
#5 C:\xampp\htdocs\ci4\ruangadmin416\system\CodeIgniter.php(412): CodeIgniter\CodeIgniter->runController(Object(App\Controllers\Auth))
#6 C:\xampp\htdocs\ci4\ruangadmin416\system\CodeIgniter.php(320): CodeIgniter\CodeIgniter->handleRequest(NULL, Object(Config\Cache), false)
#7 C:\xampp\htdocs\ci4\ruangadmin416\index.php(37): CodeIgniter\CodeIgniter->run()
#8 {main}
ERROR - 2022-01-07 11:48:17 --> Error connecting to the database: Unknown database 'ci4dbruangadmin'
CRITICAL - 2022-01-07 11:48:17 --> Unable to connect to the database.
Main connection [MySQLi]: Unknown database 'ci4dbruangadmin'
#0 C:\xampp\htdocs\ci4\ruangadmin416\system\Database\BaseConnection.php(577): CodeIgniter\Database\BaseConnection->initialize()
#1 C:\xampp\htdocs\ci4\ruangadmin416\system\Database\BaseBuilder.php(1455): CodeIgniter\Database\BaseConnection->query('SELECT 1\nFROM `...', Array, false)
#2 C:\xampp\htdocs\ci4\ruangadmin416\system\Validation\Rules.php(104): CodeIgniter\Database\BaseBuilder->get()
#3 C:\xampp\htdocs\ci4\ruangadmin416\system\Validation\Validation.php(292): CodeIgniter\Validation\Rules->is_not_unique('admin@admin.com', 'email', Array, NULL)
#4 C:\xampp\htdocs\ci4\ruangadmin416\system\Validation\Validation.php(157): CodeIgniter\Validation\Validation->processRules('email', 'email', 'admin@admin.com', Array, Array)
#5 C:\xampp\htdocs\ci4\ruangadmin416\system\Controller.php(160): CodeIgniter\Validation\Validation->run()
#6 C:\xampp\htdocs\ci4\ruangadmin416\app\Controllers\Auth.php(12): CodeIgniter\Controller->validate(Array)
#7 C:\xampp\htdocs\ci4\ruangadmin416\system\CodeIgniter.php(825): App\Controllers\Auth->login()
#8 C:\xampp\htdocs\ci4\ruangadmin416\system\CodeIgniter.php(412): CodeIgniter\CodeIgniter->runController(Object(App\Controllers\Auth))
#9 C:\xampp\htdocs\ci4\ruangadmin416\system\CodeIgniter.php(320): CodeIgniter\CodeIgniter->handleRequest(NULL, Object(Config\Cache), false)
#10 C:\xampp\htdocs\ci4\ruangadmin416\index.php(37): CodeIgniter\CodeIgniter->run()
#11 {main}
ERROR - 2022-01-07 11:49:01 --> Table 'ci4db_ruangadmin.tbl_users' doesn't exist
CRITICAL - 2022-01-07 11:49:01 --> Table 'ci4db_ruangadmin.tbl_users' doesn't exist
#0 C:\xampp\htdocs\ci4\ruangadmin416\system\Database\MySQLi\Connection.php(292): mysqli->query('SELECT 1\nFROM `...', 0)
#1 C:\xampp\htdocs\ci4\ruangadmin416\system\Database\BaseConnection.php(670): CodeIgniter\Database\MySQLi\Connection->execute('SELECT 1\nFROM `...')
#2 C:\xampp\htdocs\ci4\ruangadmin416\system\Database\BaseConnection.php(598): CodeIgniter\Database\BaseConnection->simpleQuery('SELECT 1\nFROM `...')
#3 C:\xampp\htdocs\ci4\ruangadmin416\system\Database\BaseBuilder.php(1455): CodeIgniter\Database\BaseConnection->query('SELECT 1\nFROM `...', Array, false)
#4 C:\xampp\htdocs\ci4\ruangadmin416\system\Validation\Rules.php(104): CodeIgniter\Database\BaseBuilder->get()
#5 C:\xampp\htdocs\ci4\ruangadmin416\system\Validation\Validation.php(292): CodeIgniter\Validation\Rules->is_not_unique('admin@admin.com', 'email', Array, NULL)
#6 C:\xampp\htdocs\ci4\ruangadmin416\system\Validation\Validation.php(157): CodeIgniter\Validation\Validation->processRules('email', 'email', 'admin@admin.com', Array, Array)
#7 C:\xampp\htdocs\ci4\ruangadmin416\system\Controller.php(160): CodeIgniter\Validation\Validation->run()
#8 C:\xampp\htdocs\ci4\ruangadmin416\app\Controllers\Auth.php(12): CodeIgniter\Controller->validate(Array)
#9 C:\xampp\htdocs\ci4\ruangadmin416\system\CodeIgniter.php(825): App\Controllers\Auth->login()
#10 C:\xampp\htdocs\ci4\ruangadmin416\system\CodeIgniter.php(412): CodeIgniter\CodeIgniter->runController(Object(App\Controllers\Auth))
#11 C:\xampp\htdocs\ci4\ruangadmin416\system\CodeIgniter.php(320): CodeIgniter\CodeIgniter->handleRequest(NULL, Object(Config\Cache), false)
#12 C:\xampp\htdocs\ci4\ruangadmin416\index.php(37): CodeIgniter\CodeIgniter->run()
#13 {main}
