CRITICAL - 2023-03-05 09:07:47 --> syntax error, unexpected '=>' (T_DOUBLE_ARROW), expecting ')'
#0 C:\xampp\htdocs\ci4\hubtech\system\Router\Router.php(175): CodeIgniter\Router\Router->autoRoute('admin/add_edit_...')
#1 C:\xampp\htdocs\ci4\hubtech\system\CodeIgniter.php(719): CodeIgniter\Router\Router->handle('admin/add_edit_...')
#2 C:\xampp\htdocs\ci4\hubtech\system\CodeIgniter.php(361): CodeIgniter\CodeIgniter->tryToRouteIt(Object(CodeIgniter\Router\RouteCollection))
#3 C:\xampp\htdocs\ci4\hubtech\system\CodeIgniter.php(320): CodeIgniter\CodeIgniter->handleRequest(NULL, Object(Config\Cache), false)
#4 C:\xampp\htdocs\ci4\hubtech\index.php(37): CodeIgniter\CodeIgniter->run()
#5 {main}
CRITICAL - 2023-03-05 09:08:44 --> syntax error, unexpected '=>' (T_DOUBLE_ARROW), expecting ')'
#0 C:\xampp\htdocs\ci4\hubtech\system\Router\Router.php(175): CodeIgniter\Router\Router->autoRoute('admin/add_edit_...')
#1 C:\xampp\htdocs\ci4\hubtech\system\CodeIgniter.php(719): CodeIgniter\Router\Router->handle('admin/add_edit_...')
#2 C:\xampp\htdocs\ci4\hubtech\system\CodeIgniter.php(361): CodeIgniter\CodeIgniter->tryToRouteIt(Object(CodeIgniter\Router\RouteCollection))
#3 C:\xampp\htdocs\ci4\hubtech\system\CodeIgniter.php(320): CodeIgniter\CodeIgniter->handleRequest(NULL, Object(Config\Cache), false)
#4 C:\xampp\htdocs\ci4\hubtech\index.php(37): CodeIgniter\CodeIgniter->run()
#5 {main}
CRITICAL - 2023-03-05 09:09:40 --> Undefined property: App\Controllers\Admin::$cmsTbl
#0 C:\xampp\htdocs\ci4\hubtech\app\Controllers\Admin.php(399): CodeIgniter\Debug\Exceptions->errorHandler(8, 'Undefined prope...', 'C:\\xampp\\htdocs...', 399, Array)
#1 C:\xampp\htdocs\ci4\hubtech\system\CodeIgniter.php(825): App\Controllers\Admin->add_edit_cms()
#2 C:\xampp\htdocs\ci4\hubtech\system\CodeIgniter.php(412): CodeIgniter\CodeIgniter->runController(Object(App\Controllers\Admin))
#3 C:\xampp\htdocs\ci4\hubtech\system\CodeIgniter.php(320): CodeIgniter\CodeIgniter->handleRequest(NULL, Object(Config\Cache), false)
#4 C:\xampp\htdocs\ci4\hubtech\index.php(37): CodeIgniter\CodeIgniter->run()
#5 {main}
CRITICAL - 2023-03-05 09:13:14 --> Argument 1 passed to CodeIgniter\HTTP\RedirectResponse::with() must be of the type string, array given, called in C:\xampp\htdocs\ci4\hubtech\app\Controllers\Admin.php on line 401
#0 C:\xampp\htdocs\ci4\hubtech\app\Controllers\Admin.php(401): CodeIgniter\HTTP\RedirectResponse->with(Array)
#1 C:\xampp\htdocs\ci4\hubtech\system\CodeIgniter.php(825): App\Controllers\Admin->add_edit_cms()
#2 C:\xampp\htdocs\ci4\hubtech\system\CodeIgniter.php(412): CodeIgniter\CodeIgniter->runController(Object(App\Controllers\Admin))
#3 C:\xampp\htdocs\ci4\hubtech\system\CodeIgniter.php(320): CodeIgniter\CodeIgniter->handleRequest(NULL, Object(Config\Cache), false)
#4 C:\xampp\htdocs\ci4\hubtech\index.php(37): CodeIgniter\CodeIgniter->run()
#5 {main}
CRITICAL - 2023-03-05 22:15:35 --> Invalid file: admin/blogs/index.php
#0 C:\xampp\htdocs\ci4\hubtech\system\View\View.php(198): CodeIgniter\Exceptions\FrameworkException::forInvalidFile('admin/blogs/ind...')
#1 C:\xampp\htdocs\ci4\hubtech\system\Common.php(1089): CodeIgniter\View\View->render('admin/blogs/ind...', Array, true)
#2 C:\xampp\htdocs\ci4\hubtech\app\Controllers\Admin.php(440): view('admin/blogs/ind...', Array)
#3 C:\xampp\htdocs\ci4\hubtech\system\CodeIgniter.php(825): App\Controllers\Admin->blogs()
#4 C:\xampp\htdocs\ci4\hubtech\system\CodeIgniter.php(412): CodeIgniter\CodeIgniter->runController(Object(App\Controllers\Admin))
#5 C:\xampp\htdocs\ci4\hubtech\system\CodeIgniter.php(320): CodeIgniter\CodeIgniter->handleRequest(NULL, Object(Config\Cache), false)
#6 C:\xampp\htdocs\ci4\hubtech\index.php(37): CodeIgniter\CodeIgniter->run()
#7 {main}
CRITICAL - 2023-03-05 22:17:00 --> Invalid file: admin/layout/topbar.php
#0 C:\xampp\htdocs\ci4\hubtech\system\View\View.php(198): CodeIgniter\Exceptions\FrameworkException::forInvalidFile('admin/layout/to...')
#1 C:\xampp\htdocs\ci4\hubtech\system\View\View.php(424): CodeIgniter\View\View->render('admin/layout/to...', NULL, true)
#2 C:\xampp\htdocs\ci4\hubtech\app\Views\admin\blogs\index.php(3): CodeIgniter\View\View->include('admin/layout/to...')
#3 C:\xampp\htdocs\ci4\hubtech\system\View\View.php(210): include('C:\\xampp\\htdocs...')
#4 C:\xampp\htdocs\ci4\hubtech\system\View\View.php(213): CodeIgniter\View\View->CodeIgniter\View\{closure}()
#5 C:\xampp\htdocs\ci4\hubtech\system\Common.php(1089): CodeIgniter\View\View->render('admin/blogs/ind...', Array, true)
#6 C:\xampp\htdocs\ci4\hubtech\app\Controllers\Admin.php(440): view('admin/blogs/ind...', Array)
#7 C:\xampp\htdocs\ci4\hubtech\system\CodeIgniter.php(825): App\Controllers\Admin->blogs()
#8 C:\xampp\htdocs\ci4\hubtech\system\CodeIgniter.php(412): CodeIgniter\CodeIgniter->runController(Object(App\Controllers\Admin))
#9 C:\xampp\htdocs\ci4\hubtech\system\CodeIgniter.php(320): CodeIgniter\CodeIgniter->handleRequest(NULL, Object(Config\Cache), false)
#10 C:\xampp\htdocs\ci4\hubtech\index.php(37): CodeIgniter\CodeIgniter->run()
#11 {main}
CRITICAL - 2023-03-05 23:22:35 --> syntax error, unexpected ')', expecting variable (T_VARIABLE)
#0 C:\xampp\htdocs\ci4\hubtech\system\Autoloader\Autoloader.php(241): CodeIgniter\Autoloader\Autoloader->includeFile('C:\\xampp\\htdocs...')
#1 C:\xampp\htdocs\ci4\hubtech\system\Autoloader\Autoloader.php(219): CodeIgniter\Autoloader\Autoloader->loadInNamespace('App\\Models\\Comm...')
#2 [internal function]: CodeIgniter\Autoloader\Autoloader->loadClass('App\\Models\\Comm...')
#3 [internal function]: spl_autoload_call('App\\Models\\Comm...')
#4 C:\xampp\htdocs\ci4\hubtech\system\Config\Factories.php(136): class_exists('App\\Models\\Comm...')
#5 C:\xampp\htdocs\ci4\hubtech\system\Config\Factories.php(86): CodeIgniter\Config\Factories::locateClass(Array, 'App\\Models\\Comm...')
#6 C:\xampp\htdocs\ci4\hubtech\system\Common.php(780): CodeIgniter\Config\Factories::__callStatic('models', Array)
#7 C:\xampp\htdocs\ci4\hubtech\app\Controllers\Admin.php(12): model('App\\Models\\Comm...', false)
#8 C:\xampp\htdocs\ci4\hubtech\system\CodeIgniter.php(802): App\Controllers\Admin->__construct()
#9 C:\xampp\htdocs\ci4\hubtech\system\CodeIgniter.php(403): CodeIgniter\CodeIgniter->createController()
#10 C:\xampp\htdocs\ci4\hubtech\system\CodeIgniter.php(320): CodeIgniter\CodeIgniter->handleRequest(NULL, Object(Config\Cache), false)
#11 C:\xampp\htdocs\ci4\hubtech\index.php(37): CodeIgniter\CodeIgniter->run()
#12 {main}
CRITICAL - 2023-03-05 23:24:35 --> Undefined offset: 0
#0 C:\xampp\htdocs\ci4\hubtech\app\Models\Common_model.php(29): CodeIgniter\Debug\Exceptions->errorHandler(8, 'Undefined offse...', 'C:\\xampp\\htdocs...', 29, Array)
#1 C:\xampp\htdocs\ci4\hubtech\app\Controllers\Admin.php(439): App\Models\Common_model->getAllRecordOrderByDesc('tbl_blog', Array)
#2 C:\xampp\htdocs\ci4\hubtech\system\CodeIgniter.php(825): App\Controllers\Admin->blogs()
#3 C:\xampp\htdocs\ci4\hubtech\system\CodeIgniter.php(412): CodeIgniter\CodeIgniter->runController(Object(App\Controllers\Admin))
#4 C:\xampp\htdocs\ci4\hubtech\system\CodeIgniter.php(320): CodeIgniter\CodeIgniter->handleRequest(NULL, Object(Config\Cache), false)
#5 C:\xampp\htdocs\ci4\hubtech\index.php(37): CodeIgniter\CodeIgniter->run()
#6 {main}
CRITICAL - 2023-03-05 23:27:39 --> Argument 1 passed to CodeIgniter\Database\BaseBuilder::orderBy() must be of the type string, array given, called in C:\xampp\htdocs\ci4\hubtech\app\Models\Common_model.php on line 29
#0 C:\xampp\htdocs\ci4\hubtech\app\Models\Common_model.php(29): CodeIgniter\Database\BaseBuilder->orderBy(Array)
#1 C:\xampp\htdocs\ci4\hubtech\app\Controllers\Admin.php(439): App\Models\Common_model->getAllRecordOrderByDesc('tbl_blog', Array)
#2 C:\xampp\htdocs\ci4\hubtech\system\CodeIgniter.php(825): App\Controllers\Admin->blogs()
#3 C:\xampp\htdocs\ci4\hubtech\system\CodeIgniter.php(412): CodeIgniter\CodeIgniter->runController(Object(App\Controllers\Admin))
#4 C:\xampp\htdocs\ci4\hubtech\system\CodeIgniter.php(320): CodeIgniter\CodeIgniter->handleRequest(NULL, Object(Config\Cache), false)
#5 C:\xampp\htdocs\ci4\hubtech\index.php(37): CodeIgniter\CodeIgniter->run()
#6 {main}
CRITICAL - 2023-03-05 23:35:36 --> syntax error, unexpected '...' (T_ELLIPSIS), expecting ';' or ','
#0 C:\xampp\htdocs\ci4\hubtech\system\View\View.php(213): CodeIgniter\View\View->CodeIgniter\View\{closure}()
#1 C:\xampp\htdocs\ci4\hubtech\system\Common.php(1089): CodeIgniter\View\View->render('admin/blogs/ind...', Array, true)
#2 C:\xampp\htdocs\ci4\hubtech\app\Controllers\Admin.php(440): view('admin/blogs/ind...', Array)
#3 C:\xampp\htdocs\ci4\hubtech\system\CodeIgniter.php(825): App\Controllers\Admin->blogs()
#4 C:\xampp\htdocs\ci4\hubtech\system\CodeIgniter.php(412): CodeIgniter\CodeIgniter->runController(Object(App\Controllers\Admin))
#5 C:\xampp\htdocs\ci4\hubtech\system\CodeIgniter.php(320): CodeIgniter\CodeIgniter->handleRequest(NULL, Object(Config\Cache), false)
#6 C:\xampp\htdocs\ci4\hubtech\index.php(37): CodeIgniter\CodeIgniter->run()
#7 {main}
