CRITICAL - 2022-03-03 08:04:06 --> Trying to get property 'password' of non-object
#0 C:\xampp\htdocs\ci4\ruangadmin416\app\Controllers\Auth.php(41): CodeIgniter\Debug\Exceptions->errorHandler(8, 'Trying to get p...', 'C:\\xampp\\htdocs...', 41, Array)
#1 C:\xampp\htdocs\ci4\ruangadmin416\system\CodeIgniter.php(825): App\Controllers\Auth->login()
#2 C:\xampp\htdocs\ci4\ruangadmin416\system\CodeIgniter.php(412): CodeIgniter\CodeIgniter->runController(Object(App\Controllers\Auth))
#3 C:\xampp\htdocs\ci4\ruangadmin416\system\CodeIgniter.php(320): CodeIgniter\CodeIgniter->handleRequest(NULL, Object(Config\Cache), false)
#4 C:\xampp\htdocs\ci4\ruangadmin416\index.php(37): CodeIgniter\CodeIgniter->run()
#5 {main}
CRITICAL - 2022-03-03 10:04:26 --> Trying to get property 'name' of non-object
#0 C:\xampp\htdocs\ci4\ruangadmin416\app\Views\admin\_layout\topbar.php(12): CodeIgniter\Debug\Exceptions->errorHandler(8, 'Trying to get p...', 'C:\\xampp\\htdocs...', 12, Array)
#1 C:\xampp\htdocs\ci4\ruangadmin416\system\View\View.php(210): include('C:\\xampp\\htdocs...')
#2 C:\xampp\htdocs\ci4\ruangadmin416\system\View\View.php(213): CodeIgniter\View\View->CodeIgniter\View\{closure}()
#3 C:\xampp\htdocs\ci4\ruangadmin416\system\View\View.php(424): CodeIgniter\View\View->render('admin/_layout/t...', NULL, true)
#4 C:\xampp\htdocs\ci4\ruangadmin416\app\Views\admin\_layout\master.php(23): CodeIgniter\View\View->include('admin/_layout/t...')
#5 C:\xampp\htdocs\ci4\ruangadmin416\system\View\View.php(210): include('C:\\xampp\\htdocs...')
#6 C:\xampp\htdocs\ci4\ruangadmin416\system\View\View.php(213): CodeIgniter\View\View->CodeIgniter\View\{closure}()
#7 C:\xampp\htdocs\ci4\ruangadmin416\system\View\View.php(226): CodeIgniter\View\View->render('admin/_layout/m...', Array, true)
#8 C:\xampp\htdocs\ci4\ruangadmin416\system\Common.php(1089): CodeIgniter\View\View->render('admin/dashboard', Array, true)
#9 C:\xampp\htdocs\ci4\ruangadmin416\app\Controllers\Admin\Dashboard.php(14): view('admin/dashboard', Array)
#10 C:\xampp\htdocs\ci4\ruangadmin416\system\CodeIgniter.php(825): App\Controllers\Admin\Dashboard->index()
#11 C:\xampp\htdocs\ci4\ruangadmin416\system\CodeIgniter.php(412): CodeIgniter\CodeIgniter->runController(Object(App\Controllers\Admin\Dashboard))
#12 C:\xampp\htdocs\ci4\ruangadmin416\system\CodeIgniter.php(320): CodeIgniter\CodeIgniter->handleRequest(NULL, Object(Config\Cache), false)
#13 C:\xampp\htdocs\ci4\ruangadmin416\index.php(37): CodeIgniter\CodeIgniter->run()
#14 {main}
CRITICAL - 2022-03-03 10:04:52 --> Trying to get property 'name' of non-object
#0 C:\xampp\htdocs\ci4\ruangadmin416\app\Views\admin\_layout\topbar.php(11): CodeIgniter\Debug\Exceptions->errorHandler(8, 'Trying to get p...', 'C:\\xampp\\htdocs...', 11, Array)
#1 C:\xampp\htdocs\ci4\ruangadmin416\system\View\View.php(210): include('C:\\xampp\\htdocs...')
#2 C:\xampp\htdocs\ci4\ruangadmin416\system\View\View.php(213): CodeIgniter\View\View->CodeIgniter\View\{closure}()
#3 C:\xampp\htdocs\ci4\ruangadmin416\system\View\View.php(424): CodeIgniter\View\View->render('admin/_layout/t...', NULL, true)
#4 C:\xampp\htdocs\ci4\ruangadmin416\app\Views\admin\_layout\master.php(23): CodeIgniter\View\View->include('admin/_layout/t...')
#5 C:\xampp\htdocs\ci4\ruangadmin416\system\View\View.php(210): include('C:\\xampp\\htdocs...')
#6 C:\xampp\htdocs\ci4\ruangadmin416\system\View\View.php(213): CodeIgniter\View\View->CodeIgniter\View\{closure}()
#7 C:\xampp\htdocs\ci4\ruangadmin416\system\View\View.php(226): CodeIgniter\View\View->render('admin/_layout/m...', Array, true)
#8 C:\xampp\htdocs\ci4\ruangadmin416\system\Common.php(1089): CodeIgniter\View\View->render('admin/dashboard', Array, true)
#9 C:\xampp\htdocs\ci4\ruangadmin416\app\Controllers\Admin\Dashboard.php(14): view('admin/dashboard', Array)
#10 C:\xampp\htdocs\ci4\ruangadmin416\system\CodeIgniter.php(825): App\Controllers\Admin\Dashboard->index()
#11 C:\xampp\htdocs\ci4\ruangadmin416\system\CodeIgniter.php(412): CodeIgniter\CodeIgniter->runController(Object(App\Controllers\Admin\Dashboard))
#12 C:\xampp\htdocs\ci4\ruangadmin416\system\CodeIgniter.php(320): CodeIgniter\CodeIgniter->handleRequest(NULL, Object(Config\Cache), false)
#13 C:\xampp\htdocs\ci4\ruangadmin416\index.php(37): CodeIgniter\CodeIgniter->run()
#14 {main}
CRITICAL - 2022-03-03 10:07:01 --> Trying to get property 'email' of non-object
#0 C:\xampp\htdocs\ci4\ruangadmin416\app\Models\Admin\Auth_model.php(26): CodeIgniter\Debug\Exceptions->errorHandler(8, 'Trying to get p...', 'C:\\xampp\\htdocs...', 26, Array)
#1 C:\xampp\htdocs\ci4\ruangadmin416\app\Controllers\Auth.php(99): App\Models\Admin\Auth_model->get_profile_data()
#2 C:\xampp\htdocs\ci4\ruangadmin416\system\CodeIgniter.php(825): App\Controllers\Auth->edit_profile()
#3 C:\xampp\htdocs\ci4\ruangadmin416\system\CodeIgniter.php(412): CodeIgniter\CodeIgniter->runController(Object(App\Controllers\Auth))
#4 C:\xampp\htdocs\ci4\ruangadmin416\system\CodeIgniter.php(320): CodeIgniter\CodeIgniter->handleRequest(NULL, Object(Config\Cache), false)
#5 C:\xampp\htdocs\ci4\ruangadmin416\index.php(37): CodeIgniter\CodeIgniter->run()
#6 {main}
CRITICAL - 2022-03-03 10:08:00 --> Trying to get property 'name' of non-object
#0 C:\xampp\htdocs\ci4\ruangadmin416\app\Views\Auth\edit_profile.php(7): CodeIgniter\Debug\Exceptions->errorHandler(8, 'Trying to get p...', 'C:\\xampp\\htdocs...', 7, Array)
#1 C:\xampp\htdocs\ci4\ruangadmin416\system\View\View.php(210): include('C:\\xampp\\htdocs...')
#2 C:\xampp\htdocs\ci4\ruangadmin416\system\View\View.php(213): CodeIgniter\View\View->CodeIgniter\View\{closure}()
#3 C:\xampp\htdocs\ci4\ruangadmin416\system\Common.php(1089): CodeIgniter\View\View->render('auth/edit_profi...', Array, true)
#4 C:\xampp\htdocs\ci4\ruangadmin416\app\Controllers\Auth.php(100): view('auth/edit_profi...', Array)
#5 C:\xampp\htdocs\ci4\ruangadmin416\system\CodeIgniter.php(825): App\Controllers\Auth->edit_profile()
#6 C:\xampp\htdocs\ci4\ruangadmin416\system\CodeIgniter.php(412): CodeIgniter\CodeIgniter->runController(Object(App\Controllers\Auth))
#7 C:\xampp\htdocs\ci4\ruangadmin416\system\CodeIgniter.php(320): CodeIgniter\CodeIgniter->handleRequest(NULL, Object(Config\Cache), false)
#8 C:\xampp\htdocs\ci4\ruangadmin416\index.php(37): CodeIgniter\CodeIgniter->run()
#9 {main}
CRITICAL - 2022-03-03 10:17:48 --> Trying to access array offset on value of type null
#0 C:\xampp\htdocs\ci4\ruangadmin416\app\Models\Admin\Auth_model.php(26): CodeIgniter\Debug\Exceptions->errorHandler(8, 'Trying to acces...', 'C:\\xampp\\htdocs...', 26, Array)
#1 C:\xampp\htdocs\ci4\ruangadmin416\app\Controllers\Auth.php(99): App\Models\Admin\Auth_model->get_profile_data()
#2 C:\xampp\htdocs\ci4\ruangadmin416\system\CodeIgniter.php(825): App\Controllers\Auth->edit_profile()
#3 C:\xampp\htdocs\ci4\ruangadmin416\system\CodeIgniter.php(412): CodeIgniter\CodeIgniter->runController(Object(App\Controllers\Auth))
#4 C:\xampp\htdocs\ci4\ruangadmin416\system\CodeIgniter.php(320): CodeIgniter\CodeIgniter->handleRequest(NULL, Object(Config\Cache), false)
#5 C:\xampp\htdocs\ci4\ruangadmin416\index.php(37): CodeIgniter\CodeIgniter->run()
#6 {main}
CRITICAL - 2022-03-03 10:18:07 --> Trying to get property 'name' of non-object
#0 C:\xampp\htdocs\ci4\ruangadmin416\app\Views\Auth\edit_profile.php(7): CodeIgniter\Debug\Exceptions->errorHandler(8, 'Trying to get p...', 'C:\\xampp\\htdocs...', 7, Array)
#1 C:\xampp\htdocs\ci4\ruangadmin416\system\View\View.php(210): include('C:\\xampp\\htdocs...')
#2 C:\xampp\htdocs\ci4\ruangadmin416\system\View\View.php(213): CodeIgniter\View\View->CodeIgniter\View\{closure}()
#3 C:\xampp\htdocs\ci4\ruangadmin416\system\Common.php(1089): CodeIgniter\View\View->render('auth/edit_profi...', Array, true)
#4 C:\xampp\htdocs\ci4\ruangadmin416\app\Controllers\Auth.php(100): view('auth/edit_profi...', Array)
#5 C:\xampp\htdocs\ci4\ruangadmin416\system\CodeIgniter.php(825): App\Controllers\Auth->edit_profile()
#6 C:\xampp\htdocs\ci4\ruangadmin416\system\CodeIgniter.php(412): CodeIgniter\CodeIgniter->runController(Object(App\Controllers\Auth))
#7 C:\xampp\htdocs\ci4\ruangadmin416\system\CodeIgniter.php(320): CodeIgniter\CodeIgniter->handleRequest(NULL, Object(Config\Cache), false)
#8 C:\xampp\htdocs\ci4\ruangadmin416\index.php(37): CodeIgniter\CodeIgniter->run()
#9 {main}
CRITICAL - 2022-03-03 10:18:58 --> Trying to get property 'id' of non-object
#0 C:\xampp\htdocs\ci4\ruangadmin416\app\Controllers\Auth.php(91): CodeIgniter\Debug\Exceptions->errorHandler(8, 'Trying to get p...', 'C:\\xampp\\htdocs...', 91, Array)
#1 C:\xampp\htdocs\ci4\ruangadmin416\system\CodeIgniter.php(825): App\Controllers\Auth->edit_profile()
#2 C:\xampp\htdocs\ci4\ruangadmin416\system\CodeIgniter.php(412): CodeIgniter\CodeIgniter->runController(Object(App\Controllers\Auth))
#3 C:\xampp\htdocs\ci4\ruangadmin416\system\CodeIgniter.php(320): CodeIgniter\CodeIgniter->handleRequest(NULL, Object(Config\Cache), false)
#4 C:\xampp\htdocs\ci4\ruangadmin416\index.php(37): CodeIgniter\CodeIgniter->run()
#5 {main}
