CRITICAL - 2023-05-09 03:10:27 --> Attempt to read property "course_full_name" on null
#0 /home/zepackin/hubtechitsolutions.com/app/Views/course-detail.php(10): CodeIgniter\Debug\Exceptions->errorHandler()
#1 /home/zepackin/hubtechitsolutions.com/system/View/View.php(210): include('/home/zepackin/...')
#2 /home/zepackin/hubtechitsolutions.com/system/View/View.php(213): CodeIgniter\View\View->CodeIgniter\View\{closure}()
#3 /home/zepackin/hubtechitsolutions.com/system/Common.php(1089): CodeIgniter\View\View->render()
#4 /home/zepackin/hubtechitsolutions.com/app/Controllers/Home.php(38): view()
#5 /home/zepackin/hubtechitsolutions.com/system/CodeIgniter.php(825): App\Controllers\Home->course_details()
#6 /home/zepackin/hubtechitsolutions.com/system/CodeIgniter.php(412): CodeIgniter\CodeIgniter->runController()
#7 /home/zepackin/hubtechitsolutions.com/system/CodeIgniter.php(320): CodeIgniter\CodeIgniter->handleRequest()
#8 /home/zepackin/hubtechitsolutions.com/index.php(37): CodeIgniter\CodeIgniter->run()
#9 {main}
CRITICAL - 2023-05-09 03:10:40 --> Attempt to read property "course_full_name" on null
#0 /home/zepackin/hubtechitsolutions.com/app/Views/course-detail.php(10): CodeIgniter\Debug\Exceptions->errorHandler()
#1 /home/zepackin/hubtechitsolutions.com/system/View/View.php(210): include('/home/zepackin/...')
#2 /home/zepackin/hubtechitsolutions.com/system/View/View.php(213): CodeIgniter\View\View->CodeIgniter\View\{closure}()
#3 /home/zepackin/hubtechitsolutions.com/system/Common.php(1089): CodeIgniter\View\View->render()
#4 /home/zepackin/hubtechitsolutions.com/app/Controllers/Home.php(38): view()
#5 /home/zepackin/hubtechitsolutions.com/system/CodeIgniter.php(825): App\Controllers\Home->course_details()
#6 /home/zepackin/hubtechitsolutions.com/system/CodeIgniter.php(412): CodeIgniter\CodeIgniter->runController()
#7 /home/zepackin/hubtechitsolutions.com/system/CodeIgniter.php(320): CodeIgniter\CodeIgniter->handleRequest()
#8 /home/zepackin/hubtechitsolutions.com/index.php(37): CodeIgniter\CodeIgniter->run()
#9 {main}
CRITICAL - 2023-05-09 03:11:06 --> Attempt to read property "course_full_name" on null
#0 /home/zepackin/hubtechitsolutions.com/app/Views/course-detail.php(10): CodeIgniter\Debug\Exceptions->errorHandler()
#1 /home/zepackin/hubtechitsolutions.com/system/View/View.php(210): include('/home/zepackin/...')
#2 /home/zepackin/hubtechitsolutions.com/system/View/View.php(213): CodeIgniter\View\View->CodeIgniter\View\{closure}()
#3 /home/zepackin/hubtechitsolutions.com/system/Common.php(1089): CodeIgniter\View\View->render()
#4 /home/zepackin/hubtechitsolutions.com/app/Controllers/Home.php(38): view()
#5 /home/zepackin/hubtechitsolutions.com/system/CodeIgniter.php(825): App\Controllers\Home->course_details()
#6 /home/zepackin/hubtechitsolutions.com/system/CodeIgniter.php(412): CodeIgniter\CodeIgniter->runController()
#7 /home/zepackin/hubtechitsolutions.com/system/CodeIgniter.php(320): CodeIgniter\CodeIgniter->handleRequest()
#8 /home/zepackin/hubtechitsolutions.com/index.php(37): CodeIgniter\CodeIgniter->run()
#9 {main}
CRITICAL - 2023-05-09 03:11:12 --> Attempt to read property "course_full_name" on null
#0 /home/zepackin/hubtechitsolutions.com/app/Views/course-detail.php(10): CodeIgniter\Debug\Exceptions->errorHandler()
#1 /home/zepackin/hubtechitsolutions.com/system/View/View.php(210): include('/home/zepackin/...')
#2 /home/zepackin/hubtechitsolutions.com/system/View/View.php(213): CodeIgniter\View\View->CodeIgniter\View\{closure}()
#3 /home/zepackin/hubtechitsolutions.com/system/Common.php(1089): CodeIgniter\View\View->render()
#4 /home/zepackin/hubtechitsolutions.com/app/Controllers/Home.php(38): view()
#5 /home/zepackin/hubtechitsolutions.com/system/CodeIgniter.php(825): App\Controllers\Home->course_details()
#6 /home/zepackin/hubtechitsolutions.com/system/CodeIgniter.php(412): CodeIgniter\CodeIgniter->runController()
#7 /home/zepackin/hubtechitsolutions.com/system/CodeIgniter.php(320): CodeIgniter\CodeIgniter->handleRequest()
#8 /home/zepackin/hubtechitsolutions.com/index.php(37): CodeIgniter\CodeIgniter->run()
#9 {main}
CRITICAL - 2023-05-09 03:11:31 --> Attempt to read property "course_full_name" on null
#0 /home/zepackin/hubtechitsolutions.com/app/Views/course-detail.php(10): CodeIgniter\Debug\Exceptions->errorHandler()
#1 /home/zepackin/hubtechitsolutions.com/system/View/View.php(210): include('/home/zepackin/...')
#2 /home/zepackin/hubtechitsolutions.com/system/View/View.php(213): CodeIgniter\View\View->CodeIgniter\View\{closure}()
#3 /home/zepackin/hubtechitsolutions.com/system/Common.php(1089): CodeIgniter\View\View->render()
#4 /home/zepackin/hubtechitsolutions.com/app/Controllers/Home.php(38): view()
#5 /home/zepackin/hubtechitsolutions.com/system/CodeIgniter.php(825): App\Controllers\Home->course_details()
#6 /home/zepackin/hubtechitsolutions.com/system/CodeIgniter.php(412): CodeIgniter\CodeIgniter->runController()
#7 /home/zepackin/hubtechitsolutions.com/system/CodeIgniter.php(320): CodeIgniter\CodeIgniter->handleRequest()
#8 /home/zepackin/hubtechitsolutions.com/index.php(37): CodeIgniter\CodeIgniter->run()
#9 {main}
CRITICAL - 2023-05-09 03:11:45 --> Attempt to read property "course_full_name" on null
#0 /home/zepackin/hubtechitsolutions.com/app/Views/course-detail.php(10): CodeIgniter\Debug\Exceptions->errorHandler()
#1 /home/zepackin/hubtechitsolutions.com/system/View/View.php(210): include('/home/zepackin/...')
#2 /home/zepackin/hubtechitsolutions.com/system/View/View.php(213): CodeIgniter\View\View->CodeIgniter\View\{closure}()
#3 /home/zepackin/hubtechitsolutions.com/system/Common.php(1089): CodeIgniter\View\View->render()
#4 /home/zepackin/hubtechitsolutions.com/app/Controllers/Home.php(38): view()
#5 /home/zepackin/hubtechitsolutions.com/system/CodeIgniter.php(825): App\Controllers\Home->course_details()
#6 /home/zepackin/hubtechitsolutions.com/system/CodeIgniter.php(412): CodeIgniter\CodeIgniter->runController()
#7 /home/zepackin/hubtechitsolutions.com/system/CodeIgniter.php(320): CodeIgniter\CodeIgniter->handleRequest()
#8 /home/zepackin/hubtechitsolutions.com/index.php(37): CodeIgniter\CodeIgniter->run()
#9 {main}
CRITICAL - 2023-05-09 03:12:00 --> Attempt to read property "course_full_name" on null
#0 /home/zepackin/hubtechitsolutions.com/app/Views/course-detail.php(10): CodeIgniter\Debug\Exceptions->errorHandler()
#1 /home/zepackin/hubtechitsolutions.com/system/View/View.php(210): include('/home/zepackin/...')
#2 /home/zepackin/hubtechitsolutions.com/system/View/View.php(213): CodeIgniter\View\View->CodeIgniter\View\{closure}()
#3 /home/zepackin/hubtechitsolutions.com/system/Common.php(1089): CodeIgniter\View\View->render()
#4 /home/zepackin/hubtechitsolutions.com/app/Controllers/Home.php(38): view()
#5 /home/zepackin/hubtechitsolutions.com/system/CodeIgniter.php(825): App\Controllers\Home->course_details()
#6 /home/zepackin/hubtechitsolutions.com/system/CodeIgniter.php(412): CodeIgniter\CodeIgniter->runController()
#7 /home/zepackin/hubtechitsolutions.com/system/CodeIgniter.php(320): CodeIgniter\CodeIgniter->handleRequest()
#8 /home/zepackin/hubtechitsolutions.com/index.php(37): CodeIgniter\CodeIgniter->run()
#9 {main}
CRITICAL - 2023-05-09 03:12:19 --> Attempt to read property "course_full_name" on null
#0 /home/zepackin/hubtechitsolutions.com/app/Views/course-detail.php(10): CodeIgniter\Debug\Exceptions->errorHandler()
#1 /home/zepackin/hubtechitsolutions.com/system/View/View.php(210): include('/home/zepackin/...')
#2 /home/zepackin/hubtechitsolutions.com/system/View/View.php(213): CodeIgniter\View\View->CodeIgniter\View\{closure}()
#3 /home/zepackin/hubtechitsolutions.com/system/Common.php(1089): CodeIgniter\View\View->render()
#4 /home/zepackin/hubtechitsolutions.com/app/Controllers/Home.php(38): view()
#5 /home/zepackin/hubtechitsolutions.com/system/CodeIgniter.php(825): App\Controllers\Home->course_details()
#6 /home/zepackin/hubtechitsolutions.com/system/CodeIgniter.php(412): CodeIgniter\CodeIgniter->runController()
#7 /home/zepackin/hubtechitsolutions.com/system/CodeIgniter.php(320): CodeIgniter\CodeIgniter->handleRequest()
#8 /home/zepackin/hubtechitsolutions.com/index.php(37): CodeIgniter\CodeIgniter->run()
#9 {main}
CRITICAL - 2023-05-09 03:43:29 --> Attempt to read property "course_full_name" on null
#0 /home/zepackin/hubtechitsolutions.com/app/Views/course-detail.php(10): CodeIgniter\Debug\Exceptions->errorHandler()
#1 /home/zepackin/hubtechitsolutions.com/system/View/View.php(210): include('/home/zepackin/...')
#2 /home/zepackin/hubtechitsolutions.com/system/View/View.php(213): CodeIgniter\View\View->CodeIgniter\View\{closure}()
#3 /home/zepackin/hubtechitsolutions.com/system/Common.php(1089): CodeIgniter\View\View->render()
#4 /home/zepackin/hubtechitsolutions.com/app/Controllers/Home.php(38): view()
#5 /home/zepackin/hubtechitsolutions.com/system/CodeIgniter.php(825): App\Controllers\Home->course_details()
#6 /home/zepackin/hubtechitsolutions.com/system/CodeIgniter.php(412): CodeIgniter\CodeIgniter->runController()
#7 /home/zepackin/hubtechitsolutions.com/system/CodeIgniter.php(320): CodeIgniter\CodeIgniter->handleRequest()
#8 /home/zepackin/hubtechitsolutions.com/index.php(37): CodeIgniter\CodeIgniter->run()
#9 {main}
CRITICAL - 2023-05-09 03:43:37 --> Attempt to read property "course_full_name" on null
#0 /home/zepackin/hubtechitsolutions.com/app/Views/course-detail.php(10): CodeIgniter\Debug\Exceptions->errorHandler()
#1 /home/zepackin/hubtechitsolutions.com/system/View/View.php(210): include('/home/zepackin/...')
#2 /home/zepackin/hubtechitsolutions.com/system/View/View.php(213): CodeIgniter\View\View->CodeIgniter\View\{closure}()
#3 /home/zepackin/hubtechitsolutions.com/system/Common.php(1089): CodeIgniter\View\View->render()
#4 /home/zepackin/hubtechitsolutions.com/app/Controllers/Home.php(38): view()
#5 /home/zepackin/hubtechitsolutions.com/system/CodeIgniter.php(825): App\Controllers\Home->course_details()
#6 /home/zepackin/hubtechitsolutions.com/system/CodeIgniter.php(412): CodeIgniter\CodeIgniter->runController()
#7 /home/zepackin/hubtechitsolutions.com/system/CodeIgniter.php(320): CodeIgniter\CodeIgniter->handleRequest()
#8 /home/zepackin/hubtechitsolutions.com/index.php(37): CodeIgniter\CodeIgniter->run()
#9 {main}
CRITICAL - 2023-05-09 03:43:49 --> Attempt to read property "course_full_name" on null
#0 /home/zepackin/hubtechitsolutions.com/app/Views/course-detail.php(10): CodeIgniter\Debug\Exceptions->errorHandler()
#1 /home/zepackin/hubtechitsolutions.com/system/View/View.php(210): include('/home/zepackin/...')
#2 /home/zepackin/hubtechitsolutions.com/system/View/View.php(213): CodeIgniter\View\View->CodeIgniter\View\{closure}()
#3 /home/zepackin/hubtechitsolutions.com/system/Common.php(1089): CodeIgniter\View\View->render()
#4 /home/zepackin/hubtechitsolutions.com/app/Controllers/Home.php(38): view()
#5 /home/zepackin/hubtechitsolutions.com/system/CodeIgniter.php(825): App\Controllers\Home->course_details()
#6 /home/zepackin/hubtechitsolutions.com/system/CodeIgniter.php(412): CodeIgniter\CodeIgniter->runController()
#7 /home/zepackin/hubtechitsolutions.com/system/CodeIgniter.php(320): CodeIgniter\CodeIgniter->handleRequest()
#8 /home/zepackin/hubtechitsolutions.com/index.php(37): CodeIgniter\CodeIgniter->run()
#9 {main}
CRITICAL - 2023-05-09 03:43:55 --> Attempt to read property "course_full_name" on null
#0 /home/zepackin/hubtechitsolutions.com/app/Views/course-detail.php(10): CodeIgniter\Debug\Exceptions->errorHandler()
#1 /home/zepackin/hubtechitsolutions.com/system/View/View.php(210): include('/home/zepackin/...')
#2 /home/zepackin/hubtechitsolutions.com/system/View/View.php(213): CodeIgniter\View\View->CodeIgniter\View\{closure}()
#3 /home/zepackin/hubtechitsolutions.com/system/Common.php(1089): CodeIgniter\View\View->render()
#4 /home/zepackin/hubtechitsolutions.com/app/Controllers/Home.php(38): view()
#5 /home/zepackin/hubtechitsolutions.com/system/CodeIgniter.php(825): App\Controllers\Home->course_details()
#6 /home/zepackin/hubtechitsolutions.com/system/CodeIgniter.php(412): CodeIgniter\CodeIgniter->runController()
#7 /home/zepackin/hubtechitsolutions.com/system/CodeIgniter.php(320): CodeIgniter\CodeIgniter->handleRequest()
#8 /home/zepackin/hubtechitsolutions.com/index.php(37): CodeIgniter\CodeIgniter->run()
#9 {main}
CRITICAL - 2023-05-09 04:15:19 --> Attempt to read property "course_full_name" on null
#0 /home/zepackin/hubtechitsolutions.com/app/Views/course-detail.php(10): CodeIgniter\Debug\Exceptions->errorHandler()
#1 /home/zepackin/hubtechitsolutions.com/system/View/View.php(210): include('/home/zepackin/...')
#2 /home/zepackin/hubtechitsolutions.com/system/View/View.php(213): CodeIgniter\View\View->CodeIgniter\View\{closure}()
#3 /home/zepackin/hubtechitsolutions.com/system/Common.php(1089): CodeIgniter\View\View->render()
#4 /home/zepackin/hubtechitsolutions.com/app/Controllers/Home.php(38): view()
#5 /home/zepackin/hubtechitsolutions.com/system/CodeIgniter.php(825): App\Controllers\Home->course_details()
#6 /home/zepackin/hubtechitsolutions.com/system/CodeIgniter.php(412): CodeIgniter\CodeIgniter->runController()
#7 /home/zepackin/hubtechitsolutions.com/system/CodeIgniter.php(320): CodeIgniter\CodeIgniter->handleRequest()
#8 /home/zepackin/hubtechitsolutions.com/index.php(37): CodeIgniter\CodeIgniter->run()
#9 {main}
CRITICAL - 2023-05-09 04:15:56 --> Attempt to read property "course_full_name" on null
#0 /home/zepackin/hubtechitsolutions.com/app/Views/course-detail.php(10): CodeIgniter\Debug\Exceptions->errorHandler()
#1 /home/zepackin/hubtechitsolutions.com/system/View/View.php(210): include('/home/zepackin/...')
#2 /home/zepackin/hubtechitsolutions.com/system/View/View.php(213): CodeIgniter\View\View->CodeIgniter\View\{closure}()
#3 /home/zepackin/hubtechitsolutions.com/system/Common.php(1089): CodeIgniter\View\View->render()
#4 /home/zepackin/hubtechitsolutions.com/app/Controllers/Home.php(38): view()
#5 /home/zepackin/hubtechitsolutions.com/system/CodeIgniter.php(825): App\Controllers\Home->course_details()
#6 /home/zepackin/hubtechitsolutions.com/system/CodeIgniter.php(412): CodeIgniter\CodeIgniter->runController()
#7 /home/zepackin/hubtechitsolutions.com/system/CodeIgniter.php(320): CodeIgniter\CodeIgniter->handleRequest()
#8 /home/zepackin/hubtechitsolutions.com/index.php(37): CodeIgniter\CodeIgniter->run()
#9 {main}
CRITICAL - 2023-05-09 04:16:09 --> Attempt to read property "course_full_name" on null
#0 /home/zepackin/hubtechitsolutions.com/app/Views/course-detail.php(10): CodeIgniter\Debug\Exceptions->errorHandler()
#1 /home/zepackin/hubtechitsolutions.com/system/View/View.php(210): include('/home/zepackin/...')
#2 /home/zepackin/hubtechitsolutions.com/system/View/View.php(213): CodeIgniter\View\View->CodeIgniter\View\{closure}()
#3 /home/zepackin/hubtechitsolutions.com/system/Common.php(1089): CodeIgniter\View\View->render()
#4 /home/zepackin/hubtechitsolutions.com/app/Controllers/Home.php(38): view()
#5 /home/zepackin/hubtechitsolutions.com/system/CodeIgniter.php(825): App\Controllers\Home->course_details()
#6 /home/zepackin/hubtechitsolutions.com/system/CodeIgniter.php(412): CodeIgniter\CodeIgniter->runController()
#7 /home/zepackin/hubtechitsolutions.com/system/CodeIgniter.php(320): CodeIgniter\CodeIgniter->handleRequest()
#8 /home/zepackin/hubtechitsolutions.com/index.php(37): CodeIgniter\CodeIgniter->run()
#9 {main}
CRITICAL - 2023-05-09 04:16:21 --> Attempt to read property "course_full_name" on null
#0 /home/zepackin/hubtechitsolutions.com/app/Views/course-detail.php(10): CodeIgniter\Debug\Exceptions->errorHandler()
#1 /home/zepackin/hubtechitsolutions.com/system/View/View.php(210): include('/home/zepackin/...')
#2 /home/zepackin/hubtechitsolutions.com/system/View/View.php(213): CodeIgniter\View\View->CodeIgniter\View\{closure}()
#3 /home/zepackin/hubtechitsolutions.com/system/Common.php(1089): CodeIgniter\View\View->render()
#4 /home/zepackin/hubtechitsolutions.com/app/Controllers/Home.php(38): view()
#5 /home/zepackin/hubtechitsolutions.com/system/CodeIgniter.php(825): App\Controllers\Home->course_details()
#6 /home/zepackin/hubtechitsolutions.com/system/CodeIgniter.php(412): CodeIgniter\CodeIgniter->runController()
#7 /home/zepackin/hubtechitsolutions.com/system/CodeIgniter.php(320): CodeIgniter\CodeIgniter->handleRequest()
#8 /home/zepackin/hubtechitsolutions.com/index.php(37): CodeIgniter\CodeIgniter->run()
#9 {main}
