CRITICAL - 2024-03-08 18:41:29 --> Creation of dynamic property App\Models\Service_model::$coursesTbl is deprecated
#0 /home3/jeansuco/hubtechitsolutions.com/app/Models/Service_model.php(9): CodeIgniter\Debug\Exceptions->errorHandler(8192, 'Creation of dyn...', '/home3/jeansuco...', 9)
#1 /home3/jeansuco/hubtechitsolutions.com/system/Config/Factories.php(87): App\Models\Service_model->__construct(NULL)
#2 /home3/jeansuco/hubtechitsolutions.com/system/Common.php(780): CodeIgniter\Config\Factories::__callStatic('models', Array)
#3 /home3/jeansuco/hubtechitsolutions.com/app/Controllers/Home.php(13): model('App\\Models\\Serv...', false)
#4 /home3/jeansuco/hubtechitsolutions.com/system/CodeIgniter.php(802): App\Controllers\Home->__construct()
#5 /home3/jeansuco/hubtechitsolutions.com/system/CodeIgniter.php(403): CodeIgniter\CodeIgniter->createController()
#6 /home3/jeansuco/hubtechitsolutions.com/system/CodeIgniter.php(320): CodeIgniter\CodeIgniter->handleRequest(NULL, Object(Config\Cache), false)
#7 /home3/jeansuco/hubtechitsolutions.com/index.php(37): CodeIgniter\CodeIgniter->run()
#8 {main}
CRITICAL - 2024-03-08 18:41:49 --> Creation of dynamic property App\Models\Service_model::$coursesTbl is deprecated
#0 /home3/jeansuco/hubtechitsolutions.com/app/Models/Service_model.php(9): CodeIgniter\Debug\Exceptions->errorHandler(8192, 'Creation of dyn...', '/home3/jeansuco...', 9)
#1 /home3/jeansuco/hubtechitsolutions.com/system/Config/Factories.php(87): App\Models\Service_model->__construct(NULL)
#2 /home3/jeansuco/hubtechitsolutions.com/system/Common.php(780): CodeIgniter\Config\Factories::__callStatic('models', Array)
#3 /home3/jeansuco/hubtechitsolutions.com/app/Controllers/Home.php(13): model('App\\Models\\Serv...', false)
#4 /home3/jeansuco/hubtechitsolutions.com/system/CodeIgniter.php(802): App\Controllers\Home->__construct()
#5 /home3/jeansuco/hubtechitsolutions.com/system/CodeIgniter.php(403): CodeIgniter\CodeIgniter->createController()
#6 /home3/jeansuco/hubtechitsolutions.com/system/CodeIgniter.php(320): CodeIgniter\CodeIgniter->handleRequest(NULL, Object(Config\Cache), false)
#7 /home3/jeansuco/hubtechitsolutions.com/index.php(37): CodeIgniter\CodeIgniter->run()
#8 {main}
CRITICAL - 2024-03-08 18:48:51 --> Creation of dynamic property App\Models\Service_model::$coursesTbl is deprecated
#0 /home3/jeansuco/hubtechitsolutions.com/app/Models/Service_model.php(9): CodeIgniter\Debug\Exceptions->errorHandler(8192, 'Creation of dyn...', '/home3/jeansuco...', 9)
#1 /home3/jeansuco/hubtechitsolutions.com/system/Config/Factories.php(87): App\Models\Service_model->__construct(NULL)
#2 /home3/jeansuco/hubtechitsolutions.com/system/Common.php(780): CodeIgniter\Config\Factories::__callStatic('models', Array)
#3 /home3/jeansuco/hubtechitsolutions.com/app/Controllers/Home.php(13): model('App\\Models\\Serv...', false)
#4 /home3/jeansuco/hubtechitsolutions.com/system/CodeIgniter.php(802): App\Controllers\Home->__construct()
#5 /home3/jeansuco/hubtechitsolutions.com/system/CodeIgniter.php(403): CodeIgniter\CodeIgniter->createController()
#6 /home3/jeansuco/hubtechitsolutions.com/system/CodeIgniter.php(320): CodeIgniter\CodeIgniter->handleRequest(NULL, Object(Config\Cache), false)
#7 /home3/jeansuco/hubtechitsolutions.com/index.php(37): CodeIgniter\CodeIgniter->run()
#8 {main}
CRITICAL - 2024-03-08 18:49:59 --> Creation of dynamic property App\Controllers\Home::$service_model is deprecated
#0 /home3/jeansuco/hubtechitsolutions.com/app/Controllers/Home.php(13): CodeIgniter\Debug\Exceptions->errorHandler(8192, 'Creation of dyn...', '/home3/jeansuco...', 13)
#1 /home3/jeansuco/hubtechitsolutions.com/system/CodeIgniter.php(802): App\Controllers\Home->__construct()
#2 /home3/jeansuco/hubtechitsolutions.com/system/CodeIgniter.php(403): CodeIgniter\CodeIgniter->createController()
#3 /home3/jeansuco/hubtechitsolutions.com/system/CodeIgniter.php(320): CodeIgniter\CodeIgniter->handleRequest(NULL, Object(Config\Cache), false)
#4 /home3/jeansuco/hubtechitsolutions.com/index.php(37): CodeIgniter\CodeIgniter->run()
#5 {main}
CRITICAL - 2024-03-08 18:50:51 --> Creation of dynamic property App\Models\Common_model::$usersTbl is deprecated
#0 /home3/jeansuco/hubtechitsolutions.com/app/Models/Common_model.php(9): CodeIgniter\Debug\Exceptions->errorHandler(8192, 'Creation of dyn...', '/home3/jeansuco...', 9)
#1 /home3/jeansuco/hubtechitsolutions.com/system/Config/Factories.php(87): App\Models\Common_model->__construct(NULL)
#2 /home3/jeansuco/hubtechitsolutions.com/system/Common.php(780): CodeIgniter\Config\Factories::__callStatic('models', Array)
#3 /home3/jeansuco/hubtechitsolutions.com/app/Controllers/Home.php(16): model('App\\Models\\Comm...', false)
#4 /home3/jeansuco/hubtechitsolutions.com/system/CodeIgniter.php(802): App\Controllers\Home->__construct()
#5 /home3/jeansuco/hubtechitsolutions.com/system/CodeIgniter.php(403): CodeIgniter\CodeIgniter->createController()
#6 /home3/jeansuco/hubtechitsolutions.com/system/CodeIgniter.php(320): CodeIgniter\CodeIgniter->handleRequest(NULL, Object(Config\Cache), false)
#7 /home3/jeansuco/hubtechitsolutions.com/index.php(37): CodeIgniter\CodeIgniter->run()
#8 {main}
CRITICAL - 2024-03-08 18:51:56 --> Creation of dynamic property App\Controllers\Home::$session is deprecated
#0 /home3/jeansuco/hubtechitsolutions.com/app/Controllers/BaseController.php(55): CodeIgniter\Debug\Exceptions->errorHandler(8192, 'Creation of dyn...', '/home3/jeansuco...', 55)
#1 /home3/jeansuco/hubtechitsolutions.com/system/CodeIgniter.php(803): App\Controllers\BaseController->initController(Object(CodeIgniter\HTTP\IncomingRequest), Object(CodeIgniter\HTTP\Response), Object(CodeIgniter\Log\Logger))
#2 /home3/jeansuco/hubtechitsolutions.com/system/CodeIgniter.php(403): CodeIgniter\CodeIgniter->createController()
#3 /home3/jeansuco/hubtechitsolutions.com/system/CodeIgniter.php(320): CodeIgniter\CodeIgniter->handleRequest(NULL, Object(Config\Cache), false)
#4 /home3/jeansuco/hubtechitsolutions.com/index.php(37): CodeIgniter\CodeIgniter->run()
#5 {main}
CRITICAL - 2024-03-08 18:54:00 --> Creation of dynamic property App\Controllers\Auth::$data is deprecated
#0 /home3/jeansuco/hubtechitsolutions.com/app/Controllers/Auth.php(10): CodeIgniter\Debug\Exceptions->errorHandler(8192, 'Creation of dyn...', '/home3/jeansuco...', 10)
#1 /home3/jeansuco/hubtechitsolutions.com/system/CodeIgniter.php(802): App\Controllers\Auth->__construct()
#2 /home3/jeansuco/hubtechitsolutions.com/system/CodeIgniter.php(403): CodeIgniter\CodeIgniter->createController()
#3 /home3/jeansuco/hubtechitsolutions.com/system/CodeIgniter.php(320): CodeIgniter\CodeIgniter->handleRequest(NULL, Object(Config\Cache), false)
#4 /home3/jeansuco/hubtechitsolutions.com/index.php(37): CodeIgniter\CodeIgniter->run()
#5 {main}
CRITICAL - 2024-03-08 18:54:46 --> Creation of dynamic property App\Models\Admin\Auth_model::$adminTbl is deprecated
#0 /home3/jeansuco/hubtechitsolutions.com/app/Models/Auth_model.php(9): CodeIgniter\Debug\Exceptions->errorHandler(8192, 'Creation of dyn...', '/home3/jeansuco...', 9)
#1 /home3/jeansuco/hubtechitsolutions.com/system/Config/Factories.php(87): App\Models\Admin\Auth_model->__construct(NULL)
#2 /home3/jeansuco/hubtechitsolutions.com/system/Common.php(780): CodeIgniter\Config\Factories::__callStatic('models', Array)
#3 /home3/jeansuco/hubtechitsolutions.com/app/Controllers/Auth.php(13): model('App\\Models\\Auth...', false)
#4 /home3/jeansuco/hubtechitsolutions.com/system/CodeIgniter.php(802): App\Controllers\Auth->__construct()
#5 /home3/jeansuco/hubtechitsolutions.com/system/CodeIgniter.php(403): CodeIgniter\CodeIgniter->createController()
#6 /home3/jeansuco/hubtechitsolutions.com/system/CodeIgniter.php(320): CodeIgniter\CodeIgniter->handleRequest(NULL, Object(Config\Cache), false)
#7 /home3/jeansuco/hubtechitsolutions.com/index.php(37): CodeIgniter\CodeIgniter->run()
#8 {main}
CRITICAL - 2024-03-08 18:57:09 --> Creation of dynamic property App\Controllers\Admin::$data is deprecated
#0 /home3/jeansuco/hubtechitsolutions.com/app/Controllers/Admin.php(11): CodeIgniter\Debug\Exceptions->errorHandler(8192, 'Creation of dyn...', '/home3/jeansuco...', 11)
#1 /home3/jeansuco/hubtechitsolutions.com/system/CodeIgniter.php(802): App\Controllers\Admin->__construct()
#2 /home3/jeansuco/hubtechitsolutions.com/system/CodeIgniter.php(403): CodeIgniter\CodeIgniter->createController()
#3 /home3/jeansuco/hubtechitsolutions.com/system/CodeIgniter.php(320): CodeIgniter\CodeIgniter->handleRequest(NULL, Object(Config\Cache), false)
#4 /home3/jeansuco/hubtechitsolutions.com/index.php(37): CodeIgniter\CodeIgniter->run()
#5 {main}
