CRITICAL - 2026-06-08 11:52:22 --> CodeIgniter\Security\Security::derandomize(): Argument #1 ($token) must be of type string, null given, called in C:\xampp\htdocs\ci4\hubtechitsolutions\system\Security\Security.php on line 284
#0 C:\xampp\htdocs\ci4\hubtechitsolutions\system\Security\Security.php(284): CodeIgniter\Security\Security->derandomize(NULL)
#1 C:\xampp\htdocs\ci4\hubtechitsolutions\system\Filters\CSRF.php(53): CodeIgniter\Security\Security->verify(Object(CodeIgniter\HTTP\IncomingRequest))
#2 C:\xampp\htdocs\ci4\hubtechitsolutions\system\Filters\Filters.php(173): CodeIgniter\Filters\CSRF->before(Object(CodeIgniter\HTTP\IncomingRequest), NULL)
#3 C:\xampp\htdocs\ci4\hubtechitsolutions\system\CodeIgniter.php(386): CodeIgniter\Filters\Filters->run('admin/intern-st...', 'before')
#4 C:\xampp\htdocs\ci4\hubtechitsolutions\system\CodeIgniter.php(320): CodeIgniter\CodeIgniter->handleRequest(NULL, Object(Config\Cache), false)
#5 C:\xampp\htdocs\ci4\hubtechitsolutions\index.php(37): CodeIgniter\CodeIgniter->run()
#6 {main}
CRITICAL - 2026-06-08 15:04:49 --> Call to undefined function App\Controllers\custom_pagination()
#0 C:\xampp\htdocs\ci4\hubtechitsolutions\system\CodeIgniter.php(825): App\Controllers\Internship->index()
#1 C:\xampp\htdocs\ci4\hubtechitsolutions\system\CodeIgniter.php(412): CodeIgniter\CodeIgniter->runController(Object(App\Controllers\Internship))
#2 C:\xampp\htdocs\ci4\hubtechitsolutions\system\CodeIgniter.php(320): CodeIgniter\CodeIgniter->handleRequest(NULL, Object(Config\Cache), false)
#3 C:\xampp\htdocs\ci4\hubtechitsolutions\index.php(37): CodeIgniter\CodeIgniter->run()
#4 {main}
CRITICAL - 2026-06-08 16:55:53 --> Undefined array key "amount"
#0 C:\xampp\htdocs\ci4\hubtechitsolutions\app\Controllers\Home.php(303): CodeIgniter\Debug\Exceptions->errorHandler(2, 'Undefined array...', 'C:\\xampp\\htdocs...', 303)
#1 C:\xampp\htdocs\ci4\hubtechitsolutions\system\CodeIgniter.php(825): App\Controllers\Home->enrollment_payment_verify()
#2 C:\xampp\htdocs\ci4\hubtechitsolutions\system\CodeIgniter.php(412): CodeIgniter\CodeIgniter->runController(Object(App\Controllers\Home))
#3 C:\xampp\htdocs\ci4\hubtechitsolutions\system\CodeIgniter.php(320): CodeIgniter\CodeIgniter->handleRequest(NULL, Object(Config\Cache), false)
#4 C:\xampp\htdocs\ci4\hubtechitsolutions\index.php(37): CodeIgniter\CodeIgniter->run()
#5 {main}
CRITICAL - 2026-06-08 16:59:06 --> Undefined property: stdClass::$terms
#0 C:\xampp\htdocs\ci4\hubtechitsolutions\app\Controllers\Home.php(322): CodeIgniter\Debug\Exceptions->errorHandler(2, 'Undefined prope...', 'C:\\xampp\\htdocs...', 322)
#1 C:\xampp\htdocs\ci4\hubtechitsolutions\system\CodeIgniter.php(825): App\Controllers\Home->enrollment_payment_verify()
#2 C:\xampp\htdocs\ci4\hubtechitsolutions\system\CodeIgniter.php(412): CodeIgniter\CodeIgniter->runController(Object(App\Controllers\Home))
#3 C:\xampp\htdocs\ci4\hubtechitsolutions\system\CodeIgniter.php(320): CodeIgniter\CodeIgniter->handleRequest(NULL, Object(Config\Cache), false)
#4 C:\xampp\htdocs\ci4\hubtechitsolutions\index.php(37): CodeIgniter\CodeIgniter->run()
#5 {main}
