CRITICAL - 2024-03-10 08:58:58 --> CodeIgniter\Security\Security::derandomize(): Argument #1 ($token) must be of type string, null given, called in /home3/jeansuco/hubtechitsolutions.com/system/Security/Security.php on line 284
#0 /home3/jeansuco/hubtechitsolutions.com/system/Security/Security.php(284): CodeIgniter\Security\Security->derandomize(NULL)
#1 /home3/jeansuco/hubtechitsolutions.com/system/Filters/CSRF.php(53): CodeIgniter\Security\Security->verify(Object(CodeIgniter\HTTP\IncomingRequest))
#2 /home3/jeansuco/hubtechitsolutions.com/system/Filters/Filters.php(173): CodeIgniter\Filters\CSRF->before(Object(CodeIgniter\HTTP\IncomingRequest), NULL)
#3 /home3/jeansuco/hubtechitsolutions.com/system/CodeIgniter.php(386): CodeIgniter\Filters\Filters->run('ALFA_DATA/alfac...', 'before')
#4 /home3/jeansuco/hubtechitsolutions.com/system/CodeIgniter.php(320): CodeIgniter\CodeIgniter->handleRequest(NULL, Object(Config\Cache), false)
#5 /home3/jeansuco/hubtechitsolutions.com/index.php(37): CodeIgniter\CodeIgniter->run()
#6 {main}
CRITICAL - 2024-03-10 08:59:00 --> CodeIgniter\Security\Security::derandomize(): Argument #1 ($token) must be of type string, null given, called in /home3/jeansuco/hubtechitsolutions.com/system/Security/Security.php on line 284
#0 /home3/jeansuco/hubtechitsolutions.com/system/Security/Security.php(284): CodeIgniter\Security\Security->derandomize(NULL)
#1 /home3/jeansuco/hubtechitsolutions.com/system/Filters/CSRF.php(53): CodeIgniter\Security\Security->verify(Object(CodeIgniter\HTTP\IncomingRequest))
#2 /home3/jeansuco/hubtechitsolutions.com/system/Filters/Filters.php(173): CodeIgniter\Filters\CSRF->before(Object(CodeIgniter\HTTP\IncomingRequest), NULL)
#3 /home3/jeansuco/hubtechitsolutions.com/system/CodeIgniter.php(386): CodeIgniter\Filters\Filters->run('alfacgiapi/perl...', 'before')
#4 /home3/jeansuco/hubtechitsolutions.com/system/CodeIgniter.php(320): CodeIgniter\CodeIgniter->handleRequest(NULL, Object(Config\Cache), false)
#5 /home3/jeansuco/hubtechitsolutions.com/index.php(37): CodeIgniter\CodeIgniter->run()
#6 {main}
CRITICAL - 2024-03-10 10:29:57 --> Creation of dynamic property App\Controllers\Home::$service_model is deprecated
#0 /home3/jeansuco/hubtechitsolutions.com/app/Controllers/Home.php(13): CodeIgniter\Debug\Exceptions->errorHandler(8192, 'Creation of dyn...', '/home3/jeansuco...', 13)
#1 /home3/jeansuco/hubtechitsolutions.com/system/CodeIgniter.php(802): App\Controllers\Home->__construct()
#2 /home3/jeansuco/hubtechitsolutions.com/system/CodeIgniter.php(403): CodeIgniter\CodeIgniter->createController()
#3 /home3/jeansuco/hubtechitsolutions.com/system/CodeIgniter.php(320): CodeIgniter\CodeIgniter->handleRequest(NULL, Object(Config\Cache), false)
#4 /home3/jeansuco/hubtechitsolutions.com/index.php(37): CodeIgniter\CodeIgniter->run()
#5 {main}
CRITICAL - 2024-03-10 10:30:03 --> Creation of dynamic property App\Controllers\Home::$service_model is deprecated
#0 /home3/jeansuco/hubtechitsolutions.com/app/Controllers/Home.php(13): CodeIgniter\Debug\Exceptions->errorHandler(8192, 'Creation of dyn...', '/home3/jeansuco...', 13)
#1 /home3/jeansuco/hubtechitsolutions.com/system/CodeIgniter.php(802): App\Controllers\Home->__construct()
#2 /home3/jeansuco/hubtechitsolutions.com/system/CodeIgniter.php(403): CodeIgniter\CodeIgniter->createController()
#3 /home3/jeansuco/hubtechitsolutions.com/system/CodeIgniter.php(320): CodeIgniter\CodeIgniter->handleRequest(NULL, Object(Config\Cache), false)
#4 /home3/jeansuco/hubtechitsolutions.com/index.php(37): CodeIgniter\CodeIgniter->run()
#5 {main}
CRITICAL - 2024-03-10 11:08:20 --> Attempt to read property "student_name" on array
#0 /home3/jeansuco/hubtechitsolutions.com/app/Views/certificate.php(50): CodeIgniter\Debug\Exceptions->errorHandler(2, 'Attempt to read...', '/home3/jeansuco...', 50)
#1 /home3/jeansuco/hubtechitsolutions.com/system/View/View.php(210): include('/home3/jeansuco...')
#2 /home3/jeansuco/hubtechitsolutions.com/system/View/View.php(213): CodeIgniter\View\View->CodeIgniter\View\{closure}()
#3 /home3/jeansuco/hubtechitsolutions.com/system/Common.php(1089): CodeIgniter\View\View->render('certificate', Array, true)
#4 /home3/jeansuco/hubtechitsolutions.com/app/Controllers/Home.php(137): view('certificate', Array)
#5 /home3/jeansuco/hubtechitsolutions.com/system/CodeIgniter.php(825): App\Controllers\Home->certificate_verification()
#6 /home3/jeansuco/hubtechitsolutions.com/system/CodeIgniter.php(412): CodeIgniter\CodeIgniter->runController(Object(App\Controllers\Home))
#7 /home3/jeansuco/hubtechitsolutions.com/system/CodeIgniter.php(320): CodeIgniter\CodeIgniter->handleRequest(NULL, Object(Config\Cache), false)
#8 /home3/jeansuco/hubtechitsolutions.com/index.php(37): CodeIgniter\CodeIgniter->run()
#9 {main}
