CRITICAL - 2022-12-26 23:55:00 --> Class 'App\Models\Admin\Auth_model' not found
#0 C:\xampp\htdocs\ci4\mygateway\app\Views\admin\_layout\sidebar.php(34): is_privilege(1)
#1 C:\xampp\htdocs\ci4\mygateway\system\View\View.php(210): include('C:\\xampp\\htdocs...')
#2 C:\xampp\htdocs\ci4\mygateway\system\View\View.php(213): CodeIgniter\View\View->CodeIgniter\View\{closure}()
#3 C:\xampp\htdocs\ci4\mygateway\system\View\View.php(424): CodeIgniter\View\View->render('admin/_layout/s...', NULL, true)
#4 C:\xampp\htdocs\ci4\mygateway\app\Views\admin\_layout\master.php(20): CodeIgniter\View\View->include('admin/_layout/s...')
#5 C:\xampp\htdocs\ci4\mygateway\system\View\View.php(210): include('C:\\xampp\\htdocs...')
#6 C:\xampp\htdocs\ci4\mygateway\system\View\View.php(213): CodeIgniter\View\View->CodeIgniter\View\{closure}()
#7 C:\xampp\htdocs\ci4\mygateway\system\View\View.php(226): CodeIgniter\View\View->render('admin/_layout/m...', Array, true)
#8 C:\xampp\htdocs\ci4\mygateway\system\Common.php(1089): CodeIgniter\View\View->render('admin/dashboard', Array, true)
#9 C:\xampp\htdocs\ci4\mygateway\app\Controllers\Admin.php(15): view('admin/dashboard', Array)
#10 C:\xampp\htdocs\ci4\mygateway\system\CodeIgniter.php(825): App\Controllers\Admin->index()
#11 C:\xampp\htdocs\ci4\mygateway\system\CodeIgniter.php(412): CodeIgniter\CodeIgniter->runController(Object(App\Controllers\Admin))
#12 C:\xampp\htdocs\ci4\mygateway\system\CodeIgniter.php(320): CodeIgniter\CodeIgniter->handleRequest(NULL, Object(Config\Cache), false)
#13 C:\xampp\htdocs\ci4\mygateway\index.php(37): CodeIgniter\CodeIgniter->run()
#14 {main}
CRITICAL - 2022-12-26 23:57:55 --> Class 'App\Models\Auth_model' not found
#0 C:\xampp\htdocs\ci4\mygateway\app\Views\admin\_layout\sidebar.php(34): is_privilege(1)
#1 C:\xampp\htdocs\ci4\mygateway\system\View\View.php(210): include('C:\\xampp\\htdocs...')
#2 C:\xampp\htdocs\ci4\mygateway\system\View\View.php(213): CodeIgniter\View\View->CodeIgniter\View\{closure}()
#3 C:\xampp\htdocs\ci4\mygateway\system\View\View.php(424): CodeIgniter\View\View->render('admin/_layout/s...', NULL, true)
#4 C:\xampp\htdocs\ci4\mygateway\app\Views\admin\_layout\master.php(20): CodeIgniter\View\View->include('admin/_layout/s...')
#5 C:\xampp\htdocs\ci4\mygateway\system\View\View.php(210): include('C:\\xampp\\htdocs...')
#6 C:\xampp\htdocs\ci4\mygateway\system\View\View.php(213): CodeIgniter\View\View->CodeIgniter\View\{closure}()
#7 C:\xampp\htdocs\ci4\mygateway\system\View\View.php(226): CodeIgniter\View\View->render('admin/_layout/m...', Array, true)
#8 C:\xampp\htdocs\ci4\mygateway\system\Common.php(1089): CodeIgniter\View\View->render('admin/dashboard', Array, true)
#9 C:\xampp\htdocs\ci4\mygateway\app\Controllers\Admin.php(15): view('admin/dashboard', Array)
#10 C:\xampp\htdocs\ci4\mygateway\system\CodeIgniter.php(825): App\Controllers\Admin->index()
#11 C:\xampp\htdocs\ci4\mygateway\system\CodeIgniter.php(412): CodeIgniter\CodeIgniter->runController(Object(App\Controllers\Admin))
#12 C:\xampp\htdocs\ci4\mygateway\system\CodeIgniter.php(320): CodeIgniter\CodeIgniter->handleRequest(NULL, Object(Config\Cache), false)
#13 C:\xampp\htdocs\ci4\mygateway\index.php(37): CodeIgniter\CodeIgniter->run()
#14 {main}
