CRITICAL - 2022-12-29 04:09:27 --> Undefined variable: user
#0 C:\xampp\htdocs\ci4\mygateway\app\Views\admin\users\user_profile.php(17): CodeIgniter\Debug\Exceptions->errorHandler(8, 'Undefined varia...', 'C:\\xampp\\htdocs...', 17, Array)
#1 C:\xampp\htdocs\ci4\mygateway\system\View\View.php(210): include('C:\\xampp\\htdocs...')
#2 C:\xampp\htdocs\ci4\mygateway\system\View\View.php(213): CodeIgniter\View\View->CodeIgniter\View\{closure}()
#3 C:\xampp\htdocs\ci4\mygateway\system\Common.php(1089): CodeIgniter\View\View->render('admin/users/use...', Array, true)
#4 C:\xampp\htdocs\ci4\mygateway\app\Controllers\Admin.php(223): view('admin/users/use...', Array)
#5 C:\xampp\htdocs\ci4\mygateway\system\CodeIgniter.php(825): App\Controllers\Admin->user_groups()
#6 C:\xampp\htdocs\ci4\mygateway\system\CodeIgniter.php(412): CodeIgniter\CodeIgniter->runController(Object(App\Controllers\Admin))
#7 C:\xampp\htdocs\ci4\mygateway\system\CodeIgniter.php(320): CodeIgniter\CodeIgniter->handleRequest(NULL, Object(Config\Cache), false)
#8 C:\xampp\htdocs\ci4\mygateway\index.php(37): CodeIgniter\CodeIgniter->run()
#9 {main}
CRITICAL - 2022-12-29 04:10:14 --> Call to undefined function url()
#0 C:\xampp\htdocs\ci4\mygateway\system\View\View.php(210): include()
#1 C:\xampp\htdocs\ci4\mygateway\system\View\View.php(213): CodeIgniter\View\View->CodeIgniter\View\{closure}()
#2 C:\xampp\htdocs\ci4\mygateway\system\Common.php(1089): CodeIgniter\View\View->render('admin/users/use...', Array, true)
#3 C:\xampp\htdocs\ci4\mygateway\app\Controllers\Admin.php(223): view('admin/users/use...', Array)
#4 C:\xampp\htdocs\ci4\mygateway\system\CodeIgniter.php(825): App\Controllers\Admin->user_groups()
#5 C:\xampp\htdocs\ci4\mygateway\system\CodeIgniter.php(412): CodeIgniter\CodeIgniter->runController(Object(App\Controllers\Admin))
#6 C:\xampp\htdocs\ci4\mygateway\system\CodeIgniter.php(320): CodeIgniter\CodeIgniter->handleRequest(NULL, Object(Config\Cache), false)
#7 C:\xampp\htdocs\ci4\mygateway\index.php(37): CodeIgniter\CodeIgniter->run()
#8 {main}
CRITICAL - 2022-12-29 07:36:28 --> Trying to access array offset on value of type null
#0 C:\xampp\htdocs\ci4\mygateway\app\Views\admin\_layout\topbar.php(11): CodeIgniter\Debug\Exceptions->errorHandler(8, 'Trying to acces...', 'C:\\xampp\\htdocs...', 11, Array)
#1 C:\xampp\htdocs\ci4\mygateway\system\View\View.php(210): include('C:\\xampp\\htdocs...')
#2 C:\xampp\htdocs\ci4\mygateway\system\View\View.php(213): CodeIgniter\View\View->CodeIgniter\View\{closure}()
#3 C:\xampp\htdocs\ci4\mygateway\system\View\View.php(424): CodeIgniter\View\View->render('admin/_layout/t...', NULL, true)
#4 C:\xampp\htdocs\ci4\mygateway\app\Views\admin\_layout\master.php(23): CodeIgniter\View\View->include('admin/_layout/t...')
#5 C:\xampp\htdocs\ci4\mygateway\system\View\View.php(210): include('C:\\xampp\\htdocs...')
#6 C:\xampp\htdocs\ci4\mygateway\system\View\View.php(213): CodeIgniter\View\View->CodeIgniter\View\{closure}()
#7 C:\xampp\htdocs\ci4\mygateway\system\View\View.php(226): CodeIgniter\View\View->render('admin/_layout/m...', Array, true)
#8 C:\xampp\htdocs\ci4\mygateway\system\Common.php(1089): CodeIgniter\View\View->render('admin/users/use...', Array, true)
#9 C:\xampp\htdocs\ci4\mygateway\app\Controllers\Admin.php(223): view('admin/users/use...', Array)
#10 C:\xampp\htdocs\ci4\mygateway\system\CodeIgniter.php(825): App\Controllers\Admin->user_groups()
#11 C:\xampp\htdocs\ci4\mygateway\system\CodeIgniter.php(412): CodeIgniter\CodeIgniter->runController(Object(App\Controllers\Admin))
#12 C:\xampp\htdocs\ci4\mygateway\system\CodeIgniter.php(320): CodeIgniter\CodeIgniter->handleRequest(NULL, Object(Config\Cache), false)
#13 C:\xampp\htdocs\ci4\mygateway\index.php(37): CodeIgniter\CodeIgniter->run()
#14 {main}
