CRITICAL - 2023-03-06 10:07:36 --> Invalid file: admin/layout/topbar.php
#0 C:\xampp\htdocs\ci4\hubtech\system\View\View.php(198): CodeIgniter\Exceptions\FrameworkException::forInvalidFile('admin/layout/to...')
#1 C:\xampp\htdocs\ci4\hubtech\system\View\View.php(424): CodeIgniter\View\View->render('admin/layout/to...', NULL, true)
#2 C:\xampp\htdocs\ci4\hubtech\app\Views\admin\blogs\add_edit_blog.php(3): CodeIgniter\View\View->include('admin/layout/to...')
#3 C:\xampp\htdocs\ci4\hubtech\system\View\View.php(210): include('C:\\xampp\\htdocs...')
#4 C:\xampp\htdocs\ci4\hubtech\system\View\View.php(213): CodeIgniter\View\View->CodeIgniter\View\{closure}()
#5 C:\xampp\htdocs\ci4\hubtech\system\Common.php(1089): CodeIgniter\View\View->render('admin/blogs/add...', Array, true)
#6 C:\xampp\htdocs\ci4\hubtech\app\Controllers\Admin.php(511): view('admin/blogs/add...', Array)
#7 C:\xampp\htdocs\ci4\hubtech\system\CodeIgniter.php(825): App\Controllers\Admin->add_edit_blog()
#8 C:\xampp\htdocs\ci4\hubtech\system\CodeIgniter.php(412): CodeIgniter\CodeIgniter->runController(Object(App\Controllers\Admin))
#9 C:\xampp\htdocs\ci4\hubtech\system\CodeIgniter.php(320): CodeIgniter\CodeIgniter->handleRequest(NULL, Object(Config\Cache), false)
#10 C:\xampp\htdocs\ci4\hubtech\index.php(37): CodeIgniter\CodeIgniter->run()
#11 {main}
CRITICAL - 2023-03-06 08:36:09 --> Call to undefined function is_privilege()
#0 C:\xampp\htdocs\ci4\hubtech\system\View\View.php(210): include()
#1 C:\xampp\htdocs\ci4\hubtech\system\View\View.php(213): CodeIgniter\View\View->CodeIgniter\View\{closure}()
#2 C:\xampp\htdocs\ci4\hubtech\system\Common.php(1089): CodeIgniter\View\View->render('admin/auth-fail', Array, true)
#3 C:\xampp\htdocs\ci4\hubtech\app\Config\Routes.php(36): view('admin/auth-fail')
#4 C:\xampp\htdocs\ci4\hubtech\system\CodeIgniter.php(781): CodeIgniter\CodeIgniter->Config\{closure}()
#5 C:\xampp\htdocs\ci4\hubtech\system\CodeIgniter.php(399): CodeIgniter\CodeIgniter->startController()
#6 C:\xampp\htdocs\ci4\hubtech\system\CodeIgniter.php(320): CodeIgniter\CodeIgniter->handleRequest(NULL, Object(Config\Cache), false)
#7 C:\xampp\htdocs\ci4\hubtech\index.php(37): CodeIgniter\CodeIgniter->run()
#8 {main}
