CRITICAL - 2023-03-09 21:35:23 --> You must set the database table to be used with your query.
#0 C:\xampp\htdocs\ci4\hubtech\system\Model.php(545): CodeIgniter\Database\BaseConnection->table(NULL)
#1 C:\xampp\htdocs\ci4\hubtech\system\Model.php(722): CodeIgniter\Model->builder()
#2 C:\xampp\htdocs\ci4\hubtech\app\Controllers\Admin.php(520): CodeIgniter\Model->__call('get_faqs', Array)
#3 C:\xampp\htdocs\ci4\hubtech\system\CodeIgniter.php(825): App\Controllers\Admin->faq()
#4 C:\xampp\htdocs\ci4\hubtech\system\CodeIgniter.php(412): CodeIgniter\CodeIgniter->runController(Object(App\Controllers\Admin))
#5 C:\xampp\htdocs\ci4\hubtech\system\CodeIgniter.php(320): CodeIgniter\CodeIgniter->handleRequest(NULL, Object(Config\Cache), false)
#6 C:\xampp\htdocs\ci4\hubtech\index.php(37): CodeIgniter\CodeIgniter->run()
#7 {main}
CRITICAL - 2023-03-09 21:41:51 --> Undefined property: stdClass::$faqcat_name
#0 C:\xampp\htdocs\ci4\hubtech\app\Views\admin\faq\index.php(47): CodeIgniter\Debug\Exceptions->errorHandler(8, 'Undefined prope...', 'C:\\xampp\\htdocs...', 47, Array)
#1 C:\xampp\htdocs\ci4\hubtech\system\View\View.php(210): include('C:\\xampp\\htdocs...')
#2 C:\xampp\htdocs\ci4\hubtech\system\View\View.php(213): CodeIgniter\View\View->CodeIgniter\View\{closure}()
#3 C:\xampp\htdocs\ci4\hubtech\system\Common.php(1089): CodeIgniter\View\View->render('admin/faq/index', Array, true)
#4 C:\xampp\htdocs\ci4\hubtech\app\Controllers\Admin.php(521): view('admin/faq/index', Array)
#5 C:\xampp\htdocs\ci4\hubtech\system\CodeIgniter.php(825): App\Controllers\Admin->faq()
#6 C:\xampp\htdocs\ci4\hubtech\system\CodeIgniter.php(412): CodeIgniter\CodeIgniter->runController(Object(App\Controllers\Admin))
#7 C:\xampp\htdocs\ci4\hubtech\system\CodeIgniter.php(320): CodeIgniter\CodeIgniter->handleRequest(NULL, Object(Config\Cache), false)
#8 C:\xampp\htdocs\ci4\hubtech\index.php(37): CodeIgniter\CodeIgniter->run()
#9 {main}
CRITICAL - 2023-03-09 21:42:58 --> Undefined property: stdClass::$faqcat_name
#0 C:\xampp\htdocs\ci4\hubtech\app\Views\admin\faq\index.php(47): CodeIgniter\Debug\Exceptions->errorHandler(8, 'Undefined prope...', 'C:\\xampp\\htdocs...', 47, Array)
#1 C:\xampp\htdocs\ci4\hubtech\system\View\View.php(210): include('C:\\xampp\\htdocs...')
#2 C:\xampp\htdocs\ci4\hubtech\system\View\View.php(213): CodeIgniter\View\View->CodeIgniter\View\{closure}()
#3 C:\xampp\htdocs\ci4\hubtech\system\Common.php(1089): CodeIgniter\View\View->render('admin/faq/index', Array, true)
#4 C:\xampp\htdocs\ci4\hubtech\app\Controllers\Admin.php(521): view('admin/faq/index', Array)
#5 C:\xampp\htdocs\ci4\hubtech\system\CodeIgniter.php(825): App\Controllers\Admin->faq()
#6 C:\xampp\htdocs\ci4\hubtech\system\CodeIgniter.php(412): CodeIgniter\CodeIgniter->runController(Object(App\Controllers\Admin))
#7 C:\xampp\htdocs\ci4\hubtech\system\CodeIgniter.php(320): CodeIgniter\CodeIgniter->handleRequest(NULL, Object(Config\Cache), false)
#8 C:\xampp\htdocs\ci4\hubtech\index.php(37): CodeIgniter\CodeIgniter->run()
#9 {main}
CRITICAL - 2023-03-09 21:46:59 --> syntax error, unexpected 'else' (T_ELSE)
#0 C:\xampp\htdocs\ci4\hubtech\system\View\View.php(213): CodeIgniter\View\View->CodeIgniter\View\{closure}()
#1 C:\xampp\htdocs\ci4\hubtech\system\Common.php(1089): CodeIgniter\View\View->render('admin/faq/index', Array, true)
#2 C:\xampp\htdocs\ci4\hubtech\app\Controllers\Admin.php(521): view('admin/faq/index', Array)
#3 C:\xampp\htdocs\ci4\hubtech\system\CodeIgniter.php(825): App\Controllers\Admin->faq()
#4 C:\xampp\htdocs\ci4\hubtech\system\CodeIgniter.php(412): CodeIgniter\CodeIgniter->runController(Object(App\Controllers\Admin))
#5 C:\xampp\htdocs\ci4\hubtech\system\CodeIgniter.php(320): CodeIgniter\CodeIgniter->handleRequest(NULL, Object(Config\Cache), false)
#6 C:\xampp\htdocs\ci4\hubtech\index.php(37): CodeIgniter\CodeIgniter->run()
#7 {main}
